../Core/Src/main.c:99:6:HAL_GPIO_EXTI_Callback	32	static
../Core/Src/main.c:366:5:main	16	static
../Core/Src/main.c:538:6:SystemClock_Config	88	static
../Core/Src/main.c:586:13:MX_I2C1_Init	8	static
../Core/Src/main.c:620:13:MX_TIM3_Init	48	static
../Core/Src/main.c:667:13:MX_DMA_Init	16	static
../Core/Src/main.c:685:13:MX_GPIO_Init	48	static
../Core/Src/main.c:765:6:setSegment	24	static
../Core/Src/main.c:776:6:display0	24	static
../Core/Src/main.c:780:6:display1	24	static
../Core/Src/main.c:784:6:display2	24	static
../Core/Src/main.c:788:6:display3	24	static
../Core/Src/main.c:792:6:display4	24	static
../Core/Src/main.c:796:6:display5	24	static
../Core/Src/main.c:800:6:display6	24	static
../Core/Src/main.c:804:6:display7	24	static
../Core/Src/main.c:808:6:display8	24	static
../Core/Src/main.c:812:6:display9	24	static
../Core/Src/main.c:822:6:Error_Handler	4	static,ignoring_inline_asm
