Archive member included to satisfy reference by file (symbol)

D:/Programas/Nucleo/STM32CubeIDE/plugins/com.st.stm32cube.ide.mcu.externaltools.gnu-tools-for-stm32.12.3.rel1.win32_1.0.200.202406191623/tools/bin/../lib/gcc/arm-none-eabi/12.3.1/../../../../arm-none-eabi/lib/thumb/v7e-m+fp/hard\libc_nano.a(libc_a-exit.o)
                              D:/Programas/Nucleo/STM32CubeIDE/plugins/com.st.stm32cube.ide.mcu.externaltools.gnu-tools-for-stm32.12.3.rel1.win32_1.0.200.202406191623/tools/bin/../lib/gcc/arm-none-eabi/12.3.1/../../../../arm-none-eabi/lib/thumb/v7e-m+fp/hard/crt0.o (exit)
D:/Programas/Nucleo/STM32CubeIDE/plugins/com.st.stm32cube.ide.mcu.externaltools.gnu-tools-for-stm32.12.3.rel1.win32_1.0.200.202406191623/tools/bin/../lib/gcc/arm-none-eabi/12.3.1/../../../../arm-none-eabi/lib/thumb/v7e-m+fp/hard\libc_nano.a(libc_a-findfp.o)
                              D:/Programas/Nucleo/STM32CubeIDE/plugins/com.st.stm32cube.ide.mcu.externaltools.gnu-tools-for-stm32.12.3.rel1.win32_1.0.200.202406191623/tools/bin/../lib/gcc/arm-none-eabi/12.3.1/../../../../arm-none-eabi/lib/thumb/v7e-m+fp/hard\libc_nano.a(libc_a-exit.o) (__stdio_exit_handler)
D:/Programas/Nucleo/STM32CubeIDE/plugins/com.st.stm32cube.ide.mcu.externaltools.gnu-tools-for-stm32.12.3.rel1.win32_1.0.200.202406191623/tools/bin/../lib/gcc/arm-none-eabi/12.3.1/../../../../arm-none-eabi/lib/thumb/v7e-m+fp/hard\libc_nano.a(libc_a-fwalk.o)
                              D:/Programas/Nucleo/STM32CubeIDE/plugins/com.st.stm32cube.ide.mcu.externaltools.gnu-tools-for-stm32.12.3.rel1.win32_1.0.200.202406191623/tools/bin/../lib/gcc/arm-none-eabi/12.3.1/../../../../arm-none-eabi/lib/thumb/v7e-m+fp/hard\libc_nano.a(libc_a-findfp.o) (_fwalk_sglue)
D:/Programas/Nucleo/STM32CubeIDE/plugins/com.st.stm32cube.ide.mcu.externaltools.gnu-tools-for-stm32.12.3.rel1.win32_1.0.200.202406191623/tools/bin/../lib/gcc/arm-none-eabi/12.3.1/../../../../arm-none-eabi/lib/thumb/v7e-m+fp/hard\libc_nano.a(libc_a-stdio.o)
                              D:/Programas/Nucleo/STM32CubeIDE/plugins/com.st.stm32cube.ide.mcu.externaltools.gnu-tools-for-stm32.12.3.rel1.win32_1.0.200.202406191623/tools/bin/../lib/gcc/arm-none-eabi/12.3.1/../../../../arm-none-eabi/lib/thumb/v7e-m+fp/hard\libc_nano.a(libc_a-findfp.o) (__sread)
D:/Programas/Nucleo/STM32CubeIDE/plugins/com.st.stm32cube.ide.mcu.externaltools.gnu-tools-for-stm32.12.3.rel1.win32_1.0.200.202406191623/tools/bin/../lib/gcc/arm-none-eabi/12.3.1/../../../../arm-none-eabi/lib/thumb/v7e-m+fp/hard\libc_nano.a(libc_a-memset.o)
                              D:/Programas/Nucleo/STM32CubeIDE/plugins/com.st.stm32cube.ide.mcu.externaltools.gnu-tools-for-stm32.12.3.rel1.win32_1.0.200.202406191623/tools/bin/../lib/gcc/arm-none-eabi/12.3.1/../../../../arm-none-eabi/lib/thumb/v7e-m+fp/hard/crt0.o (memset)
D:/Programas/Nucleo/STM32CubeIDE/plugins/com.st.stm32cube.ide.mcu.externaltools.gnu-tools-for-stm32.12.3.rel1.win32_1.0.200.202406191623/tools/bin/../lib/gcc/arm-none-eabi/12.3.1/../../../../arm-none-eabi/lib/thumb/v7e-m+fp/hard\libc_nano.a(libc_a-closer.o)
                              D:/Programas/Nucleo/STM32CubeIDE/plugins/com.st.stm32cube.ide.mcu.externaltools.gnu-tools-for-stm32.12.3.rel1.win32_1.0.200.202406191623/tools/bin/../lib/gcc/arm-none-eabi/12.3.1/../../../../arm-none-eabi/lib/thumb/v7e-m+fp/hard\libc_nano.a(libc_a-stdio.o) (_close_r)
D:/Programas/Nucleo/STM32CubeIDE/plugins/com.st.stm32cube.ide.mcu.externaltools.gnu-tools-for-stm32.12.3.rel1.win32_1.0.200.202406191623/tools/bin/../lib/gcc/arm-none-eabi/12.3.1/../../../../arm-none-eabi/lib/thumb/v7e-m+fp/hard\libc_nano.a(libc_a-reent.o)
                              D:/Programas/Nucleo/STM32CubeIDE/plugins/com.st.stm32cube.ide.mcu.externaltools.gnu-tools-for-stm32.12.3.rel1.win32_1.0.200.202406191623/tools/bin/../lib/gcc/arm-none-eabi/12.3.1/../../../../arm-none-eabi/lib/thumb/v7e-m+fp/hard\libc_nano.a(libc_a-closer.o) (errno)
D:/Programas/Nucleo/STM32CubeIDE/plugins/com.st.stm32cube.ide.mcu.externaltools.gnu-tools-for-stm32.12.3.rel1.win32_1.0.200.202406191623/tools/bin/../lib/gcc/arm-none-eabi/12.3.1/../../../../arm-none-eabi/lib/thumb/v7e-m+fp/hard\libc_nano.a(libc_a-impure.o)
                              D:/Programas/Nucleo/STM32CubeIDE/plugins/com.st.stm32cube.ide.mcu.externaltools.gnu-tools-for-stm32.12.3.rel1.win32_1.0.200.202406191623/tools/bin/../lib/gcc/arm-none-eabi/12.3.1/../../../../arm-none-eabi/lib/thumb/v7e-m+fp/hard\libc_nano.a(libc_a-reent.o) (_impure_ptr)
D:/Programas/Nucleo/STM32CubeIDE/plugins/com.st.stm32cube.ide.mcu.externaltools.gnu-tools-for-stm32.12.3.rel1.win32_1.0.200.202406191623/tools/bin/../lib/gcc/arm-none-eabi/12.3.1/../../../../arm-none-eabi/lib/thumb/v7e-m+fp/hard\libc_nano.a(libc_a-lseekr.o)
[...]
Memory Configuration

Name             Origin             Length             Attributes
RAM              0x20000000         0x00020000         xrw
FLASH            0x08000000         0x00080000         xr
*default*        0x00000000         0xffffffff

Linker script and memory map

LOAD D:/Programas/Nucleo/STM32CubeIDE/plugins/com.st.stm32cube.ide.mcu.externaltools.gnu-tools-for-stm32.12.3.rel1.win32_1.0.200.202406191623/tools/bin/../lib/gcc/arm-none-eabi/12.3.1/thumb/v7e-m+fp/hard/crti.o
LOAD D:/Programas/Nucleo/STM32CubeIDE/plugins/com.st.stm32cube.ide.mcu.externaltools.gnu-tools-for-stm32.12.3.rel1.win32_1.0.200.202406191623/tools/bin/../lib/gcc/arm-none-eabi/12.3.1/thumb/v7e-m+fp/hard/crtbegin.o
LOAD D:/Programas/Nucleo/STM32CubeIDE/plugins/com.st.stm32cube.ide.mcu.externaltools.gnu-tools-for-stm32.12.3.rel1.win32_1.0.200.202406191623/tools/bin/../lib/gcc/arm-none-eabi/12.3.1/../../../../arm-none-eabi/lib/thumb/v7e-m+fp/hard/crt0.o
LOAD ./Core/Src/bitmaps.o
LOAD ./Core/Src/fonts.o
LOAD ./Core/Src/main.o
LOAD ./Core/Src/stm32f4xx_hal_msp.o
LOAD ./Core/Src/stm32f4xx_it.o
LOAD ./Core/Src/syscalls.o
LOAD ./Core/Src/sysmem.o
LOAD ./Core/Src/system_stm32f4xx.o
LOAD ./Core/Src/tft.o
LOAD ./Core/Startup/startup_stm32f446retx.o
LOAD ./Drivers/STM32F4xx_HAL_Driver/Src/stm32f4xx_hal.o
LOAD ./Drivers/STM32F4xx_HAL_Driver/Src/stm32f4xx_hal_cortex.o
LOAD ./Drivers/STM32F4xx_HAL_Driver/Src/stm32f4xx_hal_dma.o
LOAD ./Drivers/STM32F4xx_HAL_Driver/Src/stm32f4xx_hal_dma_ex.o
LOAD ./Drivers/STM32F4xx_HAL_Driver/Src/stm32f4xx_hal_exti.o
LOAD ./Drivers/STM32F4xx_HAL_Driver/Src/stm32f4xx_hal_flash.o
LOAD ./Drivers/STM32F4xx_HAL_Driver/Src/stm32f4xx_hal_flash_ex.o
LOAD ./Drivers/STM32F4xx_HAL_Driver/Src/stm32f4xx_hal_flash_ramfunc.o
LOAD ./Drivers/STM32F4xx_HAL_Driver/Src/stm32f4xx_hal_gpio.o
LOAD ./Drivers/STM32F4xx_HAL_Driver/Src/stm32f4xx_hal_pwr.o
LOAD ./Drivers/STM32F4xx_HAL_Driver/Src/stm32f4xx_hal_pwr_ex.o
LOAD ./Drivers/STM32F4xx_HAL_Driver/Src/stm32f4xx_hal_rcc.o
LOAD ./Drivers/STM32F4xx_HAL_Driver/Src/stm32f4xx_hal_rcc_ex.o
LOAD ./Drivers/STM32F4xx_HAL_Driver/Src/stm32f4xx_hal_tim.o
LOAD ./Drivers/STM32F4xx_HAL_Driver/Src/stm32f4xx_hal_tim_ex.o
LOAD ./Drivers/STM32F4xx_HAL_Driver/Src/stm32f4xx_hal_uart.o
START GROUP
LOAD D:/Programas/Nucleo/STM32CubeIDE/plugins/com.st.stm32cube.ide.mcu.externaltools.gnu-tools-for-stm32.12.3.rel1.win32_1.0.200.202406191623/tools/bin/../lib/gcc/arm-none-eabi/12.3.1/../../../../arm-none-eabi/lib/thumb/v7e-m+fp/hard\libc_nano.a
LOAD D:/Programas/Nucleo/STM32CubeIDE/plugins/com.st.stm32cube.ide.mcu.externaltools.gnu-tools-for-stm32.12.3.rel1.win32_1.0.200.202406191623/tools/bin/../lib/gcc/arm-none-eabi/12.3.1/../../../../arm-none-eabi/lib/thumb/v7e-m+fp/hard\libm.a
END GROUP
START GROUP
LOAD D:/Programas/Nucleo/STM32CubeIDE/plugins/com.st.stm32cube.ide.mcu.externaltools.gnu-tools-for-stm32.12.3.rel1.win32_1.0.200.202406191623/tools/bin/../lib/gcc/arm-none-eabi/12.3.1/thumb/v7e-m+fp/hard\libgcc.a
LOAD D:/Programas/Nucleo/STM32CubeIDE/plugins/com.st.stm32cube.ide.mcu.externaltools.gnu-tools-for-stm32.12.3.rel1.win32_1.0.200.202406191623/tools/bin/../lib/gcc/arm-none-eabi/12.3.1/../../../../arm-none-eabi/lib/thumb/v7e-m+fp/hard\libc_nano.a
END GROUP
START GROUP
LOAD D:/Programas/Nucleo/STM32CubeIDE/plugins/com.st.stm32cube.ide.mcu.externaltools.gnu-tools-for-stm32.12.3.rel1.win32_1.0.200.202406191623/tools/bin/../lib/gcc/arm-none-eabi/12.3.1/thumb/v7e-m+fp/hard\libgcc.a
LOAD D:/Programas/Nucleo/STM32CubeIDE/plugins/com.st.stm32cube.ide.mcu.externaltools.gnu-tools-for-stm32.12.3.rel1.win32_1.0.200.202406191623/tools/bin/../lib/gcc/arm-none-eabi/12.3.1/../../../../arm-none-eabi/lib/thumb/v7e-m+fp/hard\libc_nano.a
LOAD D:/Programas/Nucleo/STM32CubeIDE/plugins/com.st.stm32cube.ide.mcu.externaltools.gnu-tools-for-stm32.12.3.rel1.win32_1.0.200.202406191623/tools/bin/../lib/gcc/arm-none-eabi/12.3.1/../../../../arm-none-eabi/lib/thumb/v7e-m+fp/hard\libnosys.a
END GROUP
START GROUP
LOAD D:/Programas/Nucleo/STM32CubeIDE/plugins/com.st.stm32cube.ide.mcu.externaltools.gnu-tools-for-stm32.12.3.rel1.win32_1.0.200.202406191623/tools/bin/../lib/gcc/arm-none-eabi/12.3.1/thumb/v7e-m+fp/hard\libgcc.a
LOAD D:/Programas/Nucleo/STM32CubeIDE/plugins/com.st.stm32cube.ide.mcu.externaltools.gnu-tools-for-stm32.12.3.rel1.win32_1.0.200.202406191623/tools/bin/../lib/gcc/arm-none-eabi/12.3.1/../../../../arm-none-eabi/lib/thumb/v7e-m+fp/hard\libc_nano.a
LOAD D:/Programas/Nucleo/STM32CubeIDE/plugins/com.st.stm32cube.ide.mcu.externaltools.gnu-tools-for-stm32.12.3.rel1.win32_1.0.200.202406191623/tools/bin/../lib/gcc/arm-none-eabi/12.3.1/../../../../arm-none-eabi/lib/thumb/v7e-m+fp/hard\libnosys.a
END GROUP
LOAD D:/Programas/Nucleo/STM32CubeIDE/plugins/com.st.stm32cube.ide.mcu.externaltools.gnu-tools-for-stm32.12.3.rel1.win32_1.0.200.202406191623/tools/bin/../lib/gcc/arm-none-eabi/12.3.1/thumb/v7e-m+fp/hard/crtend.o
LOAD D:/Programas/Nucleo/STM32CubeIDE/plugins/com.st.stm32cube.ide.mcu.externaltools.gnu-tools-for-stm32.12.3.rel1.win32_1.0.200.202406191623/tools/bin/../lib/gcc/arm-none-eabi/12.3.1/thumb/v7e-m+fp/hard/crtn.o
                0x20020000                        _estack = (ORIGIN (RAM) + LENGTH (RAM))
                0x00000200                        _Min_Heap_Size = 0x200
                0x00000400                        _Min_Stack_Size = 0x400

.isr_vector     0x08000000      0x1c4
                0x08000000                        . = ALIGN (0x4)
 *(.isr_vector)
 .isr_vector    0x08000000      0x1c4 ./Core/Startup/startup_stm32f446retx.o
                0x08000000                g_pfnVectors
                0x080001c4                        . = ALIGN (0x4)

.text           0x080001c4     0x7220
                0x080001c4                        . = ALIGN (0x4)
 *(.text)
 .text          0x080001c4       0x40 D:/Programas/Nucleo/STM32CubeIDE/plugins/com.st.stm32cube.ide.mcu.externaltools.gnu-tools-for-stm32.12.3.rel1.win32_1.0.200.202406191623/tools/bin/../lib/gcc/arm-none-eabi/12.3.1/thumb/v7e-m+fp/hard/crtbegin.o
 .text          0x08000204       0x30 D:/Programas/Nucleo/STM32CubeIDE/plugins/com.st.stm32cube.ide.mcu.externaltools.gnu-tools-for-stm32.12.3.rel1.win32_1.0.200.202406191623/tools/bin/../lib/gcc/arm-none-eabi/12.3.1/thumb/v7e-m+fp/hard\libgcc.a(_aeabi_uldivmod.o)
                0x08000204                __aeabi_uldivmod
 .text          0x08000234      0x2bc D:/Programas/Nucleo/STM32CubeIDE/plugins/com.st.stm32cube.ide.mcu.externaltools.gnu-tools-for-stm32.12.3.rel1.win32_1.0.200.202406191623/tools/bin/../lib/gcc/arm-none-eabi/12.3.1/thumb/v7e-m+fp/hard\libgcc.a(_udivmoddi4.o)
                0x08000234                __udivmoddi4
 .text          0x080004f0        0x4 D:/Programas/Nucleo/STM32CubeIDE/plugins/com.st.stm32cube.ide.mcu.externaltools.gnu-tools-for-stm32.12.3.rel1.win32_1.0.200.202406191623/tools/bin/../lib/gcc/arm-none-eabi/12.3.1/thumb/v7e-m+fp/hard\libgcc.a(_dvmd_tls.o)
                0x080004f0                __aeabi_idiv0
                0x080004f0                __aeabi_ldiv0
 *(.text*)
 .text.delay    0x080004f4       0x30 ./Core/Src/main.o
                0x080004f4                delay
 .text.main     0x08000524       0x84 ./Core/Src/main.o
                0x08000524                main
 .text.SystemClock_Config
                0x080005a8       0xd8 ./Core/Src/main.o
                0x080005a8                SystemClock_Config
 .text.MX_TIM1_Init
                0x08000680       0xa0 ./Core/Src/main.o
 .text.MX_UART5_Init
                0x08000720       0x54 ./Core/Src/main.o
 .text.MX_USART2_UART_Init
                0x08000774       0x54 ./Core/Src/main.o
 .text.MX_GPIO_Init
                0x080007c8      0x134 ./Core/Src/main.o
 .text.State_Dis
                0x080008fc       0x38 ./Core/Src/main.o
                0x080008fc                State_Dis
 .text.State_Cars
                0x08000934      0x714 ./Core/Src/main.o
                0x08000934                State_Cars
 .text.HAL_UART_RxCpltCallback
                0x08001048       0x4c ./Core/Src/main.o
                0x08001048                HAL_UART_RxCpltCallback
 .text.Error_Handler
                0x08001094        0xc ./Core/Src/main.o
                0x08001094                Error_Handler
 .text.HAL_MspInit
                0x080010a0       0x50 ./Core/Src/stm32f4xx_hal_msp.o
                0x080010a0                HAL_MspInit
 .text.HAL_TIM_Base_MspInit
                0x080010f0       0x44 ./Core/Src/stm32f4xx_hal_msp.o
                0x080010f0                HAL_TIM_Base_MspInit
 .text.HAL_UART_MspInit
                0x08001134      0x14c ./Core/Src/stm32f4xx_hal_msp.o
                0x08001134                HAL_UART_MspInit
 .text.NMI_Handler
                0x08001280        0x8 ./Core/Src/stm32f4xx_it.o
                0x08001280                NMI_Handler
 .text.HardFault_Handler
                0x08001288        0x8 ./Core/Src/stm32f4xx_it.o
                0x08001288                HardFault_Handler
 .text.MemManage_Handler
                0x08001290        0x8 ./Core/Src/stm32f4xx_it.o
                0x08001290                MemManage_Handler
 .text.BusFault_Handler
                0x08001298        0x8 ./Core/Src/stm32f4xx_it.o
                0x08001298                BusFault_Handler
 .text.UsageFault_Handler
                0x080012a0        0x8 ./Core/Src/stm32f4xx_it.o
                0x080012a0                UsageFault_Handler
 .text.SVC_Handler
                0x080012a8        0xe ./Core/Src/stm32f4xx_it.o
                0x080012a8                SVC_Handler
 .text.DebugMon_Handler
                0x080012b6        0xe ./Core/Src/stm32f4xx_it.o
                0x080012b6                DebugMon_Handler
 .text.PendSV_Handler
                0x080012c4        0xe ./Core/Src/stm32f4xx_it.o
                0x080012c4                PendSV_Handler
 .text.SysTick_Handler
                0x080012d2        0xc ./Core/Src/stm32f4xx_it.o
                0x080012d2                SysTick_Handler
 *fill*         0x080012de        0x2 
 .text.UART5_IRQHandler
                0x080012e0       0x14 ./Core/Src/stm32f4xx_it.o
                0x080012e0                UART5_IRQHandler
 .text.SystemInit
                0x080012f4       0x24 ./Core/Src/system_stm32f4xx.o
                0x080012f4                SystemInit
 .text.PIN_LOW  0x08001318       0x20 ./Core/Src/tft.o
                0x08001318                PIN_LOW
 .text.PIN_HIGH
                0x08001338       0x20 ./Core/Src/tft.o
                0x08001338                PIN_HIGH
 .text.PIN_INPUT
                0x08001358       0x2c ./Core/Src/tft.o
                0x08001358                PIN_INPUT
 .text.PIN_OUTPUT
                0x08001384       0x30 ./Core/Src/tft.o
                0x08001384                PIN_OUTPUT
 .text.width    0x080013b4       0x18 ./Core/Src/tft.o
                0x080013b4                width
 .text.height   0x080013cc       0x18 ./Core/Src/tft.o
                0x080013cc                height
 .text.color565_to_555
                0x080013e4       0x40 ./Core/Src/tft.o
 .text.color555_to_565
                0x08001424       0x42 ./Core/Src/tft.o
 .text.color565_to_r
                0x08001466       0x22 ./Core/Src/tft.o
 .text.color565_to_g
                0x08001488       0x22 ./Core/Src/tft.o
 .text.color565_to_b
                0x080014aa       0x1c ./Core/Src/tft.o
 .text.color565
                0x080014c6       0x4c ./Core/Src/tft.o
                0x080014c6                color565
 .text.readPixel
                0x08001512       0x30 ./Core/Src/tft.o
                0x08001512                readPixel
 .text.WriteCmdData
                0x08001542       0x24 ./Core/Src/tft.o
                0x08001542                WriteCmdData
 .text.pushCommand
                0x08001566       0x26 ./Core/Src/tft.o
                0x08001566                pushCommand
 .text.setReadDir
                0x0800158c       0x5c ./Core/Src/tft.o
                0x0800158c                setReadDir
 .text.setWriteDir
                0x080015e8       0x5c ./Core/Src/tft.o
                0x080015e8                setWriteDir
 .text.write24  0x08001644      0x1d0 ./Core/Src/tft.o
 .text.writecmddata
                0x08001814      0x26c ./Core/Src/tft.o
 .text.WriteCmdParamN
                0x08001a80      0x34c ./Core/Src/tft.o
 .text.WriteCmdParam4
                0x08001dcc       0x48 ./Core/Src/tft.o
 .text.init_table
                0x08001e14       0xb2 ./Core/Src/tft.o
 .text.init_table16
                0x08001ec6       0x60 ./Core/Src/tft.o
 *fill*         0x08001f26        0x2 
 .text.reset    0x08001f28       0x94 ./Core/Src/tft.o
                0x08001f28                reset
 .text.read16bits
                0x08001fbc      0x1b4 ./Core/Src/tft.o
 .text.readReg  0x08002170      0x198 ./Core/Src/tft.o
                0x08002170                readReg
 .text.readReg32
                0x08002308       0x36 ./Core/Src/tft.o
                0x08002308                readReg32
 .text.readReg40
                0x0800233e       0x4e ./Core/Src/tft.o
                0x0800233e                readReg40
 .text.tft_init
                0x0800238c      0x740 ./Core/Src/tft.o
                0x0800238c                tft_init
 .text.readID   0x08002acc      0x280 ./Core/Src/tft.o
                0x08002acc                readID
 .text.readGRAM
                0x08002d4c      0xad4 ./Core/Src/tft.o
                0x08002d4c                readGRAM
 .text.setRotation
                0x08003820      0x510 ./Core/Src/tft.o
                0x08003820                setRotation
 .text.drawPixel
                0x08003d30      0x1ec ./Core/Src/tft.o
                0x08003d30                drawPixel
 .text.setAddrWindow
                0x08003f1c      0x248 ./Core/Src/tft.o
                0x08003f1c                setAddrWindow
 .text.vertScroll
                0x08004164      0x24c ./Core/Src/tft.o
                0x08004164                vertScroll
 .text.fillScreen
                0x080043b0       0x34 ./Core/Src/tft.o
                0x080043b0                fillScreen
 .text.invertDisplay
                0x080043e4      0x14c ./Core/Src/tft.o
                0x080043e4                invertDisplay
 .text.fillRect
                0x08004530      0x408 ./Core/Src/tft.o
                0x08004530                fillRect
 .text.drawRGBBitmapFast
                0x08004938       0xda ./Core/Src/tft.o
                0x08004938                drawRGBBitmapFast
 *fill*         0x08004a12        0x2 
 .text.Reset_Handler
                0x08004a14       0x50 ./Core/Startup/startup_stm32f446retx.o
                0x08004a14                Reset_Handler
 .text.Default_Handler
                0x08004a64        0x2 ./Core/Startup/startup_stm32f446retx.o
                0x08004a64                RTC_Alarm_IRQHandler
                0x08004a64                EXTI2_IRQHandler
                0x08004a64                TIM8_CC_IRQHandler
                0x08004a64                FMPI2C1_EV_IRQHandler
                0x08004a64                SPI4_IRQHandler
                0x08004a64                TIM1_CC_IRQHandler
                0x08004a64                DMA2_Stream5_IRQHandler
                0x08004a64                DMA1_Stream5_IRQHandler
                0x08004a64                PVD_IRQHandler
                0x08004a64                SDIO_IRQHandler
                0x08004a64                TAMP_STAMP_IRQHandler
                0x08004a64                CAN2_RX1_IRQHandler
                0x08004a64                EXTI3_IRQHandler
                0x08004a64                TIM8_TRG_COM_TIM14_IRQHandler
                0x08004a64                TIM1_UP_TIM10_IRQHandler
                0x08004a64                TIM8_UP_TIM13_IRQHandler
                0x08004a64                I2C3_ER_IRQHandler
                0x08004a64                EXTI0_IRQHandler
                0x08004a64                I2C2_EV_IRQHandler
                0x08004a64                DMA1_Stream2_IRQHandler
                0x08004a64                CAN1_RX0_IRQHandler
                0x08004a64                FPU_IRQHandler
                0x08004a64                OTG_HS_WKUP_IRQHandler
                0x08004a64                CAN2_SCE_IRQHandler
                0x08004a64                DMA2_Stream2_IRQHandler
                0x08004a64                SPI1_IRQHandler
                0x08004a64                TIM6_DAC_IRQHandler
                0x08004a64                TIM1_BRK_TIM9_IRQHandler
                0x08004a64                DCMI_IRQHandler
                0x08004a64                CAN2_RX0_IRQHandler
                0x08004a64                DMA2_Stream3_IRQHandler
                0x08004a64                SAI2_IRQHandler
                0x08004a64                USART6_IRQHandler
                0x08004a64                USART3_IRQHandler
                0x08004a64                CAN1_RX1_IRQHandler
                0x08004a64                DMA2_Stream0_IRQHandler
                0x08004a64                TIM4_IRQHandler
                0x08004a64                QUADSPI_IRQHandler
                0x08004a64                I2C1_EV_IRQHandler
                0x08004a64                DMA1_Stream6_IRQHandler
                0x08004a64                DMA1_Stream1_IRQHandler
                0x08004a64                UART4_IRQHandler
                0x08004a64                TIM3_IRQHandler
                0x08004a64                RCC_IRQHandler
                0x08004a64                TIM8_BRK_TIM12_IRQHandler
                0x08004a64                Default_Handler
                0x08004a64                CEC_IRQHandler
                0x08004a64                EXTI15_10_IRQHandler
                0x08004a64                ADC_IRQHandler
                0x08004a64                DMA1_Stream7_IRQHandler
                0x08004a64                TIM7_IRQHandler
                0x08004a64                CAN2_TX_IRQHandler
                0x08004a64                TIM5_IRQHandler
                0x08004a64                DMA2_Stream7_IRQHandler
                0x08004a64                I2C3_EV_IRQHandler
                0x08004a64                EXTI9_5_IRQHandler
                0x08004a64                RTC_WKUP_IRQHandler
                0x08004a64                SPDIF_RX_IRQHandler
                0x08004a64                SPI2_IRQHandler
                0x08004a64                OTG_HS_EP1_IN_IRQHandler
                0x08004a64                DMA1_Stream0_IRQHandler
                0x08004a64                CAN1_TX_IRQHandler
                0x08004a64                FMPI2C1_ER_IRQHandler
                0x08004a64                EXTI4_IRQHandler
                0x08004a64                OTG_HS_EP1_OUT_IRQHandler
                0x08004a64                WWDG_IRQHandler
                0x08004a64                TIM2_IRQHandler
                0x08004a64                OTG_FS_WKUP_IRQHandler
                0x08004a64                TIM1_TRG_COM_TIM11_IRQHandler
                0x08004a64                OTG_HS_IRQHandler
                0x08004a64                EXTI1_IRQHandler
                0x08004a64                USART2_IRQHandler
                0x08004a64                I2C2_ER_IRQHandler
                0x08004a64                DMA2_Stream1_IRQHandler
                0x08004a64                CAN1_SCE_IRQHandler
                0x08004a64                FLASH_IRQHandler
                0x08004a64                DMA2_Stream4_IRQHandler
                0x08004a64                USART1_IRQHandler
                0x08004a64                OTG_FS_IRQHandler
                0x08004a64                SPI3_IRQHandler
                0x08004a64                DMA1_Stream4_IRQHandler
                0x08004a64                I2C1_ER_IRQHandler
                0x08004a64                FMC_IRQHandler
                0x08004a64                DMA2_Stream6_IRQHandler
                0x08004a64                SAI1_IRQHandler
                0x08004a64                DMA1_Stream3_IRQHandler
 *fill*         0x08004a66        0x2 
 .text.HAL_Init
                0x08004a68       0x44 ./Drivers/STM32F4xx_HAL_Driver/Src/stm32f4xx_hal.o
                0x08004a68                HAL_Init
 .text.HAL_InitTick
                0x08004aac       0x60 ./Drivers/STM32F4xx_HAL_Driver/Src/stm32f4xx_hal.o
                0x08004aac                HAL_InitTick
 .text.HAL_IncTick
                0x08004b0c       0x28 ./Drivers/STM32F4xx_HAL_Driver/Src/stm32f4xx_hal.o
                0x08004b0c                HAL_IncTick
 .text.HAL_GetTick
                0x08004b34       0x18 ./Drivers/STM32F4xx_HAL_Driver/Src/stm32f4xx_hal.o
                0x08004b34                HAL_GetTick
 .text.HAL_Delay
                0x08004b4c       0x48 ./Drivers/STM32F4xx_HAL_Driver/Src/stm32f4xx_hal.o
                0x08004b4c                HAL_Delay
 .text.__NVIC_SetPriorityGrouping
                0x08004b94       0x48 ./Drivers/STM32F4xx_HAL_Driver/Src/stm32f4xx_hal_cortex.o
 .text.__NVIC_GetPriorityGrouping
                0x08004bdc       0x1c ./Drivers/STM32F4xx_HAL_Driver/Src/stm32f4xx_hal_cortex.o
 .text.__NVIC_EnableIRQ
                0x08004bf8       0x3c ./Drivers/STM32F4xx_HAL_Driver/Src/stm32f4xx_hal_cortex.o
 .text.__NVIC_SetPriority
                0x08004c34       0x54 ./Drivers/STM32F4xx_HAL_Driver/Src/stm32f4xx_hal_cortex.o
 .text.NVIC_EncodePriority
                0x08004c88       0x66 ./Drivers/STM32F4xx_HAL_Driver/Src/stm32f4xx_hal_cortex.o
 *fill*         0x08004cee        0x2 
 .text.SysTick_Config
                0x08004cf0       0x44 ./Drivers/STM32F4xx_HAL_Driver/Src/stm32f4xx_hal_cortex.o
 .text.HAL_NVIC_SetPriorityGrouping
                0x08004d34       0x16 ./Drivers/STM32F4xx_HAL_Driver/Src/stm32f4xx_hal_cortex.o
                0x08004d34                HAL_NVIC_SetPriorityGrouping
 .text.HAL_NVIC_SetPriority
                0x08004d4a       0x38 ./Drivers/STM32F4xx_HAL_Driver/Src/stm32f4xx_hal_cortex.o
                0x08004d4a                HAL_NVIC_SetPriority
 .text.HAL_NVIC_EnableIRQ
                0x08004d82       0x1c ./Drivers/STM32F4xx_HAL_Driver/Src/stm32f4xx_hal_cortex.o
                0x08004d82                HAL_NVIC_EnableIRQ
 .text.HAL_SYSTICK_Config
                0x08004d9e       0x18 ./Drivers/STM32F4xx_HAL_Driver/Src/stm32f4xx_hal_cortex.o
                0x08004d9e                HAL_SYSTICK_Config
 .text.HAL_DMA_Abort
                0x08004db6       0xe0 ./Drivers/STM32F4xx_HAL_Driver/Src/stm32f4xx_hal_dma.o
                0x08004db6                HAL_DMA_Abort
 .text.HAL_DMA_Abort_IT
                0x08004e96       0x44 ./Drivers/STM32F4xx_HAL_Driver/Src/stm32f4xx_hal_dma.o
                0x08004e96                HAL_DMA_Abort_IT
 *fill*         0x08004eda        0x2 
 .text.HAL_GPIO_Init
                0x08004edc      0x328 ./Drivers/STM32F4xx_HAL_Driver/Src/stm32f4xx_hal_gpio.o
                0x08004edc                HAL_GPIO_Init
 .text.HAL_GPIO_WritePin
                0x08005204       0x32 ./Drivers/STM32F4xx_HAL_Driver/Src/stm32f4xx_hal_gpio.o
                0x08005204                HAL_GPIO_WritePin
 *fill*         0x08005236        0x2 
 .text.HAL_RCC_ClockConfig
                0x08005238      0x1cc ./Drivers/STM32F4xx_HAL_Driver/Src/stm32f4xx_hal_rcc.o
                0x08005238                HAL_RCC_ClockConfig
 .text.HAL_RCC_GetHCLKFreq
                0x08005404       0x18 ./Drivers/STM32F4xx_HAL_Driver/Src/stm32f4xx_hal_rcc.o
                0x08005404                HAL_RCC_GetHCLKFreq
 .text.HAL_RCC_GetPCLK1Freq
                0x0800541c       0x28 ./Drivers/STM32F4xx_HAL_Driver/Src/stm32f4xx_hal_rcc.o
                0x0800541c                HAL_RCC_GetPCLK1Freq
 .text.HAL_RCC_GetPCLK2Freq
                0x08005444       0x28 ./Drivers/STM32F4xx_HAL_Driver/Src/stm32f4xx_hal_rcc.o
                0x08005444                HAL_RCC_GetPCLK2Freq
 .text.HAL_RCC_GetSysClockFreq
                0x0800546c      0x460 ./Drivers/STM32F4xx_HAL_Driver/Src/stm32f4xx_hal_rcc_ex.o
                0x0800546c                HAL_RCC_GetSysClockFreq
 .text.HAL_RCC_OscConfig
                0x080058cc      0x53c ./Drivers/STM32F4xx_HAL_Driver/Src/stm32f4xx_hal_rcc_ex.o
                0x080058cc                HAL_RCC_OscConfig
 .text.HAL_TIM_Base_Init
                0x08005e08       0x9e ./Drivers/STM32F4xx_HAL_Driver/Src/stm32f4xx_hal_tim.o
                0x08005e08                HAL_TIM_Base_Init
 *fill*         0x08005ea6        0x2 
 .text.HAL_TIM_Base_Start
                0x08005ea8       0xd0 ./Drivers/STM32F4xx_HAL_Driver/Src/stm32f4xx_hal_tim.o
                0x08005ea8                HAL_TIM_Base_Start
 .text.HAL_TIM_ConfigClockSource
                0x08005f78      0x18e ./Drivers/STM32F4xx_HAL_Driver/Src/stm32f4xx_hal_tim.o
                0x08005f78                HAL_TIM_ConfigClockSource
 *fill*         0x08006106        0x2 
 .text.TIM_Base_SetConfig
                0x08006108      0x158 ./Drivers/STM32F4xx_HAL_Driver/Src/stm32f4xx_hal_tim.o
                0x08006108                TIM_Base_SetConfig
 .text.TIM_TI1_ConfigInputStage
                0x08006260       0x5e ./Drivers/STM32F4xx_HAL_Driver/Src/stm32f4xx_hal_tim.o
 .text.TIM_TI2_ConfigInputStage
                0x080062be       0x60 ./Drivers/STM32F4xx_HAL_Driver/Src/stm32f4xx_hal_tim.o
 .text.TIM_ITRx_SetConfig
                0x0800631e       0x36 ./Drivers/STM32F4xx_HAL_Driver/Src/stm32f4xx_hal_tim.o
 .text.TIM_ETR_SetConfig
                0x08006354       0x40 ./Drivers/STM32F4xx_HAL_Driver/Src/stm32f4xx_hal_tim.o
                0x08006354                TIM_ETR_SetConfig
 .text.HAL_TIMEx_MasterConfigSynchronization
                0x08006394       0xf8 ./Drivers/STM32F4xx_HAL_Driver/Src/stm32f4xx_hal_tim_ex.o
                0x08006394                HAL_TIMEx_MasterConfigSynchronization
 .text.HAL_UART_Init
                0x0800648c       0xa0 ./Drivers/STM32F4xx_HAL_Driver/Src/stm32f4xx_hal_uart.o
                0x0800648c                HAL_UART_Init
 .text.HAL_UART_Receive_IT
                0x0800652c       0x4a ./Drivers/STM32F4xx_HAL_Driver/Src/stm32f4xx_hal_uart.o
                0x0800652c                HAL_UART_Receive_IT
 *fill*         0x08006576        0x2 
 .text.HAL_UART_IRQHandler
                0x08006578      0x524 ./Drivers/STM32F4xx_HAL_Driver/Src/stm32f4xx_hal_uart.o
                0x08006578                HAL_UART_IRQHandler
 .text.HAL_UART_TxCpltCallback
                0x08006a9c       0x14 ./Drivers/STM32F4xx_HAL_Driver/Src/stm32f4xx_hal_uart.o
                0x08006a9c                HAL_UART_TxCpltCallback
 .text.HAL_UART_ErrorCallback
                0x08006ab0       0x14 ./Drivers/STM32F4xx_HAL_Driver/Src/stm32f4xx_hal_uart.o
                0x08006ab0                HAL_UART_ErrorCallback
 .text.HAL_UARTEx_RxEventCallback
                0x08006ac4       0x18 ./Drivers/STM32F4xx_HAL_Driver/Src/stm32f4xx_hal_uart.o
                0x08006ac4                HAL_UARTEx_RxEventCallback
 .text.UART_Start_Receive_IT
                0x08006adc       0x74 ./Drivers/STM32F4xx_HAL_Driver/Src/stm32f4xx_hal_uart.o
                0x08006adc                UART_Start_Receive_IT
 .text.UART_EndRxTransfer
                0x08006b50       0xc6 ./Drivers/STM32F4xx_HAL_Driver/Src/stm32f4xx_hal_uart.o
 .text.UART_DMAAbortOnError
                0x08006c16       0x28 ./Drivers/STM32F4xx_HAL_Driver/Src/stm32f4xx_hal_uart.o
 .text.UART_Transmit_IT
                0x08006c3e       0xa0 ./Drivers/STM32F4xx_HAL_Driver/Src/stm32f4xx_hal_uart.o
 .text.UART_EndTransmit_IT
                0x08006cde       0x30 ./Drivers/STM32F4xx_HAL_Driver/Src/stm32f4xx_hal_uart.o
 .text.UART_Receive_IT
                0x08006d0e      0x17c ./Drivers/STM32F4xx_HAL_Driver/Src/stm32f4xx_hal_uart.o
 *fill*         0x08006e8a        0x2 
 .text.UART_SetConfig
                0x08006e8c      0x4e8 ./Drivers/STM32F4xx_HAL_Driver/Src/stm32f4xx_hal_uart.o
 .text.memset   0x08007374       0x10 D:/Programas/Nucleo/STM32CubeIDE/plugins/com.st.stm32cube.ide.mcu.externaltools.gnu-tools-for-stm32.12.3.rel1.win32_1.0.200.202406191623/tools/bin/../lib/gcc/arm-none-eabi/12.3.1/../../../../arm-none-eabi/lib/thumb/v7e-m+fp/hard\libc_nano.a(libc_a-memset.o)
                0x08007374                memset
 .text.__libc_init_array
                0x08007384       0x48 D:/Programas/Nucleo/STM32CubeIDE/plugins/com.st.stm32cube.ide.mcu.externaltools.gnu-tools-for-stm32.12.3.rel1.win32_1.0.200.202406191623/tools/bin/../lib/gcc/arm-none-eabi/12.3.1/../../../../arm-none-eabi/lib/thumb/v7e-m+fp/hard\libc_nano.a(libc_a-init.o)
                0x08007384                __libc_init_array
 *(.glue_7)
 .glue_7        0x080073cc        0x0 linker stubs
 *(.glue_7t)
 .glue_7t       0x080073cc        0x0 linker stubs
 *(.eh_frame)
 .eh_frame      0x080073cc        0x0 D:/Programas/Nucleo/STM32CubeIDE/plugins/com.st.stm32cube.ide.mcu.externaltools.gnu-tools-for-stm32.12.3.rel1.win32_1.0.200.202406191623/tools/bin/../lib/gcc/arm-none-eabi/12.3.1/thumb/v7e-m+fp/hard/crtbegin.o
 *(.init)
 .init          0x080073cc        0x4 D:/Programas/Nucleo/STM32CubeIDE/plugins/com.st.stm32cube.ide.mcu.externaltools.gnu-tools-for-stm32.12.3.rel1.win32_1.0.200.202406191623/tools/bin/../lib/gcc/arm-none-eabi/12.3.1/thumb/v7e-m+fp/hard/crti.o
                0x080073cc                _init
 .init          0x080073d0        0x8 D:/Programas/Nucleo/STM32CubeIDE/plugins/com.st.stm32cube.ide.mcu.externaltools.gnu-tools-for-stm32.12.3.rel1.win32_1.0.200.202406191623/tools/bin/../lib/gcc/arm-none-eabi/12.3.1/thumb/v7e-m+fp/hard/crtn.o
 *(.fini)
 .fini          0x080073d8        0x4 D:/Programas/Nucleo/STM32CubeIDE/plugins/com.st.stm32cube.ide.mcu.externaltools.gnu-tools-for-stm32.12.3.rel1.win32_1.0.200.202406191623/tools/bin/../lib/gcc/arm-none-eabi/12.3.1/thumb/v7e-m+fp/hard/crti.o
                0x080073d8                _fini
 .fini          0x080073dc        0x8 D:/Programas/Nucleo/STM32CubeIDE/plugins/com.st.stm32cube.ide.mcu.externaltools.gnu-tools-for-stm32.12.3.rel1.win32_1.0.200.202406191623/tools/bin/../lib/gcc/arm-none-eabi/12.3.1/thumb/v7e-m+fp/hard/crtn.o
                0x080073e4                        . = ALIGN (0x4)
                0x080073e4                        _etext = .

.vfp11_veneer   0x080073e4        0x0
 .vfp11_veneer  0x080073e4        0x0 linker stubs

.v4_bx          0x080073e4        0x0
 .v4_bx         0x080073e4        0x0 linker stubs

.iplt           0x080073e4        0x0
 .iplt          0x080073e4        0x0 D:/Programas/Nucleo/STM32CubeIDE/plugins/com.st.stm32cube.ide.mcu.externaltools.gnu-tools-for-stm32.12.3.rel1.win32_1.0.200.202406191623/tools/bin/../lib/gcc/arm-none-eabi/12.3.1/thumb/v7e-m+fp/hard/crtbegin.o

.rodata         0x080073e4    0x3aca8
                0x080073e4                        . = ALIGN (0x4)
 *(.rodata)
 .rodata        0x080073e4        0x3 ./Core/Src/tft.o
 *(.rodata*)
 *fill*         0x080073e7        0x1 
 .rodata.Terminal
                0x080073e8    0x25800 ./Core/Src/bitmaps.o
                0x080073e8                Terminal
 .rodata.mySem_GREEN
                0x0802cbe8      0x35a ./Core/Src/bitmaps.o
                0x0802cbe8                mySem_GREEN
 *fill*         0x0802cf42        0x2 
 .rodata.mySem_RED
                0x0802cf44      0x35a ./Core/Src/bitmaps.o
                0x0802cf44                mySem_RED
 *fill*         0x0802d29e        0x2 
 .rodata.DIS_0  0x0802d2a0     0x1e00 ./Core/Src/bitmaps.o
                0x0802d2a0                DIS_0
 .rodata.DIS_1  0x0802f0a0     0x1e00 ./Core/Src/bitmaps.o
                0x0802f0a0                DIS_1
 .rodata.DIS_2  0x08030ea0     0x1e00 ./Core/Src/bitmaps.o
                0x08030ea0                DIS_2
 .rodata.DIS_3  0x08032ca0     0x1e00 ./Core/Src/bitmaps.o
                0x08032ca0                DIS_3
 .rodata.DIS_4  0x08034aa0     0x1e00 ./Core/Src/bitmaps.o
                0x08034aa0                DIS_4
 .rodata.DIS_5  0x080368a0     0x1e00 ./Core/Src/bitmaps.o
                0x080368a0                DIS_5
 .rodata.DIS_6  0x080386a0     0x1e00 ./Core/Src/bitmaps.o
                0x080386a0                DIS_6
 .rodata.DIS_7  0x0803a4a0     0x1e00 ./Core/Src/bitmaps.o
                0x0803a4a0                DIS_7
 .rodata.DIS_8  0x0803c2a0     0x1e00 ./Core/Src/bitmaps.o
                0x0803c2a0                DIS_8
 .rodata.CAR_M  0x0803e0a0      0xbb8 ./Core/Src/bitmaps.o
                0x0803e0a0                CAR_M
 .rodata.CAR_A  0x0803ec58      0xbb8 ./Core/Src/bitmaps.o
                0x0803ec58                CAR_A
 .rodata.CAR_N  0x0803f810      0xbb8 ./Core/Src/bitmaps.o
                0x0803f810                CAR_N
 .rodata.CAR_R  0x080403c8      0xbb8 ./Core/Src/bitmaps.o
                0x080403c8                CAR_R
 .rodata.CAR_NAC
                0x08040f80      0xbb8 ./Core/Src/bitmaps.o
                0x08040f80                CAR_NAC
 .rodata.AHBPrescTable
                0x08041b38       0x10 ./Core/Src/system_stm32f4xx.o
                0x08041b38                AHBPrescTable
 .rodata.APBPrescTable
                0x08041b48        0x8 ./Core/Src/system_stm32f4xx.o
                0x08041b48                APBPrescTable
 .rodata.R61511_regValues.30
                0x08041b50        0x3 ./Core/Src/tft.o
 *fill*         0x08041b53        0x1 
 .rodata.R61520_regValues.29
                0x08041b54        0x6 ./Core/Src/tft.o
 *fill*         0x08041b5a        0x2 
 .rodata.R61526_regValues.28
                0x08041b5c        0xc ./Core/Src/tft.o
 .rodata.NT35310_regValues.27
                0x08041b68        0x2 ./Core/Src/tft.o
 *fill*         0x08041b6a        0x2 
 .rodata.ST7789_regValues.26
                0x08041b6c       0x41 ./Core/Src/tft.o
 *fill*         0x08041bad        0x3 
 .rodata.FK8031_regValues.25
                0x08041bb0       0x12 ./Core/Src/tft.o
 *fill*         0x08041bc2        0x2 
 .rodata.HX8357C_regValues.24
                0x08041bc4        0x2 ./Core/Src/tft.o
 *fill*         0x08041bc6        0x2 
 .rodata.HX8357_99_regValues.23
                0x08041bc8       0x1d ./Core/Src/tft.o
 *fill*         0x08041be5        0x3 
 .rodata.ILI9320_regValues.22
                0x08041be8       0xd8 ./Core/Src/tft.o
 .rodata.ILI9325_regValues.21
                0x08041cc0       0xcc ./Core/Src/tft.o
 .rodata.ILI9327_regValues.20
                0x08041d8c       0x1e ./Core/Src/tft.o
 *fill*         0x08041daa        0x2 
 .rodata.XX1602_regValues.19
                0x08041dac        0x6 ./Core/Src/tft.o
 *fill*         0x08041db2        0x2 
 .rodata.ILI9329_regValues.18
                0x08041db4        0x3 ./Core/Src/tft.o
 *fill*         0x08041db7        0x1 
 .rodata.ILI9341_regValues_2_4.17
                0x08041db8       0x65 ./Core/Src/tft.o
 *fill*         0x08041e1d        0x3 
 .rodata.ILI9342_regValues_CPT24.16
                0x08041e20       0x38 ./Core/Src/tft.o
 .rodata.ILI9481_regValues.15
                0x08041e58       0x45 ./Core/Src/tft.o
 *fill*         0x08041e9d        0x3 
 .rodata.ILI9486_regValues.14
                0x08041ea0       0x3b ./Core/Src/tft.o
 *fill*         0x08041edb        0x1 
 .rodata.ILI9488_regValues_max.13
                0x08041edc       0x2b ./Core/Src/tft.o
 *fill*         0x08041f07        0x1 
 .rodata.R61505V_regValues.12
                0x08041f08       0xb0 ./Core/Src/tft.o
 .rodata.R61509V_regValues.11
                0x08041fb8       0xc0 ./Core/Src/tft.o
 .rodata.reset_off.10
                0x08042078        0x9 ./Core/Src/tft.o
 *fill*         0x08042081        0x3 
 .rodata.wake_on.9
                0x08042084        0x6 ./Core/Src/tft.o
                0x0804208c                        . = ALIGN (0x4)
 *fill*         0x0804208a        0x2 

.ARM.extab      0x0804208c        0x0
                0x0804208c                        . = ALIGN (0x4)
 *(.ARM.extab* .gnu.linkonce.armextab.*)
                0x0804208c                        . = ALIGN (0x4)

.ARM            0x0804208c        0x8
                0x0804208c                        . = ALIGN (0x4)
                0x0804208c                        __exidx_start = .
 *(.ARM.exidx*)
 .ARM.exidx     0x0804208c        0x8 D:/Programas/Nucleo/STM32CubeIDE/plugins/com.st.stm32cube.ide.mcu.externaltools.gnu-tools-for-stm32.12.3.rel1.win32_1.0.200.202406191623/tools/bin/../lib/gcc/arm-none-eabi/12.3.1/thumb/v7e-m+fp/hard\libgcc.a(_udivmoddi4.o)
                0x08042094                        __exidx_end = .
                0x08042094                        . = ALIGN (0x4)

.preinit_array  0x08042094        0x0
                0x08042094                        . = ALIGN (0x4)
                0x08042094                        PROVIDE (__preinit_array_start = .)
 *(.preinit_array*)
                0x08042094                        PROVIDE (__preinit_array_end = .)
                0x08042094                        . = ALIGN (0x4)

.init_array     0x08042094        0x4
                0x08042094                        . = ALIGN (0x4)
                0x08042094                        PROVIDE (__init_array_start = .)
 *(SORT_BY_NAME(.init_array.*))
 *(.init_array*)
 .init_array    0x08042094        0x4 D:/Programas/Nucleo/STM32CubeIDE/plugins/com.st.stm32cube.ide.mcu.externaltools.gnu-tools-for-stm32.12.3.rel1.win32_1.0.200.202406191623/tools/bin/../lib/gcc/arm-none-eabi/12.3.1/thumb/v7e-m+fp/hard/crtbegin.o
                0x08042098                        PROVIDE (__init_array_end = .)
                0x08042098                        . = ALIGN (0x4)

.fini_array     0x08042098        0x4
                0x08042098                        . = ALIGN (0x4)
                [!provide]                        PROVIDE (__fini_array_start = .)
 *(SORT_BY_NAME(.fini_array.*))
 *(.fini_array*)
 .fini_array    0x08042098        0x4 D:/Programas/Nucleo/STM32CubeIDE/plugins/com.st.stm32cube.ide.mcu.externaltools.gnu-tools-for-stm32.12.3.rel1.win32_1.0.200.202406191623/tools/bin/../lib/gcc/arm-none-eabi/12.3.1/thumb/v7e-m+fp/hard/crtbegin.o
                [!provide]                        PROVIDE (__fini_array_end = .)
                0x0804209c                        . = ALIGN (0x4)
                0x0804209c                        _sidata = LOADADDR (.data)

.rel.dyn        0x0804209c        0x0
 .rel.iplt      0x0804209c        0x0 D:/Programas/Nucleo/STM32CubeIDE/plugins/com.st.stm32cube.ide.mcu.externaltools.gnu-tools-for-stm32.12.3.rel1.win32_1.0.200.202406191623/tools/bin/../lib/gcc/arm-none-eabi/12.3.1/thumb/v7e-m+fp/hard/crtbegin.o

.data           0x20000000       0x48 load address 0x0804209c
                0x20000000                        . = ALIGN (0x4)
                0x20000000                        _sdata = .
 *(.data)
 *(.data*)
 .data.Number_Display
                0x20000000        0x1 ./Core/Src/main.o
                0x20000000                Number_Display
 *fill*         0x20000001        0x3 
 .data.carArrays
                0x20000004       0x10 ./Core/Src/main.o
                0x20000004                carArrays
 .data.carArrays_Dis
                0x20000014       0x24 ./Core/Src/main.o
                0x20000014                carArrays_Dis
 .data.SystemCoreClock
                0x20000038        0x4 ./Core/Src/system_stm32f4xx.o
                0x20000038                SystemCoreClock
 .data._width   0x2000003c        0x2 ./Core/Src/tft.o
                0x2000003c                _width
 .data._height  0x2000003e        0x2 ./Core/Src/tft.o
                0x2000003e                _height
 .data.uwTickPrio
                0x20000040        0x4 ./Drivers/STM32F4xx_HAL_Driver/Src/stm32f4xx_hal.o
                0x20000040                uwTickPrio
 .data.uwTickFreq
                0x20000044        0x1 ./Drivers/STM32F4xx_HAL_Driver/Src/stm32f4xx_hal.o
                0x20000044                uwTickFreq
 *(.RamFunc)
 *(.RamFunc*)
                0x20000048                        . = ALIGN (0x4)
 *fill*         0x20000045        0x3 
                0x20000048                        _edata = .

.igot.plt       0x20000048        0x0 load address 0x080420e4
 .igot.plt      0x20000048        0x0 D:/Programas/Nucleo/STM32CubeIDE/plugins/com.st.stm32cube.ide.mcu.externaltools.gnu-tools-for-stm32.12.3.rel1.win32_1.0.200.202406191623/tools/bin/../lib/gcc/arm-none-eabi/12.3.1/thumb/v7e-m+fp/hard/crtbegin.o
                0x20000048                        . = ALIGN (0x4)

.bss            0x20000048      0x130 load address 0x080420e4
                0x20000048                        _sbss = .
                0x20000048                        __bss_start__ = _sbss
 *(.bss)
 .bss           0x20000048       0x1c D:/Programas/Nucleo/STM32CubeIDE/plugins/com.st.stm32cube.ide.mcu.externaltools.gnu-tools-for-stm32.12.3.rel1.win32_1.0.200.202406191623/tools/bin/../lib/gcc/arm-none-eabi/12.3.1/thumb/v7e-m+fp/hard/crtbegin.o
 *(.bss*)
 .bss.htim1     0x20000064       0x48 ./Core/Src/main.o
                0x20000064                htim1
 .bss.huart5    0x200000ac       0x48 ./Core/Src/main.o
                0x200000ac                huart5
 .bss.huart2    0x200000f4       0x48 ./Core/Src/main.o
                0x200000f4                huart2
 .bss.ID        0x2000013c        0x2 ./Core/Src/main.o
                0x2000013c                ID
 .bss.Recived_Car
                0x2000013e        0x1 ./Core/Src/main.o
                0x2000013e                Recived_Car
 .bss.C1        0x2000013f        0x1 ./Core/Src/main.o
                0x2000013f                C1
 .bss.C2        0x20000140        0x1 ./Core/Src/main.o
                0x20000140                C2
 .bss.C3        0x20000141        0x1 ./Core/Src/main.o
                0x20000141                C3
 .bss.C4        0x20000142        0x1 ./Core/Src/main.o
                0x20000142                C4
 .bss.C5        0x20000143        0x1 ./Core/Src/main.o
                0x20000143                C5
 .bss.C6        0x20000144        0x1 ./Core/Src/main.o
                0x20000144                C6
 .bss.C7        0x20000145        0x1 ./Core/Src/main.o
                0x20000145                C7
 .bss.C8        0x20000146        0x1 ./Core/Src/main.o
                0x20000146                C8
 *fill*         0x20000147        0x1 
 .bss.selectedArray
                0x20000148        0x4 ./Core/Src/main.o
                0x20000148                selectedArray
 .bss.selectedArray_DIS
                0x2000014c        0x4 ./Core/Src/main.o
                0x2000014c                selectedArray_DIS
 .bss.KLE       0x20000150        0x4 ./Core/Src/main.o
                0x20000150                KLE
 .bss.rx_data   0x20000154        0x1 ./Core/Src/main.o
                0x20000154                rx_data
 .bss.done_reset
                0x20000155        0x1 ./Core/Src/tft.o
 .bss.is8347    0x20000156        0x1 ./Core/Src/tft.o
 .bss.is555     0x20000157        0x1 ./Core/Src/tft.o
 .bss.is9797    0x20000158        0x1 ./Core/Src/tft.o
 .bss.rotation  0x20000159        0x1 ./Core/Src/tft.o
                0x20000159                rotation
 .bss._lcd_xor  0x2000015a        0x2 ./Core/Src/tft.o
                0x2000015a                _lcd_xor
 .bss._lcd_capable
                0x2000015c        0x2 ./Core/Src/tft.o
                0x2000015c                _lcd_capable
 .bss._lcd_ID   0x2000015e        0x2 ./Core/Src/tft.o
                0x2000015e                _lcd_ID
 .bss._lcd_rev  0x20000160        0x2 ./Core/Src/tft.o
                0x20000160                _lcd_rev
 .bss._lcd_madctl
                0x20000162        0x2 ./Core/Src/tft.o
                0x20000162                _lcd_madctl
 .bss._MC       0x20000164        0x2 ./Core/Src/tft.o
                0x20000164                _MC
 .bss._MP       0x20000166        0x2 ./Core/Src/tft.o
                0x20000166                _MP
 .bss._MW       0x20000168        0x2 ./Core/Src/tft.o
                0x20000168                _MW
 .bss._SC       0x2000016a        0x2 ./Core/Src/tft.o
                0x2000016a                _SC
 .bss._EC       0x2000016c        0x2 ./Core/Src/tft.o
                0x2000016c                _EC
 .bss._SP       0x2000016e        0x2 ./Core/Src/tft.o
                0x2000016e                _SP
 .bss._EP       0x20000170        0x2 ./Core/Src/tft.o
                0x20000170                _EP
 *fill*         0x20000172        0x2 
 .bss.uwTick    0x20000174        0x4 ./Drivers/STM32F4xx_HAL_Driver/Src/stm32f4xx_hal.o
                0x20000174                uwTick
 *(COMMON)
                0x20000178                        . = ALIGN (0x4)
                0x20000178                        _ebss = .
                0x20000178                        __bss_end__ = _ebss

._user_heap_stack
                0x20000178      0x600 load address 0x080420e4
                0x20000178                        . = ALIGN (0x8)
                [!provide]                        PROVIDE (end = .)
                0x20000178                        PROVIDE (_end = .)
                0x20000378                        . = (. + _Min_Heap_Size)
 *fill*         0x20000178      0x200 
                0x20000778                        . = (. + _Min_Stack_Size)
 *fill*         0x20000378      0x400 
                0x20000778                        . = ALIGN (0x8)

/DISCARD/
 libc.a(*)
 libm.a(*)
 libgcc.a(*)

.ARM.attributes
                0x00000000       0x30
 *(.ARM.attributes)
 .ARM.attributes
                0x00000000       0x22 D:/Programas/Nucleo/STM32CubeIDE/plugins/com.st.stm32cube.ide.mcu.externaltools.gnu-tools-for-stm32.12.3.rel1.win32_1.0.200.202406191623/tools/bin/../lib/gcc/arm-none-eabi/12.3.1/thumb/v7e-m+fp/hard/crti.o
 .ARM.attributes
                0x00000022       0x34 D:/Programas/Nucleo/STM32CubeIDE/plugins/com.st.stm32cube.ide.mcu.externaltools.gnu-tools-for-stm32.12.3.rel1.win32_1.0.200.202406191623/tools/bin/../lib/gcc/arm-none-eabi/12.3.1/thumb/v7e-m+fp/hard/crtbegin.o
 .ARM.attributes
                0x00000056       0x34 ./Core/Src/bitmaps.o
 .ARM.attributes
                0x0000008a       0x34 ./Core/Src/main.o
 .ARM.attributes
                0x000000be       0x34 ./Core/Src/stm32f4xx_hal_msp.o
 .ARM.attributes
                0x000000f2       0x34 ./Core/Src/stm32f4xx_it.o
 .ARM.attributes
                0x00000126       0x34 ./Core/Src/system_stm32f4xx.o
 .ARM.attributes
                0x0000015a       0x34 ./Core/Src/tft.o
 .ARM.attributes
                0x0000018e       0x21 ./Core/Startup/startup_stm32f446retx.o
 .ARM.attributes
                0x000001af       0x34 ./Drivers/STM32F4xx_HAL_Driver/Src/stm32f4xx_hal.o
 .ARM.attributes
                0x000001e3       0x34 ./Drivers/STM32F4xx_HAL_Driver/Src/stm32f4xx_hal_cortex.o
 .ARM.attributes
                0x00000217       0x34 ./Drivers/STM32F4xx_HAL_Driver/Src/stm32f4xx_hal_dma.o
 .ARM.attributes
                0x0000024b       0x34 ./Drivers/STM32F4xx_HAL_Driver/Src/stm32f4xx_hal_gpio.o
 .ARM.attributes
                0x0000027f       0x34 ./Drivers/STM32F4xx_HAL_Driver/Src/stm32f4xx_hal_rcc.o
 .ARM.attributes
                0x000002b3       0x34 ./Drivers/STM32F4xx_HAL_Driver/Src/stm32f4xx_hal_rcc_ex.o
 .ARM.attributes
                0x000002e7       0x34 ./Drivers/STM32F4xx_HAL_Driver/Src/stm32f4xx_hal_tim.o
 .ARM.attributes
                0x0000031b       0x34 ./Drivers/STM32F4xx_HAL_Driver/Src/stm32f4xx_hal_tim_ex.o
 .ARM.attributes
                0x0000034f       0x34 ./Drivers/STM32F4xx_HAL_Driver/Src/stm32f4xx_hal_uart.o
 .ARM.attributes
                0x00000383       0x34 D:/Programas/Nucleo/STM32CubeIDE/plugins/com.st.stm32cube.ide.mcu.externaltools.gnu-tools-for-stm32.12.3.rel1.win32_1.0.200.202406191623/tools/bin/../lib/gcc/arm-none-eabi/12.3.1/../../../../arm-none-eabi/lib/thumb/v7e-m+fp/hard\libc_nano.a(libc_a-memset.o)
 .ARM.attributes
                0x000003b7       0x34 D:/Programas/Nucleo/STM32CubeIDE/plugins/com.st.stm32cube.ide.mcu.externaltools.gnu-tools-for-stm32.12.3.rel1.win32_1.0.200.202406191623/tools/bin/../lib/gcc/arm-none-eabi/12.3.1/../../../../arm-none-eabi/lib/thumb/v7e-m+fp/hard\libc_nano.a(libc_a-init.o)
 .ARM.attributes
                0x000003eb       0x22 D:/Programas/Nucleo/STM32CubeIDE/plugins/com.st.stm32cube.ide.mcu.externaltools.gnu-tools-for-stm32.12.3.rel1.win32_1.0.200.202406191623/tools/bin/../lib/gcc/arm-none-eabi/12.3.1/thumb/v7e-m+fp/hard\libgcc.a(_aeabi_uldivmod.o)
 .ARM.attributes
                0x0000040d       0x34 D:/Programas/Nucleo/STM32CubeIDE/plugins/com.st.stm32cube.ide.mcu.externaltools.gnu-tools-for-stm32.12.3.rel1.win32_1.0.200.202406191623/tools/bin/../lib/gcc/arm-none-eabi/12.3.1/thumb/v7e-m+fp/hard\libgcc.a(_udivmoddi4.o)
 .ARM.attributes
                0x00000441       0x22 D:/Programas/Nucleo/STM32CubeIDE/plugins/com.st.stm32cube.ide.mcu.externaltools.gnu-tools-for-stm32.12.3.rel1.win32_1.0.200.202406191623/tools/bin/../lib/gcc/arm-none-eabi/12.3.1/thumb/v7e-m+fp/hard\libgcc.a(_dvmd_tls.o)
 .ARM.attributes
                0x00000463       0x22 D:/Programas/Nucleo/STM32CubeIDE/plugins/com.st.stm32cube.ide.mcu.externaltools.gnu-tools-for-stm32.12.3.rel1.win32_1.0.200.202406191623/tools/bin/../lib/gcc/arm-none-eabi/12.3.1/thumb/v7e-m+fp/hard/crtn.o
OUTPUT(TFT_STM32_Project_Estacionamiento.elf elf32-littlearm)
LOAD linker stubs
LOAD D:/Programas/Nucleo/STM32CubeIDE/plugins/com.st.stm32cube.ide.mcu.externaltools.gnu-tools-for-stm32.12.3.rel1.win32_1.0.200.202406191623/tools/bin/../lib/gcc/arm-none-eabi/12.3.1/../../../../arm-none-eabi/lib/thumb/v7e-m+fp/hard\libc.a
LOAD D:/Programas/Nucleo/STM32CubeIDE/plugins/com.st.stm32cube.ide.mcu.externaltools.gnu-tools-for-stm32.12.3.rel1.win32_1.0.200.202406191623/tools/bin/../lib/gcc/arm-none-eabi/12.3.1/../../../../arm-none-eabi/lib/thumb/v7e-m+fp/hard\libm.a
LOAD D:/Programas/Nucleo/STM32CubeIDE/plugins/com.st.stm32cube.ide.mcu.externaltools.gnu-tools-for-stm32.12.3.rel1.win32_1.0.200.202406191623/tools/bin/../lib/gcc/arm-none-eabi/12.3.1/thumb/v7e-m+fp/hard\libgcc.a

.debug_info     0x00000000    0x106e5
 .debug_info    0x00000000      0x206 ./Core/Src/bitmaps.o
 .debug_info    0x00000206     0x1490 ./Core/Src/main.o
 .debug_info    0x00001696      0xfcf ./Core/Src/stm32f4xx_hal_msp.o
 .debug_info    0x00002665      0x639 ./Core/Src/stm32f4xx_it.o
 .debug_info    0x00002c9e      0x54a ./Core/Src/system_stm32f4xx.o
 .debug_info    0x000031e8     0x2d8f ./Core/Src/tft.o
 .debug_info    0x00005f77       0x30 ./Core/Startup/startup_stm32f446retx.o
 .debug_info    0x00005fa7      0x99a ./Drivers/STM32F4xx_HAL_Driver/Src/stm32f4xx_hal.o
 .debug_info    0x00006941      0xdaa ./Drivers/STM32F4xx_HAL_Driver/Src/stm32f4xx_hal_cortex.o
 .debug_info    0x000076eb      0x8e7 ./Drivers/STM32F4xx_HAL_Driver/Src/stm32f4xx_hal_dma.o
 .debug_info    0x00007fd2      0x70b ./Drivers/STM32F4xx_HAL_Driver/Src/stm32f4xx_hal_gpio.o
 .debug_info    0x000086dd      0x8eb ./Drivers/STM32F4xx_HAL_Driver/Src/stm32f4xx_hal_rcc.o
 .debug_info    0x00008fc8      0x956 ./Drivers/STM32F4xx_HAL_Driver/Src/stm32f4xx_hal_rcc_ex.o
 .debug_info    0x0000991e     0x299d ./Drivers/STM32F4xx_HAL_Driver/Src/stm32f4xx_hal_tim.o
 .debug_info    0x0000c2bb     0x14db ./Drivers/STM32F4xx_HAL_Driver/Src/stm32f4xx_hal_tim_ex.o
 .debug_info    0x0000d796     0x2f4f ./Drivers/STM32F4xx_HAL_Driver/Src/stm32f4xx_hal_uart.o

.debug_abbrev   0x00000000     0x227a
 .debug_abbrev  0x00000000       0x83 ./Core/Src/bitmaps.o
 .debug_abbrev  0x00000083      0x34a ./Core/Src/main.o
 .debug_abbrev  0x000003cd      0x1fb ./Core/Src/stm32f4xx_hal_msp.o
 .debug_abbrev  0x000005c8      0x175 ./Core/Src/stm32f4xx_it.o
 .debug_abbrev  0x0000073d      0x11a ./Core/Src/system_stm32f4xx.o
 .debug_abbrev  0x00000857      0x3cc ./Core/Src/tft.o
 .debug_abbrev  0x00000c23       0x24 ./Core/Startup/startup_stm32f446retx.o
 .debug_abbrev  0x00000c47      0x214 ./Drivers/STM32F4xx_HAL_Driver/Src/stm32f4xx_hal.o
 .debug_abbrev  0x00000e5b      0x31d ./Drivers/STM32F4xx_HAL_Driver/Src/stm32f4xx_hal_cortex.o
 .debug_abbrev  0x00001178      0x264 ./Drivers/STM32F4xx_HAL_Driver/Src/stm32f4xx_hal_dma.o
 .debug_abbrev  0x000013dc      0x1d4 ./Drivers/STM32F4xx_HAL_Driver/Src/stm32f4xx_hal_gpio.o
 .debug_abbrev  0x000015b0      0x2b7 ./Drivers/STM32F4xx_HAL_Driver/Src/stm32f4xx_hal_rcc.o
 .debug_abbrev  0x00001867      0x20a ./Drivers/STM32F4xx_HAL_Driver/Src/stm32f4xx_hal_rcc_ex.o
 .debug_abbrev  0x00001a71      0x278 ./Drivers/STM32F4xx_HAL_Driver/Src/stm32f4xx_hal_tim.o
 .debug_abbrev  0x00001ce9      0x283 ./Drivers/STM32F4xx_HAL_Driver/Src/stm32f4xx_hal_tim_ex.o
 .debug_abbrev  0x00001f6c      0x30e ./Drivers/STM32F4xx_HAL_Driver/Src/stm32f4xx_hal_uart.o

.debug_aranges  0x00000000      0xf80
 .debug_aranges
                0x00000000       0x18 ./Core/Src/bitmaps.o
 .debug_aranges
                0x00000018       0x70 ./Core/Src/main.o
 .debug_aranges
                0x00000088       0x40 ./Core/Src/stm32f4xx_hal_msp.o
 .debug_aranges
                0x000000c8       0x68 ./Core/Src/stm32f4xx_it.o
 .debug_aranges
                0x00000130       0x28 ./Core/Src/system_stm32f4xx.o
 .debug_aranges
                0x00000158      0x2b8 ./Core/Src/tft.o
 .debug_aranges
                0x00000410       0x28 ./Core/Startup/startup_stm32f446retx.o
 .debug_aranges
                0x00000438       0xf0 ./Drivers/STM32F4xx_HAL_Driver/Src/stm32f4xx_hal.o
 .debug_aranges
                0x00000528      0x130 ./Drivers/STM32F4xx_HAL_Driver/Src/stm32f4xx_hal_cortex.o
 .debug_aranges
                0x00000658       0x90 ./Drivers/STM32F4xx_HAL_Driver/Src/stm32f4xx_hal_dma.o
 .debug_aranges
                0x000006e8       0x58 ./Drivers/STM32F4xx_HAL_Driver/Src/stm32f4xx_hal_gpio.o
 .debug_aranges
                0x00000740       0x88 ./Drivers/STM32F4xx_HAL_Driver/Src/stm32f4xx_hal_rcc.o
 .debug_aranges
                0x000007c8       0x78 ./Drivers/STM32F4xx_HAL_Driver/Src/stm32f4xx_hal_rcc_ex.o
 .debug_aranges
                0x00000840      0x3d0 ./Drivers/STM32F4xx_HAL_Driver/Src/stm32f4xx_hal_tim.o
 .debug_aranges
                0x00000c10      0x168 ./Drivers/STM32F4xx_HAL_Driver/Src/stm32f4xx_hal_tim_ex.o
 .debug_aranges
                0x00000d78      0x208 ./Drivers/STM32F4xx_HAL_Driver/Src/stm32f4xx_hal_uart.o

.debug_macro    0x00000000    0x22819
 .debug_macro   0x00000000       0xc4 ./Core/Src/bitmaps.o
 .debug_macro   0x000000c4      0xab4 ./Core/Src/bitmaps.o
 .debug_macro   0x00000b78       0x22 ./Core/Src/bitmaps.o
 .debug_macro   0x00000b9a       0x8e ./Core/Src/bitmaps.o
 .debug_macro   0x00000c28       0x51 ./Core/Src/bitmaps.o
 .debug_macro   0x00000c79      0x103 ./Core/Src/bitmaps.o
 .debug_macro   0x00000d7c       0x6a ./Core/Src/bitmaps.o
 .debug_macro   0x00000de6      0x1df ./Core/Src/bitmaps.o
 .debug_macro   0x00000fc5       0x61 ./Core/Src/bitmaps.o
 .debug_macro   0x00001026       0x2a ./Core/Src/bitmaps.o
 .debug_macro   0x00001050       0x43 ./Core/Src/bitmaps.o
 .debug_macro   0x00001093       0x3a ./Core/Src/bitmaps.o
 .debug_macro   0x000010cd       0x89 ./Core/Src/bitmaps.o
 .debug_macro   0x00001156      0x460 ./Core/Src/bitmaps.o
 .debug_macro   0x000015b6      0x1a2 ./Core/Src/bitmaps.o
 .debug_macro   0x00001758      0x31c ./Core/Src/main.o
 .debug_macro   0x00001a74      0x29b ./Core/Src/main.o
 .debug_macro   0x00001d0f       0x2e ./Core/Src/main.o
 .debug_macro   0x00001d3d       0x28 ./Core/Src/main.o
 .debug_macro   0x00001d65       0x1c ./Core/Src/main.o
 .debug_macro   0x00001d81       0x22 ./Core/Src/main.o
 .debug_macro   0x00001da3       0xfb ./Core/Src/main.o
 .debug_macro   0x00001e9e     0x1011 ./Core/Src/main.o
 .debug_macro   0x00002eaf      0x11f ./Core/Src/main.o
 .debug_macro   0x00002fce    0x16749 ./Core/Src/main.o
 .debug_macro   0x00019717       0x6d ./Core/Src/main.o
 .debug_macro   0x00019784     0x369a ./Core/Src/main.o
 .debug_macro   0x0001ce1e      0x189 ./Core/Src/main.o
 .debug_macro   0x0001cfa7       0x5c ./Core/Src/main.o
 .debug_macro   0x0001d003      0xca5 ./Core/Src/main.o
 .debug_macro   0x0001dca8      0x9e9 ./Core/Src/main.o
 .debug_macro   0x0001e691      0x115 ./Core/Src/main.o
 .debug_macro   0x0001e7a6      0x1a0 ./Core/Src/main.o
 .debug_macro   0x0001e946       0xa5 ./Core/Src/main.o
 .debug_macro   0x0001e9eb      0x16d ./Core/Src/main.o
 .debug_macro   0x0001eb58      0x287 ./Core/Src/main.o
 .debug_macro   0x0001eddf       0x5f ./Core/Src/main.o
 .debug_macro   0x0001ee3e      0x236 ./Core/Src/main.o
 .debug_macro   0x0001f074      0x132 ./Core/Src/main.o
 .debug_macro   0x0001f1a6      0x29c ./Core/Src/main.o
 .debug_macro   0x0001f442       0x2e ./Core/Src/main.o
 .debug_macro   0x0001f470      0x127 ./Core/Src/main.o
 .debug_macro   0x0001f597       0xe8 ./Core/Src/main.o
 .debug_macro   0x0001f67f       0x89 ./Core/Src/main.o
 .debug_macro   0x0001f708      0x8ed ./Core/Src/main.o
 .debug_macro   0x0001fff5       0x53 ./Core/Src/main.o
 .debug_macro   0x00020048      0x2aa ./Core/Src/main.o
 .debug_macro   0x000202f2      0x126 ./Core/Src/main.o
 .debug_macro   0x00020418       0xb8 ./Core/Src/main.o
 .debug_macro   0x000204d0       0x64 ./Core/Src/main.o
 .debug_macro   0x00020534       0x3a ./Core/Src/main.o
 .debug_macro   0x0002056e       0xd1 ./Core/Src/main.o
 .debug_macro   0x0002063f       0x35 ./Core/Src/main.o
 .debug_macro   0x00020674       0x16 ./Core/Src/main.o
 .debug_macro   0x0002068a       0x16 ./Core/Src/main.o
 .debug_macro   0x000206a0       0x43 ./Core/Src/main.o
 .debug_macro   0x000206e3       0x34 ./Core/Src/main.o
 .debug_macro   0x00020717       0x10 ./Core/Src/main.o
 .debug_macro   0x00020727       0x58 ./Core/Src/main.o
 .debug_macro   0x0002077f       0x8e ./Core/Src/main.o
 .debug_macro   0x0002080d       0x1c ./Core/Src/main.o
 .debug_macro   0x00020829      0x177 ./Core/Src/main.o
 .debug_macro   0x000209a0      0x369 ./Core/Src/main.o
 .debug_macro   0x00020d09       0x16 ./Core/Src/main.o
 .debug_macro   0x00020d1f       0x29 ./Core/Src/main.o
 .debug_macro   0x00020d48       0x22 ./Core/Src/main.o
 .debug_macro   0x00020d6a      0x1dd ./Core/Src/stm32f4xx_hal_msp.o
 .debug_macro   0x00020f47      0x1e7 ./Core/Src/stm32f4xx_it.o
 .debug_macro   0x0002112e      0x1ce ./Core/Src/system_stm32f4xx.o
 .debug_macro   0x000212fc      0x41d ./Core/Src/tft.o
 .debug_macro   0x00021719       0x10 ./Core/Src/tft.o
 .debug_macro   0x00021729       0x20 ./Core/Src/tft.o
 .debug_macro   0x00021749      0x22e ./Drivers/STM32F4xx_HAL_Driver/Src/stm32f4xx_hal.o
 .debug_macro   0x00021977      0x1ce ./Drivers/STM32F4xx_HAL_Driver/Src/stm32f4xx_hal_cortex.o
 .debug_macro   0x00021b45      0x1d4 ./Drivers/STM32F4xx_HAL_Driver/Src/stm32f4xx_hal_dma.o
 .debug_macro   0x00021d19      0x1d4 ./Drivers/STM32F4xx_HAL_Driver/Src/stm32f4xx_hal_gpio.o
 .debug_macro   0x00021eed      0x1f2 ./Drivers/STM32F4xx_HAL_Driver/Src/stm32f4xx_hal_rcc.o
 .debug_macro   0x000220df      0x1ce ./Drivers/STM32F4xx_HAL_Driver/Src/stm32f4xx_hal_rcc_ex.o
 .debug_macro   0x000222ad      0x1cf ./Drivers/STM32F4xx_HAL_Driver/Src/stm32f4xx_hal_tim.o
 .debug_macro   0x0002247c      0x1ce ./Drivers/STM32F4xx_HAL_Driver/Src/stm32f4xx_hal_tim_ex.o
 .debug_macro   0x0002264a      0x1cf ./Drivers/STM32F4xx_HAL_Driver/Src/stm32f4xx_hal_uart.o

.debug_line     0x00000000    0x1291e
 .debug_line    0x00000000      0x52b ./Core/Src/bitmaps.o
 .debug_line    0x0000052b      0xefa ./Core/Src/main.o
 .debug_line    0x00001425      0x802 ./Core/Src/stm32f4xx_hal_msp.o
 .debug_line    0x00001c27      0x811 ./Core/Src/stm32f4xx_it.o
 .debug_line    0x00002438      0x7bb ./Core/Src/system_stm32f4xx.o
 .debug_line    0x00002bf3     0x2d89 ./Core/Src/tft.o
 .debug_line    0x0000597c       0x7a ./Core/Startup/startup_stm32f446retx.o
 .debug_line    0x000059f6      0xa24 ./Drivers/STM32F4xx_HAL_Driver/Src/stm32f4xx_hal.o
 .debug_line    0x0000641a      0xd16 ./Drivers/STM32F4xx_HAL_Driver/Src/stm32f4xx_hal_cortex.o
 .debug_line    0x00007130      0xf94 ./Drivers/STM32F4xx_HAL_Driver/Src/stm32f4xx_hal_dma.o
 .debug_line    0x000080c4      0xb9c ./Drivers/STM32F4xx_HAL_Driver/Src/stm32f4xx_hal_gpio.o
 .debug_line    0x00008c60      0xdbb ./Drivers/STM32F4xx_HAL_Driver/Src/stm32f4xx_hal_rcc.o
 .debug_line    0x00009a1b     0x142b ./Drivers/STM32F4xx_HAL_Driver/Src/stm32f4xx_hal_rcc_ex.o
 .debug_line    0x0000ae46     0x37c8 ./Drivers/STM32F4xx_HAL_Driver/Src/stm32f4xx_hal_tim.o
 .debug_line    0x0000e60e     0x1a1a ./Drivers/STM32F4xx_HAL_Driver/Src/stm32f4xx_hal_tim_ex.o
 .debug_line    0x00010028     0x28f6 ./Drivers/STM32F4xx_HAL_Driver/Src/stm32f4xx_hal_uart.o

.debug_str      0x00000000    0xd39a5
 .debug_str     0x00000000     0x5bed ./Core/Src/bitmaps.o
                               0x5d82 (size before relaxing)
 .debug_str     0x00005bed    0xc9a77 ./Core/Src/main.o
                              0xcf988 (size before relaxing)
 .debug_str     0x000cf664      0x5de ./Core/Src/stm32f4xx_hal_msp.o
                              0xca6f4 (size before relaxing)
 .debug_str     0x000cfc42       0xee ./Core/Src/stm32f4xx_it.o
                              0xc9d65 (size before relaxing)
 .debug_str     0x000cfd30       0xdb ./Core/Src/system_stm32f4xx.o
                              0xc97a8 (size before relaxing)
 .debug_str     0x000cfe0b     0x1006 ./Core/Src/tft.o
                              0xcdf9a (size before relaxing)
 .debug_str     0x000d0e11       0x44 ./Core/Startup/startup_stm32f446retx.o
                                 0x99 (size before relaxing)
 .debug_str     0x000d0e55      0x60d ./Drivers/STM32F4xx_HAL_Driver/Src/stm32f4xx_hal.o
                              0xca36d (size before relaxing)
 .debug_str     0x000d1462      0x361 ./Drivers/STM32F4xx_HAL_Driver/Src/stm32f4xx_hal_cortex.o
                              0xca0c4 (size before relaxing)
 .debug_str     0x000d17c3      0x323 ./Drivers/STM32F4xx_HAL_Driver/Src/stm32f4xx_hal_dma.o
                              0xc9b9d (size before relaxing)
 .debug_str     0x000d1ae6      0x112 ./Drivers/STM32F4xx_HAL_Driver/Src/stm32f4xx_hal_gpio.o
                              0xc9923 (size before relaxing)
 .debug_str     0x000d1bf8      0x233 ./Drivers/STM32F4xx_HAL_Driver/Src/stm32f4xx_hal_rcc.o
                              0xc9be1 (size before relaxing)
 .debug_str     0x000d1e2b      0x324 ./Drivers/STM32F4xx_HAL_Driver/Src/stm32f4xx_hal_rcc_ex.o
                              0xc9c14 (size before relaxing)
 .debug_str     0x000d214f      0xdec ./Drivers/STM32F4xx_HAL_Driver/Src/stm32f4xx_hal_tim.o
                              0xcab0d (size before relaxing)
 .debug_str     0x000d2f3b      0x493 ./Drivers/STM32F4xx_HAL_Driver/Src/stm32f4xx_hal_tim_ex.o
                              0xca319 (size before relaxing)
 .debug_str     0x000d33ce      0x5d7 ./Drivers/STM32F4xx_HAL_Driver/Src/stm32f4xx_hal_uart.o
                              0xca198 (size before relaxing)

.comment        0x00000000       0x43
 .comment       0x00000000       0x43 ./Core/Src/bitmaps.o
                                 0x44 (size before relaxing)
 .comment       0x00000043       0x44 ./Core/Src/main.o
 .comment       0x00000043       0x44 ./Core/Src/stm32f4xx_hal_msp.o
 .comment       0x00000043       0x44 ./Core/Src/stm32f4xx_it.o
 .comment       0x00000043       0x44 ./Core/Src/system_stm32f4xx.o
 .comment       0x00000043       0x44 ./Core/Src/tft.o
 .comment       0x00000043       0x44 ./Drivers/STM32F4xx_HAL_Driver/Src/stm32f4xx_hal.o
 .comment       0x00000043       0x44 ./Drivers/STM32F4xx_HAL_Driver/Src/stm32f4xx_hal_cortex.o
 .comment       0x00000043       0x44 ./Drivers/STM32F4xx_HAL_Driver/Src/stm32f4xx_hal_dma.o
 .comment       0x00000043       0x44 ./Drivers/STM32F4xx_HAL_Driver/Src/stm32f4xx_hal_gpio.o
 .comment       0x00000043       0x44 ./Drivers/STM32F4xx_HAL_Driver/Src/stm32f4xx_hal_rcc.o
 .comment       0x00000043       0x44 ./Drivers/STM32F4xx_HAL_Driver/Src/stm32f4xx_hal_rcc_ex.o
 .comment       0x00000043       0x44 ./Drivers/STM32F4xx_HAL_Driver/Src/stm32f4xx_hal_tim.o
 .comment       0x00000043       0x44 ./Drivers/STM32F4xx_HAL_Driver/Src/stm32f4xx_hal_tim_ex.o
 .comment       0x00000043       0x44 ./Drivers/STM32F4xx_HAL_Driver/Src/stm32f4xx_hal_uart.o

.debug_rnglists
                0x00000000      0xc24
 .debug_rnglists
                0x00000000       0x54 ./Core/Src/main.o
 .debug_rnglists
                0x00000054       0x2c ./Core/Src/stm32f4xx_hal_msp.o
 .debug_rnglists
                0x00000080       0x49 ./Core/Src/stm32f4xx_it.o
 .debug_rnglists
                0x000000c9       0x1a ./Core/Src/system_stm32f4xx.o
 .debug_rnglists
                0x000000e3      0x22b ./Core/Src/tft.o
 .debug_rnglists
                0x0000030e       0x19 ./Core/Startup/startup_stm32f446retx.o
 .debug_rnglists
                0x00000327       0xaf ./Drivers/STM32F4xx_HAL_Driver/Src/stm32f4xx_hal.o
 .debug_rnglists
                0x000003d6       0xe0 ./Drivers/STM32F4xx_HAL_Driver/Src/stm32f4xx_hal_cortex.o
 .debug_rnglists
                0x000004b6       0x70 ./Drivers/STM32F4xx_HAL_Driver/Src/stm32f4xx_hal_dma.o
 .debug_rnglists
                0x00000526       0x3f ./Drivers/STM32F4xx_HAL_Driver/Src/stm32f4xx_hal_gpio.o
 .debug_rnglists
                0x00000565       0x66 ./Drivers/STM32F4xx_HAL_Driver/Src/stm32f4xx_hal_rcc.o
 .debug_rnglists
                0x000005cb       0x5e ./Drivers/STM32F4xx_HAL_Driver/Src/stm32f4xx_hal_rcc_ex.o
 .debug_rnglists
                0x00000629      0x31a ./Drivers/STM32F4xx_HAL_Driver/Src/stm32f4xx_hal_tim.o
 .debug_rnglists
                0x00000943      0x125 ./Drivers/STM32F4xx_HAL_Driver/Src/stm32f4xx_hal_tim_ex.o
 .debug_rnglists
                0x00000a68      0x1bc ./Drivers/STM32F4xx_HAL_Driver/Src/stm32f4xx_hal_uart.o

.debug_frame    0x00000000     0x4254
 .debug_frame   0x00000000      0x184 ./Core/Src/main.o
 .debug_frame   0x00000184       0xd0 ./Core/Src/stm32f4xx_hal_msp.o
 .debug_frame   0x00000254      0x120 ./Core/Src/stm32f4xx_it.o
 .debug_frame   0x00000374       0x58 ./Core/Src/system_stm32f4xx.o
 .debug_frame   0x000003cc      0xc9c ./Core/Src/tft.o
 .debug_frame   0x00001068      0x374 ./Drivers/STM32F4xx_HAL_Driver/Src/stm32f4xx_hal.o
 .debug_frame   0x000013dc      0x508 ./Drivers/STM32F4xx_HAL_Driver/Src/stm32f4xx_hal_cortex.o
 .debug_frame   0x000018e4      0x250 ./Drivers/STM32F4xx_HAL_Driver/Src/stm32f4xx_hal_dma.o
 .debug_frame   0x00001b34      0x14c ./Drivers/STM32F4xx_HAL_Driver/Src/stm32f4xx_hal_gpio.o
 .debug_frame   0x00001c80      0x1f4 ./Drivers/STM32F4xx_HAL_Driver/Src/stm32f4xx_hal_rcc.o
 .debug_frame   0x00001e74      0x1e8 ./Drivers/STM32F4xx_HAL_Driver/Src/stm32f4xx_hal_rcc_ex.o
 .debug_frame   0x0000205c     0x11c0 ./Drivers/STM32F4xx_HAL_Driver/Src/stm32f4xx_hal_tim.o
 .debug_frame   0x0000321c      0x638 ./Drivers/STM32F4xx_HAL_Driver/Src/stm32f4xx_hal_tim_ex.o
 .debug_frame   0x00003854      0x954 ./Drivers/STM32F4xx_HAL_Driver/Src/stm32f4xx_hal_uart.o
 .debug_frame   0x000041a8       0x20 D:/Programas/Nucleo/STM32CubeIDE/plugins/com.st.stm32cube.ide.mcu.externaltools.gnu-tools-for-stm32.12.3.rel1.win32_1.0.200.202406191623/tools/bin/../lib/gcc/arm-none-eabi/12.3.1/../../../../arm-none-eabi/lib/thumb/v7e-m+fp/hard\libc_nano.a(libc_a-memset.o)
 .debug_frame   0x000041c8       0x2c D:/Programas/Nucleo/STM32CubeIDE/plugins/com.st.stm32cube.ide.mcu.externaltools.gnu-tools-for-stm32.12.3.rel1.win32_1.0.200.202406191623/tools/bin/../lib/gcc/arm-none-eabi/12.3.1/../../../../arm-none-eabi/lib/thumb/v7e-m+fp/hard\libc_nano.a(libc_a-init.o)
 .debug_frame   0x000041f4       0x2c D:/Programas/Nucleo/STM32CubeIDE/plugins/com.st.stm32cube.ide.mcu.externaltools.gnu-tools-for-stm32.12.3.rel1.win32_1.0.200.202406191623/tools/bin/../lib/gcc/arm-none-eabi/12.3.1/thumb/v7e-m+fp/hard\libgcc.a(_aeabi_uldivmod.o)
 .debug_frame   0x00004220       0x34 D:/Programas/Nucleo/STM32CubeIDE/plugins/com.st.stm32cube.ide.mcu.externaltools.gnu-tools-for-stm32.12.3.rel1.win32_1.0.200.202406191623/tools/bin/../lib/gcc/arm-none-eabi/12.3.1/thumb/v7e-m+fp/hard\libgcc.a(_udivmoddi4.o)

.debug_line_str
                0x00000000       0x7d
 .debug_line_str
                0x00000000       0x7d ./Core/Startup/startup_stm32f446retx.o
