Archive member included to satisfy reference by file (symbol)

D:/Programas/Nucleo/STM32CubeIDE/plugins/com.st.stm32cube.ide.mcu.externaltools.gnu-tools-for-stm32.12.3.rel1.win32_1.0.200.202406191623/tools/bin/../lib/gcc/arm-none-eabi/12.3.1/../../../../arm-none-eabi/lib/thumb/v7e-m+fp/hard\libc_nano.a(libc_a-exit.o)
                              D:/Programas/Nucleo/STM32CubeIDE/plugins/com.st.stm32cube.ide.mcu.externaltools.gnu-tools-for-stm32.12.3.rel1.win32_1.0.200.202406191623/tools/bin/../lib/gcc/arm-none-eabi/12.3.1/../../../../arm-none-eabi/lib/thumb/v7e-m+fp/hard/crt0.o (exit)
D:/Programas/Nucleo/STM32CubeIDE/plugins/com.st.stm32cube.ide.mcu.externaltools.gnu-tools-for-stm32.12.3.rel1.win32_1.0.200.202406191623/tools/bin/../lib/gcc/arm-none-eabi/12.3.1/../../../../arm-none-eabi/lib/thumb/v7e-m+fp/hard\libc_nano.a(libc_a-findfp.o)
                              D:/Programas/Nucleo/STM32CubeIDE/plugins/com.st.stm32cube.ide.mcu.externaltools.gnu-tools-for-stm32.12.3.rel1.win32_1.0.200.202406191623/tools/bin/../lib/gcc/arm-none-eabi/12.3.1/../../../../arm-none-eabi/lib/thumb/v7e-m+fp/hard\libc_nano.a(libc_a-exit.o) (__stdio_exit_handler)
D:/Programas/Nucleo/STM32CubeIDE/plugins/com.st.stm32cube.ide.mcu.externaltools.gnu-tools-for-stm32.12.3.rel1.win32_1.0.200.202406191623/tools/bin/../lib/gcc/arm-none-eabi/12.3.1/../../../../arm-none-eabi/lib/thumb/v7e-m+fp/hard\libc_nano.a(libc_a-fwalk.o)
                              D:/Programas/Nucleo/STM32CubeIDE/plugins/com.st.stm32cube.ide.mcu.externaltools.gnu-tools-for-stm32.12.3.rel1.win32_1.0.200.202406191623/tools/bin/../lib/gcc/arm-none-eabi/12.3.1/../../../../arm-none-eabi/lib/thumb/v7e-m+fp/hard\libc_nano.a(libc_a-findfp.o) (_fwalk_sglue)
D:/Programas/Nucleo/STM32CubeIDE/plugins/com.st.stm32cube.ide.mcu.externaltools.gnu-tools-for-stm32.12.3.rel1.win32_1.0.200.202406191623/tools/bin/../lib/gcc/arm-none-eabi/12.3.1/../../../../arm-none-eabi/lib/thumb/v7e-m+fp/hard\libc_nano.a(libc_a-stdio.o)
                              D:/Programas/Nucleo/STM32CubeIDE/plugins/com.st.stm32cube.ide.mcu.externaltools.gnu-tools-for-stm32.12.3.rel1.win32_1.0.200.202406191623/tools/bin/../lib/gcc/arm-none-eabi/12.3.1/../../../../arm-none-eabi/lib/thumb/v7e-m+fp/hard\libc_nano.a(libc_a-findfp.o) (__sread)
D:/Programas/Nucleo/STM32CubeIDE/plugins/com.st.stm32cube.ide.mcu.externaltools.gnu-tools-for-stm32.12.3.rel1.win32_1.0.200.202406191623/tools/bin/../lib/gcc/arm-none-eabi/12.3.1/../../../../arm-none-eabi/lib/thumb/v7e-m+fp/hard\libc_nano.a(libc_a-memset.o)
                              D:/Programas/Nucleo/STM32CubeIDE/plugins/com.st.stm32cube.ide.mcu.externaltools.gnu-tools-for-stm32.12.3.rel1.win32_1.0.200.202406191623/tools/bin/../lib/gcc/arm-none-eabi/12.3.1/../../../../arm-none-eabi/lib/thumb/v7e-m+fp/hard/crt0.o (memset)
D:/Programas/Nucleo/STM32CubeIDE/plugins/com.st.stm32cube.ide.mcu.externaltools.gnu-tools-for-stm32.12.3.rel1.win32_1.0.200.202406191623/tools/bin/../lib/gcc/arm-none-eabi/12.3.1/../../../../arm-none-eabi/lib/thumb/v7e-m+fp/hard\libc_nano.a(libc_a-closer.o)
                              D:/Programas/Nucleo/STM32CubeIDE/plugins/com.st.stm32cube.ide.mcu.externaltools.gnu-tools-for-stm32.12.3.rel1.win32_1.0.200.202406191623/tools/bin/../lib/gcc/arm-none-eabi/12.3.1/../../../../arm-none-eabi/lib/thumb/v7e-m+fp/hard\libc_nano.a(libc_a-stdio.o) (_close_r)
D:/Programas/Nucleo/STM32CubeIDE/plugins/com.st.stm32cube.ide.mcu.externaltools.gnu-tools-for-stm32.12.3.rel1.win32_1.0.200.202406191623/tools/bin/../lib/gcc/arm-none-eabi/12.3.1/../../../../arm-none-eabi/lib/thumb/v7e-m+fp/hard\libc_nano.a(libc_a-reent.o)
                              D:/Programas/Nucleo/STM32CubeIDE/plugins/com.st.stm32cube.ide.mcu.externaltools.gnu-tools-for-stm32.12.3.rel1.win32_1.0.200.202406191623/tools/bin/../lib/gcc/arm-none-eabi/12.3.1/../../../../arm-none-eabi/lib/thumb/v7e-m+fp/hard\libc_nano.a(libc_a-closer.o) (errno)
D:/Programas/Nucleo/STM32CubeIDE/plugins/com.st.stm32cube.ide.mcu.externaltools.gnu-tools-for-stm32.12.3.rel1.win32_1.0.200.202406191623/tools/bin/../lib/gcc/arm-none-eabi/12.3.1/../../../../arm-none-eabi/lib/thumb/v7e-m+fp/hard\libc_nano.a(libc_a-impure.o)
                              D:/Programas/Nucleo/STM32CubeIDE/plugins/com.st.stm32cube.ide.mcu.externaltools.gnu-tools-for-stm32.12.3.rel1.win32_1.0.200.202406191623/tools/bin/../lib/gcc/arm-none-eabi/12.3.1/../../../../arm-none-eabi/lib/thumb/v7e-m+fp/hard\libc_nano.a(libc_a-reent.o) (_impure_ptr)
D:/Programas/Nucleo/STM32CubeIDE/plugins/com.st.stm32cube.ide.mcu.externaltools.gnu-tools-for-stm32.12.3.rel1.win32_1.0.200.202406191623/tools/bin/../lib/gcc/arm-none-eabi/12.3.1/../../../../arm-none-eabi/lib/thumb/v7e-m+fp/hard\libc_nano.a(libc_a-lseekr.o)
[...]
Memory Configuration

Name             Origin             Length             Attributes
RAM              0x20000000         0x00020000         xrw
FLASH            0x08000000         0x00080000         xr
*default*        0x00000000         0xffffffff

Linker script and memory map

LOAD D:/Programas/Nucleo/STM32CubeIDE/plugins/com.st.stm32cube.ide.mcu.externaltools.gnu-tools-for-stm32.12.3.rel1.win32_1.0.200.202406191623/tools/bin/../lib/gcc/arm-none-eabi/12.3.1/thumb/v7e-m+fp/hard/crti.o
LOAD D:/Programas/Nucleo/STM32CubeIDE/plugins/com.st.stm32cube.ide.mcu.externaltools.gnu-tools-for-stm32.12.3.rel1.win32_1.0.200.202406191623/tools/bin/../lib/gcc/arm-none-eabi/12.3.1/thumb/v7e-m+fp/hard/crtbegin.o
LOAD D:/Programas/Nucleo/STM32CubeIDE/plugins/com.st.stm32cube.ide.mcu.externaltools.gnu-tools-for-stm32.12.3.rel1.win32_1.0.200.202406191623/tools/bin/../lib/gcc/arm-none-eabi/12.3.1/../../../../arm-none-eabi/lib/thumb/v7e-m+fp/hard/crt0.o
LOAD ./Core/Src/main.o
LOAD ./Core/Src/neo_pixel.o
LOAD ./Core/Src/stm32f4xx_hal_msp.o
LOAD ./Core/Src/stm32f4xx_it.o
LOAD ./Core/Src/syscalls.o
LOAD ./Core/Src/sysmem.o
LOAD ./Core/Src/system_stm32f4xx.o
LOAD ./Core/Startup/startup_stm32f446retx.o
LOAD ./Drivers/STM32F4xx_HAL_Driver/Src/stm32f4xx_hal.o
LOAD ./Drivers/STM32F4xx_HAL_Driver/Src/stm32f4xx_hal_cortex.o
LOAD ./Drivers/STM32F4xx_HAL_Driver/Src/stm32f4xx_hal_dma.o
LOAD ./Drivers/STM32F4xx_HAL_Driver/Src/stm32f4xx_hal_dma_ex.o
LOAD ./Drivers/STM32F4xx_HAL_Driver/Src/stm32f4xx_hal_exti.o
LOAD ./Drivers/STM32F4xx_HAL_Driver/Src/stm32f4xx_hal_flash.o
LOAD ./Drivers/STM32F4xx_HAL_Driver/Src/stm32f4xx_hal_flash_ex.o
LOAD ./Drivers/STM32F4xx_HAL_Driver/Src/stm32f4xx_hal_flash_ramfunc.o
LOAD ./Drivers/STM32F4xx_HAL_Driver/Src/stm32f4xx_hal_gpio.o
LOAD ./Drivers/STM32F4xx_HAL_Driver/Src/stm32f4xx_hal_i2c.o
LOAD ./Drivers/STM32F4xx_HAL_Driver/Src/stm32f4xx_hal_i2c_ex.o
LOAD ./Drivers/STM32F4xx_HAL_Driver/Src/stm32f4xx_hal_pwr.o
LOAD ./Drivers/STM32F4xx_HAL_Driver/Src/stm32f4xx_hal_pwr_ex.o
LOAD ./Drivers/STM32F4xx_HAL_Driver/Src/stm32f4xx_hal_rcc.o
LOAD ./Drivers/STM32F4xx_HAL_Driver/Src/stm32f4xx_hal_rcc_ex.o
LOAD ./Drivers/STM32F4xx_HAL_Driver/Src/stm32f4xx_hal_tim.o
LOAD ./Drivers/STM32F4xx_HAL_Driver/Src/stm32f4xx_hal_tim_ex.o
START GROUP
LOAD D:/Programas/Nucleo/STM32CubeIDE/plugins/com.st.stm32cube.ide.mcu.externaltools.gnu-tools-for-stm32.12.3.rel1.win32_1.0.200.202406191623/tools/bin/../lib/gcc/arm-none-eabi/12.3.1/../../../../arm-none-eabi/lib/thumb/v7e-m+fp/hard\libc_nano.a
LOAD D:/Programas/Nucleo/STM32CubeIDE/plugins/com.st.stm32cube.ide.mcu.externaltools.gnu-tools-for-stm32.12.3.rel1.win32_1.0.200.202406191623/tools/bin/../lib/gcc/arm-none-eabi/12.3.1/../../../../arm-none-eabi/lib/thumb/v7e-m+fp/hard\libm.a
END GROUP
START GROUP
LOAD D:/Programas/Nucleo/STM32CubeIDE/plugins/com.st.stm32cube.ide.mcu.externaltools.gnu-tools-for-stm32.12.3.rel1.win32_1.0.200.202406191623/tools/bin/../lib/gcc/arm-none-eabi/12.3.1/thumb/v7e-m+fp/hard\libgcc.a
LOAD D:/Programas/Nucleo/STM32CubeIDE/plugins/com.st.stm32cube.ide.mcu.externaltools.gnu-tools-for-stm32.12.3.rel1.win32_1.0.200.202406191623/tools/bin/../lib/gcc/arm-none-eabi/12.3.1/../../../../arm-none-eabi/lib/thumb/v7e-m+fp/hard\libc_nano.a
END GROUP
START GROUP
LOAD D:/Programas/Nucleo/STM32CubeIDE/plugins/com.st.stm32cube.ide.mcu.externaltools.gnu-tools-for-stm32.12.3.rel1.win32_1.0.200.202406191623/tools/bin/../lib/gcc/arm-none-eabi/12.3.1/thumb/v7e-m+fp/hard\libgcc.a
LOAD D:/Programas/Nucleo/STM32CubeIDE/plugins/com.st.stm32cube.ide.mcu.externaltools.gnu-tools-for-stm32.12.3.rel1.win32_1.0.200.202406191623/tools/bin/../lib/gcc/arm-none-eabi/12.3.1/../../../../arm-none-eabi/lib/thumb/v7e-m+fp/hard\libc_nano.a
LOAD D:/Programas/Nucleo/STM32CubeIDE/plugins/com.st.stm32cube.ide.mcu.externaltools.gnu-tools-for-stm32.12.3.rel1.win32_1.0.200.202406191623/tools/bin/../lib/gcc/arm-none-eabi/12.3.1/../../../../arm-none-eabi/lib/thumb/v7e-m+fp/hard\libnosys.a
END GROUP
START GROUP
LOAD D:/Programas/Nucleo/STM32CubeIDE/plugins/com.st.stm32cube.ide.mcu.externaltools.gnu-tools-for-stm32.12.3.rel1.win32_1.0.200.202406191623/tools/bin/../lib/gcc/arm-none-eabi/12.3.1/thumb/v7e-m+fp/hard\libgcc.a
LOAD D:/Programas/Nucleo/STM32CubeIDE/plugins/com.st.stm32cube.ide.mcu.externaltools.gnu-tools-for-stm32.12.3.rel1.win32_1.0.200.202406191623/tools/bin/../lib/gcc/arm-none-eabi/12.3.1/../../../../arm-none-eabi/lib/thumb/v7e-m+fp/hard\libc_nano.a
LOAD D:/Programas/Nucleo/STM32CubeIDE/plugins/com.st.stm32cube.ide.mcu.externaltools.gnu-tools-for-stm32.12.3.rel1.win32_1.0.200.202406191623/tools/bin/../lib/gcc/arm-none-eabi/12.3.1/../../../../arm-none-eabi/lib/thumb/v7e-m+fp/hard\libnosys.a
END GROUP
LOAD D:/Programas/Nucleo/STM32CubeIDE/plugins/com.st.stm32cube.ide.mcu.externaltools.gnu-tools-for-stm32.12.3.rel1.win32_1.0.200.202406191623/tools/bin/../lib/gcc/arm-none-eabi/12.3.1/thumb/v7e-m+fp/hard/crtend.o
LOAD D:/Programas/Nucleo/STM32CubeIDE/plugins/com.st.stm32cube.ide.mcu.externaltools.gnu-tools-for-stm32.12.3.rel1.win32_1.0.200.202406191623/tools/bin/../lib/gcc/arm-none-eabi/12.3.1/thumb/v7e-m+fp/hard/crtn.o
                0x20020000                        _estack = (ORIGIN (RAM) + LENGTH (RAM))
                0x00000200                        _Min_Heap_Size = 0x200
                0x00000400                        _Min_Stack_Size = 0x400

.isr_vector     0x08000000      0x1c4
                0x08000000                        . = ALIGN (0x4)
 *(.isr_vector)
 .isr_vector    0x08000000      0x1c4 ./Core/Startup/startup_stm32f446retx.o
                0x08000000                g_pfnVectors
                0x080001c4                        . = ALIGN (0x4)

.text           0x080001c4     0x6438
                0x080001c4                        . = ALIGN (0x4)
 *(.text)
 .text          0x080001c4       0x40 D:/Programas/Nucleo/STM32CubeIDE/plugins/com.st.stm32cube.ide.mcu.externaltools.gnu-tools-for-stm32.12.3.rel1.win32_1.0.200.202406191623/tools/bin/../lib/gcc/arm-none-eabi/12.3.1/thumb/v7e-m+fp/hard/crtbegin.o
 .text          0x08000204       0x30 D:/Programas/Nucleo/STM32CubeIDE/plugins/com.st.stm32cube.ide.mcu.externaltools.gnu-tools-for-stm32.12.3.rel1.win32_1.0.200.202406191623/tools/bin/../lib/gcc/arm-none-eabi/12.3.1/thumb/v7e-m+fp/hard\libgcc.a(_aeabi_uldivmod.o)
                0x08000204                __aeabi_uldivmod
 .text          0x08000234      0x2bc D:/Programas/Nucleo/STM32CubeIDE/plugins/com.st.stm32cube.ide.mcu.externaltools.gnu-tools-for-stm32.12.3.rel1.win32_1.0.200.202406191623/tools/bin/../lib/gcc/arm-none-eabi/12.3.1/thumb/v7e-m+fp/hard\libgcc.a(_udivmoddi4.o)
                0x08000234                __udivmoddi4
 .text          0x080004f0        0x4 D:/Programas/Nucleo/STM32CubeIDE/plugins/com.st.stm32cube.ide.mcu.externaltools.gnu-tools-for-stm32.12.3.rel1.win32_1.0.200.202406191623/tools/bin/../lib/gcc/arm-none-eabi/12.3.1/thumb/v7e-m+fp/hard\libgcc.a(_dvmd_tls.o)
                0x080004f0                __aeabi_idiv0
                0x080004f0                __aeabi_ldiv0
 *(.text*)
 .text.HAL_GPIO_EXTI_Callback
                0x080004f4      0x6d4 ./Core/Src/main.o
                0x080004f4                HAL_GPIO_EXTI_Callback
 .text.main     0x08000bc8      0x2bc ./Core/Src/main.o
                0x08000bc8                main
 .text.SystemClock_Config
                0x08000e84       0xd8 ./Core/Src/main.o
                0x08000e84                SystemClock_Config
 .text.MX_I2C1_Init
                0x08000f5c       0x5c ./Core/Src/main.o
 .text.MX_TIM3_Init
                0x08000fb8       0xb0 ./Core/Src/main.o
 .text.MX_DMA_Init
                0x08001068       0x40 ./Core/Src/main.o
 .text.MX_GPIO_Init
                0x080010a8      0x1a4 ./Core/Src/main.o
 .text.setSegment
                0x0800124c       0x90 ./Core/Src/main.o
                0x0800124c                setSegment
 .text.display0
                0x080012dc       0x24 ./Core/Src/main.o
                0x080012dc                display0
 .text.display1
                0x08001300       0x24 ./Core/Src/main.o
                0x08001300                display1
 .text.display2
                0x08001324       0x24 ./Core/Src/main.o
                0x08001324                display2
 .text.display3
                0x08001348       0x24 ./Core/Src/main.o
                0x08001348                display3
 .text.display4
                0x0800136c       0x24 ./Core/Src/main.o
                0x0800136c                display4
 .text.display5
                0x08001390       0x24 ./Core/Src/main.o
                0x08001390                display5
 .text.display6
                0x080013b4       0x24 ./Core/Src/main.o
                0x080013b4                display6
 .text.display7
                0x080013d8       0x24 ./Core/Src/main.o
                0x080013d8                display7
 .text.display8
                0x080013fc       0x24 ./Core/Src/main.o
                0x080013fc                display8
 .text.Error_Handler
                0x08001420        0xc ./Core/Src/main.o
                0x08001420                Error_Handler
 .text.reset_all_leds
                0x0800142c       0x8c ./Core/Src/neo_pixel.o
                0x0800142c                reset_all_leds
 .text.set_specific_led
                0x080014b8      0x120 ./Core/Src/neo_pixel.o
                0x080014b8                set_specific_led
 .text.set_pattern_led
                0x080015d8       0x44 ./Core/Src/neo_pixel.o
                0x080015d8                set_pattern_led
 .text.HAL_MspInit
                0x0800161c       0x50 ./Core/Src/stm32f4xx_hal_msp.o
                0x0800161c                HAL_MspInit
 .text.HAL_I2C_MspInit
                0x0800166c       0xb0 ./Core/Src/stm32f4xx_hal_msp.o
                0x0800166c                HAL_I2C_MspInit
 .text.HAL_TIM_PWM_MspInit
                0x0800171c       0xc4 ./Core/Src/stm32f4xx_hal_msp.o
                0x0800171c                HAL_TIM_PWM_MspInit
 .text.HAL_TIM_MspPostInit
                0x080017e0       0x74 ./Core/Src/stm32f4xx_hal_msp.o
                0x080017e0                HAL_TIM_MspPostInit
 .text.NMI_Handler
                0x08001854        0x8 ./Core/Src/stm32f4xx_it.o
                0x08001854                NMI_Handler
 .text.HardFault_Handler
                0x0800185c        0x8 ./Core/Src/stm32f4xx_it.o
                0x0800185c                HardFault_Handler
 .text.MemManage_Handler
                0x08001864        0x8 ./Core/Src/stm32f4xx_it.o
                0x08001864                MemManage_Handler
 .text.BusFault_Handler
                0x0800186c        0x8 ./Core/Src/stm32f4xx_it.o
                0x0800186c                BusFault_Handler
 .text.UsageFault_Handler
                0x08001874        0x8 ./Core/Src/stm32f4xx_it.o
                0x08001874                UsageFault_Handler
 .text.SVC_Handler
                0x0800187c        0xe ./Core/Src/stm32f4xx_it.o
                0x0800187c                SVC_Handler
 .text.DebugMon_Handler
                0x0800188a        0xe ./Core/Src/stm32f4xx_it.o
                0x0800188a                DebugMon_Handler
 .text.PendSV_Handler
                0x08001898        0xe ./Core/Src/stm32f4xx_it.o
                0x08001898                PendSV_Handler
 .text.SysTick_Handler
                0x080018a6        0xc ./Core/Src/stm32f4xx_it.o
                0x080018a6                SysTick_Handler
 .text.EXTI0_IRQHandler
                0x080018b2        0xe ./Core/Src/stm32f4xx_it.o
                0x080018b2                EXTI0_IRQHandler
 .text.EXTI1_IRQHandler
                0x080018c0        0xe ./Core/Src/stm32f4xx_it.o
                0x080018c0                EXTI1_IRQHandler
 .text.EXTI3_IRQHandler
                0x080018ce        0xe ./Core/Src/stm32f4xx_it.o
                0x080018ce                EXTI3_IRQHandler
 .text.EXTI4_IRQHandler
                0x080018dc        0xe ./Core/Src/stm32f4xx_it.o
                0x080018dc                EXTI4_IRQHandler
 *fill*         0x080018ea        0x2 
 .text.DMA1_Stream4_IRQHandler
                0x080018ec       0x14 ./Core/Src/stm32f4xx_it.o
                0x080018ec                DMA1_Stream4_IRQHandler
 .text.EXTI9_5_IRQHandler
                0x08001900       0x1c ./Core/Src/stm32f4xx_it.o
                0x08001900                EXTI9_5_IRQHandler
 .text.TIM3_IRQHandler
                0x0800191c       0x14 ./Core/Src/stm32f4xx_it.o
                0x0800191c                TIM3_IRQHandler
 .text.I2C1_EV_IRQHandler
                0x08001930       0x14 ./Core/Src/stm32f4xx_it.o
                0x08001930                I2C1_EV_IRQHandler
 .text.I2C1_ER_IRQHandler
                0x08001944       0x14 ./Core/Src/stm32f4xx_it.o
                0x08001944                I2C1_ER_IRQHandler
 .text.EXTI15_10_IRQHandler
                0x08001958       0x10 ./Core/Src/stm32f4xx_it.o
                0x08001958                EXTI15_10_IRQHandler
 .text.SystemInit
                0x08001968       0x24 ./Core/Src/system_stm32f4xx.o
                0x08001968                SystemInit
 .text.Reset_Handler
                0x0800198c       0x50 ./Core/Startup/startup_stm32f446retx.o
                0x0800198c                Reset_Handler
 .text.Default_Handler
                0x080019dc        0x2 ./Core/Startup/startup_stm32f446retx.o
                0x080019dc                RTC_Alarm_IRQHandler
                0x080019dc                EXTI2_IRQHandler
                0x080019dc                TIM8_CC_IRQHandler
                0x080019dc                FMPI2C1_EV_IRQHandler
                0x080019dc                SPI4_IRQHandler
                0x080019dc                TIM1_CC_IRQHandler
                0x080019dc                DMA2_Stream5_IRQHandler
                0x080019dc                DMA1_Stream5_IRQHandler
                0x080019dc                PVD_IRQHandler
                0x080019dc                SDIO_IRQHandler
                0x080019dc                TAMP_STAMP_IRQHandler
                0x080019dc                CAN2_RX1_IRQHandler
                0x080019dc                TIM8_TRG_COM_TIM14_IRQHandler
                0x080019dc                TIM1_UP_TIM10_IRQHandler
                0x080019dc                TIM8_UP_TIM13_IRQHandler
                0x080019dc                I2C3_ER_IRQHandler
                0x080019dc                I2C2_EV_IRQHandler
                0x080019dc                DMA1_Stream2_IRQHandler
                0x080019dc                CAN1_RX0_IRQHandler
                0x080019dc                FPU_IRQHandler
                0x080019dc                OTG_HS_WKUP_IRQHandler
                0x080019dc                CAN2_SCE_IRQHandler
                0x080019dc                DMA2_Stream2_IRQHandler
                0x080019dc                SPI1_IRQHandler
                0x080019dc                TIM6_DAC_IRQHandler
                0x080019dc                TIM1_BRK_TIM9_IRQHandler
                0x080019dc                DCMI_IRQHandler
                0x080019dc                CAN2_RX0_IRQHandler
                0x080019dc                DMA2_Stream3_IRQHandler
                0x080019dc                SAI2_IRQHandler
                0x080019dc                USART6_IRQHandler
                0x080019dc                USART3_IRQHandler
                0x080019dc                CAN1_RX1_IRQHandler
                0x080019dc                UART5_IRQHandler
                0x080019dc                DMA2_Stream0_IRQHandler
                0x080019dc                TIM4_IRQHandler
                0x080019dc                QUADSPI_IRQHandler
                0x080019dc                DMA1_Stream6_IRQHandler
                0x080019dc                DMA1_Stream1_IRQHandler
                0x080019dc                UART4_IRQHandler
                0x080019dc                RCC_IRQHandler
                0x080019dc                TIM8_BRK_TIM12_IRQHandler
                0x080019dc                Default_Handler
                0x080019dc                CEC_IRQHandler
                0x080019dc                ADC_IRQHandler
                0x080019dc                DMA1_Stream7_IRQHandler
                0x080019dc                TIM7_IRQHandler
                0x080019dc                CAN2_TX_IRQHandler
                0x080019dc                TIM5_IRQHandler
                0x080019dc                DMA2_Stream7_IRQHandler
                0x080019dc                I2C3_EV_IRQHandler
                0x080019dc                RTC_WKUP_IRQHandler
                0x080019dc                SPDIF_RX_IRQHandler
                0x080019dc                SPI2_IRQHandler
                0x080019dc                OTG_HS_EP1_IN_IRQHandler
                0x080019dc                DMA1_Stream0_IRQHandler
                0x080019dc                CAN1_TX_IRQHandler
                0x080019dc                FMPI2C1_ER_IRQHandler
                0x080019dc                OTG_HS_EP1_OUT_IRQHandler
                0x080019dc                WWDG_IRQHandler
                0x080019dc                TIM2_IRQHandler
                0x080019dc                OTG_FS_WKUP_IRQHandler
                0x080019dc                TIM1_TRG_COM_TIM11_IRQHandler
                0x080019dc                OTG_HS_IRQHandler
                0x080019dc                USART2_IRQHandler
                0x080019dc                I2C2_ER_IRQHandler
                0x080019dc                DMA2_Stream1_IRQHandler
                0x080019dc                CAN1_SCE_IRQHandler
                0x080019dc                FLASH_IRQHandler
                0x080019dc                DMA2_Stream4_IRQHandler
                0x080019dc                USART1_IRQHandler
                0x080019dc                OTG_FS_IRQHandler
                0x080019dc                SPI3_IRQHandler
                0x080019dc                FMC_IRQHandler
                0x080019dc                DMA2_Stream6_IRQHandler
                0x080019dc                SAI1_IRQHandler
                0x080019dc                DMA1_Stream3_IRQHandler
 *fill*         0x080019de        0x2 
 .text.HAL_Init
                0x080019e0       0x44 ./Drivers/STM32F4xx_HAL_Driver/Src/stm32f4xx_hal.o
                0x080019e0                HAL_Init
 .text.HAL_InitTick
                0x08001a24       0x60 ./Drivers/STM32F4xx_HAL_Driver/Src/stm32f4xx_hal.o
                0x08001a24                HAL_InitTick
 .text.HAL_IncTick
                0x08001a84       0x28 ./Drivers/STM32F4xx_HAL_Driver/Src/stm32f4xx_hal.o
                0x08001a84                HAL_IncTick
 .text.HAL_GetTick
                0x08001aac       0x18 ./Drivers/STM32F4xx_HAL_Driver/Src/stm32f4xx_hal.o
                0x08001aac                HAL_GetTick
 .text.HAL_Delay
                0x08001ac4       0x48 ./Drivers/STM32F4xx_HAL_Driver/Src/stm32f4xx_hal.o
                0x08001ac4                HAL_Delay
 .text.__NVIC_SetPriorityGrouping
                0x08001b0c       0x48 ./Drivers/STM32F4xx_HAL_Driver/Src/stm32f4xx_hal_cortex.o
 .text.__NVIC_GetPriorityGrouping
                0x08001b54       0x1c ./Drivers/STM32F4xx_HAL_Driver/Src/stm32f4xx_hal_cortex.o
 .text.__NVIC_EnableIRQ
                0x08001b70       0x3c ./Drivers/STM32F4xx_HAL_Driver/Src/stm32f4xx_hal_cortex.o
 .text.__NVIC_SetPriority
                0x08001bac       0x54 ./Drivers/STM32F4xx_HAL_Driver/Src/stm32f4xx_hal_cortex.o
 .text.NVIC_EncodePriority
                0x08001c00       0x66 ./Drivers/STM32F4xx_HAL_Driver/Src/stm32f4xx_hal_cortex.o
 *fill*         0x08001c66        0x2 
 .text.SysTick_Config
                0x08001c68       0x44 ./Drivers/STM32F4xx_HAL_Driver/Src/stm32f4xx_hal_cortex.o
 .text.HAL_NVIC_SetPriorityGrouping
                0x08001cac       0x16 ./Drivers/STM32F4xx_HAL_Driver/Src/stm32f4xx_hal_cortex.o
                0x08001cac                HAL_NVIC_SetPriorityGrouping
 .text.HAL_NVIC_SetPriority
                0x08001cc2       0x38 ./Drivers/STM32F4xx_HAL_Driver/Src/stm32f4xx_hal_cortex.o
                0x08001cc2                HAL_NVIC_SetPriority
 .text.HAL_NVIC_EnableIRQ
                0x08001cfa       0x1c ./Drivers/STM32F4xx_HAL_Driver/Src/stm32f4xx_hal_cortex.o
                0x08001cfa                HAL_NVIC_EnableIRQ
 .text.HAL_SYSTICK_Config
                0x08001d16       0x18 ./Drivers/STM32F4xx_HAL_Driver/Src/stm32f4xx_hal_cortex.o
                0x08001d16                HAL_SYSTICK_Config
 *fill*         0x08001d2e        0x2 
 .text.HAL_DMA_Init
                0x08001d30      0x15c ./Drivers/STM32F4xx_HAL_Driver/Src/stm32f4xx_hal_dma.o
                0x08001d30                HAL_DMA_Init
 .text.HAL_DMA_Start_IT
                0x08001e8c       0xb0 ./Drivers/STM32F4xx_HAL_Driver/Src/stm32f4xx_hal_dma.o
                0x08001e8c                HAL_DMA_Start_IT
 .text.HAL_DMA_Abort_IT
                0x08001f3c       0x44 ./Drivers/STM32F4xx_HAL_Driver/Src/stm32f4xx_hal_dma.o
                0x08001f3c                HAL_DMA_Abort_IT
 .text.HAL_DMA_IRQHandler
                0x08001f80      0x314 ./Drivers/STM32F4xx_HAL_Driver/Src/stm32f4xx_hal_dma.o
                0x08001f80                HAL_DMA_IRQHandler
 .text.HAL_DMA_GetState
                0x08002294       0x1c ./Drivers/STM32F4xx_HAL_Driver/Src/stm32f4xx_hal_dma.o
                0x08002294                HAL_DMA_GetState
 .text.DMA_SetConfig
                0x080022b0       0x5c ./Drivers/STM32F4xx_HAL_Driver/Src/stm32f4xx_hal_dma.o
 .text.DMA_CalcBaseAndBitshift
                0x0800230c       0x6c ./Drivers/STM32F4xx_HAL_Driver/Src/stm32f4xx_hal_dma.o
 .text.DMA_CheckFifoParam
                0x08002378       0xf8 ./Drivers/STM32F4xx_HAL_Driver/Src/stm32f4xx_hal_dma.o
 .text.HAL_GPIO_Init
                0x08002470      0x328 ./Drivers/STM32F4xx_HAL_Driver/Src/stm32f4xx_hal_gpio.o
                0x08002470                HAL_GPIO_Init
 .text.HAL_GPIO_WritePin
                0x08002798       0x32 ./Drivers/STM32F4xx_HAL_Driver/Src/stm32f4xx_hal_gpio.o
                0x08002798                HAL_GPIO_WritePin
 *fill*         0x080027ca        0x2 
 .text.HAL_GPIO_EXTI_IRQHandler
                0x080027cc       0x30 ./Drivers/STM32F4xx_HAL_Driver/Src/stm32f4xx_hal_gpio.o
                0x080027cc                HAL_GPIO_EXTI_IRQHandler
 .text.HAL_I2C_Init
                0x080027fc      0x288 ./Drivers/STM32F4xx_HAL_Driver/Src/stm32f4xx_hal_i2c.o
                0x080027fc                HAL_I2C_Init
 .text.I2C_Flush_DR
                0x08002a84       0x2a ./Drivers/STM32F4xx_HAL_Driver/Src/stm32f4xx_hal_i2c.o
 *fill*         0x08002aae        0x2 
 .text.HAL_I2C_Master_Transmit
                0x08002ab0      0x1fc ./Drivers/STM32F4xx_HAL_Driver/Src/stm32f4xx_hal_i2c.o
                0x08002ab0                HAL_I2C_Master_Transmit
 .text.HAL_I2C_EV_IRQHandler
                0x08002cac      0x2a6 ./Drivers/STM32F4xx_HAL_Driver/Src/stm32f4xx_hal_i2c.o
                0x08002cac                HAL_I2C_EV_IRQHandler
 .text.HAL_I2C_ER_IRQHandler
                0x08002f52      0x13e ./Drivers/STM32F4xx_HAL_Driver/Src/stm32f4xx_hal_i2c.o
                0x08002f52                HAL_I2C_ER_IRQHandler
 .text.HAL_I2C_MasterTxCpltCallback
                0x08003090       0x14 ./Drivers/STM32F4xx_HAL_Driver/Src/stm32f4xx_hal_i2c.o
                0x08003090                HAL_I2C_MasterTxCpltCallback
 .text.HAL_I2C_MasterRxCpltCallback
                0x080030a4       0x14 ./Drivers/STM32F4xx_HAL_Driver/Src/stm32f4xx_hal_i2c.o
                0x080030a4                HAL_I2C_MasterRxCpltCallback
 .text.HAL_I2C_SlaveTxCpltCallback
                0x080030b8       0x14 ./Drivers/STM32F4xx_HAL_Driver/Src/stm32f4xx_hal_i2c.o
                0x080030b8                HAL_I2C_SlaveTxCpltCallback
 .text.HAL_I2C_SlaveRxCpltCallback
                0x080030cc       0x14 ./Drivers/STM32F4xx_HAL_Driver/Src/stm32f4xx_hal_i2c.o
                0x080030cc                HAL_I2C_SlaveRxCpltCallback
 .text.HAL_I2C_AddrCallback
                0x080030e0       0x1c ./Drivers/STM32F4xx_HAL_Driver/Src/stm32f4xx_hal_i2c.o
                0x080030e0                HAL_I2C_AddrCallback
 .text.HAL_I2C_ListenCpltCallback
                0x080030fc       0x14 ./Drivers/STM32F4xx_HAL_Driver/Src/stm32f4xx_hal_i2c.o
                0x080030fc                HAL_I2C_ListenCpltCallback
 .text.HAL_I2C_MemTxCpltCallback
                0x08003110       0x14 ./Drivers/STM32F4xx_HAL_Driver/Src/stm32f4xx_hal_i2c.o
                0x08003110                HAL_I2C_MemTxCpltCallback
 .text.HAL_I2C_MemRxCpltCallback
                0x08003124       0x14 ./Drivers/STM32F4xx_HAL_Driver/Src/stm32f4xx_hal_i2c.o
                0x08003124                HAL_I2C_MemRxCpltCallback
 .text.HAL_I2C_ErrorCallback
                0x08003138       0x14 ./Drivers/STM32F4xx_HAL_Driver/Src/stm32f4xx_hal_i2c.o
                0x08003138                HAL_I2C_ErrorCallback
 .text.HAL_I2C_AbortCpltCallback
                0x0800314c       0x14 ./Drivers/STM32F4xx_HAL_Driver/Src/stm32f4xx_hal_i2c.o
                0x0800314c                HAL_I2C_AbortCpltCallback
 .text.I2C_MasterTransmit_TXE
                0x08003160      0x138 ./Drivers/STM32F4xx_HAL_Driver/Src/stm32f4xx_hal_i2c.o
 .text.I2C_MasterTransmit_BTF
                0x08003298       0xec ./Drivers/STM32F4xx_HAL_Driver/Src/stm32f4xx_hal_i2c.o
 .text.I2C_MemoryTransmit_TXE_BTF
                0x08003384      0x130 ./Drivers/STM32F4xx_HAL_Driver/Src/stm32f4xx_hal_i2c.o
 .text.I2C_MasterReceive_RXNE
                0x080034b4      0x190 ./Drivers/STM32F4xx_HAL_Driver/Src/stm32f4xx_hal_i2c.o
 .text.I2C_MasterReceive_BTF
                0x08003644      0x1ea ./Drivers/STM32F4xx_HAL_Driver/Src/stm32f4xx_hal_i2c.o
 .text.I2C_Master_SB
                0x0800382e      0x10c ./Drivers/STM32F4xx_HAL_Driver/Src/stm32f4xx_hal_i2c.o
 .text.I2C_Master_ADD10
                0x0800393a       0x54 ./Drivers/STM32F4xx_HAL_Driver/Src/stm32f4xx_hal_i2c.o
 .text.I2C_Master_ADDR
                0x0800398e      0x322 ./Drivers/STM32F4xx_HAL_Driver/Src/stm32f4xx_hal_i2c.o
 .text.I2C_SlaveTransmit_TXE
                0x08003cb0       0x7a ./Drivers/STM32F4xx_HAL_Driver/Src/stm32f4xx_hal_i2c.o
 .text.I2C_SlaveTransmit_BTF
                0x08003d2a       0x42 ./Drivers/STM32F4xx_HAL_Driver/Src/stm32f4xx_hal_i2c.o
 .text.I2C_SlaveReceive_RXNE
                0x08003d6c       0x7c ./Drivers/STM32F4xx_HAL_Driver/Src/stm32f4xx_hal_i2c.o
 .text.I2C_SlaveReceive_BTF
                0x08003de8       0x44 ./Drivers/STM32F4xx_HAL_Driver/Src/stm32f4xx_hal_i2c.o
 .text.I2C_Slave_ADDR
                0x08003e2c       0x90 ./Drivers/STM32F4xx_HAL_Driver/Src/stm32f4xx_hal_i2c.o
 .text.I2C_Slave_STOPF
                0x08003ebc      0x260 ./Drivers/STM32F4xx_HAL_Driver/Src/stm32f4xx_hal_i2c.o
 .text.I2C_Slave_AF
                0x0800411c       0xe8 ./Drivers/STM32F4xx_HAL_Driver/Src/stm32f4xx_hal_i2c.o
 .text.I2C_ITError
                0x08004204      0x264 ./Drivers/STM32F4xx_HAL_Driver/Src/stm32f4xx_hal_i2c.o
 .text.I2C_MasterRequestWrite
                0x08004468      0x104 ./Drivers/STM32F4xx_HAL_Driver/Src/stm32f4xx_hal_i2c.o
 .text.I2C_DMAAbort
                0x0800456c      0x150 ./Drivers/STM32F4xx_HAL_Driver/Src/stm32f4xx_hal_i2c.o
 .text.I2C_WaitOnFlagUntilTimeout
                0x080046bc       0xf4 ./Drivers/STM32F4xx_HAL_Driver/Src/stm32f4xx_hal_i2c.o
 .text.I2C_WaitOnMasterAddressFlagUntilTimeout
                0x080047b0      0x140 ./Drivers/STM32F4xx_HAL_Driver/Src/stm32f4xx_hal_i2c.o
 .text.I2C_WaitOnTXEFlagUntilTimeout
                0x080048f0       0x90 ./Drivers/STM32F4xx_HAL_Driver/Src/stm32f4xx_hal_i2c.o
 .text.I2C_WaitOnBTFFlagUntilTimeout
                0x08004980       0x90 ./Drivers/STM32F4xx_HAL_Driver/Src/stm32f4xx_hal_i2c.o
 .text.I2C_WaitOnSTOPRequestThroughIT
                0x08004a10       0x64 ./Drivers/STM32F4xx_HAL_Driver/Src/stm32f4xx_hal_i2c.o
 .text.I2C_IsAcknowledgeFailed
                0x08004a74       0x5e ./Drivers/STM32F4xx_HAL_Driver/Src/stm32f4xx_hal_i2c.o
 .text.I2C_ConvertOtherXferOptions
                0x08004ad2       0x36 ./Drivers/STM32F4xx_HAL_Driver/Src/stm32f4xx_hal_i2c.o
 .text.HAL_RCC_ClockConfig
                0x08004b08      0x1cc ./Drivers/STM32F4xx_HAL_Driver/Src/stm32f4xx_hal_rcc.o
                0x08004b08                HAL_RCC_ClockConfig
 .text.HAL_RCC_GetHCLKFreq
                0x08004cd4       0x18 ./Drivers/STM32F4xx_HAL_Driver/Src/stm32f4xx_hal_rcc.o
                0x08004cd4                HAL_RCC_GetHCLKFreq
 .text.HAL_RCC_GetPCLK1Freq
                0x08004cec       0x28 ./Drivers/STM32F4xx_HAL_Driver/Src/stm32f4xx_hal_rcc.o
                0x08004cec                HAL_RCC_GetPCLK1Freq
 .text.HAL_RCC_GetSysClockFreq
                0x08004d14      0x354 ./Drivers/STM32F4xx_HAL_Driver/Src/stm32f4xx_hal_rcc_ex.o
                0x08004d14                HAL_RCC_GetSysClockFreq
 .text.HAL_RCC_OscConfig
                0x08005068      0x53c ./Drivers/STM32F4xx_HAL_Driver/Src/stm32f4xx_hal_rcc_ex.o
                0x08005068                HAL_RCC_OscConfig
 .text.HAL_TIM_PWM_Init
                0x080055a4       0x9e ./Drivers/STM32F4xx_HAL_Driver/Src/stm32f4xx_hal_tim.o
                0x080055a4                HAL_TIM_PWM_Init
 *fill*         0x08005642        0x2 
 .text.HAL_TIM_PWM_Start_DMA
                0x08005644      0x390 ./Drivers/STM32F4xx_HAL_Driver/Src/stm32f4xx_hal_tim.o
                0x08005644                HAL_TIM_PWM_Start_DMA
 .text.HAL_TIM_IRQHandler
                0x080059d4      0x1e0 ./Drivers/STM32F4xx_HAL_Driver/Src/stm32f4xx_hal_tim.o
                0x080059d4                HAL_TIM_IRQHandler
 .text.HAL_TIM_PWM_ConfigChannel
                0x08005bb4      0x184 ./Drivers/STM32F4xx_HAL_Driver/Src/stm32f4xx_hal_tim.o
                0x08005bb4                HAL_TIM_PWM_ConfigChannel
 .text.HAL_TIM_PeriodElapsedCallback
                0x08005d38       0x14 ./Drivers/STM32F4xx_HAL_Driver/Src/stm32f4xx_hal_tim.o
                0x08005d38                HAL_TIM_PeriodElapsedCallback
 .text.HAL_TIM_OC_DelayElapsedCallback
                0x08005d4c       0x14 ./Drivers/STM32F4xx_HAL_Driver/Src/stm32f4xx_hal_tim.o
                0x08005d4c                HAL_TIM_OC_DelayElapsedCallback
 .text.HAL_TIM_IC_CaptureCallback
                0x08005d60       0x14 ./Drivers/STM32F4xx_HAL_Driver/Src/stm32f4xx_hal_tim.o
                0x08005d60                HAL_TIM_IC_CaptureCallback
 .text.HAL_TIM_PWM_PulseFinishedCallback
                0x08005d74       0x14 ./Drivers/STM32F4xx_HAL_Driver/Src/stm32f4xx_hal_tim.o
                0x08005d74                HAL_TIM_PWM_PulseFinishedCallback
 .text.HAL_TIM_PWM_PulseFinishedHalfCpltCallback
                0x08005d88       0x14 ./Drivers/STM32F4xx_HAL_Driver/Src/stm32f4xx_hal_tim.o
                0x08005d88                HAL_TIM_PWM_PulseFinishedHalfCpltCallback
 .text.HAL_TIM_TriggerCallback
                0x08005d9c       0x14 ./Drivers/STM32F4xx_HAL_Driver/Src/stm32f4xx_hal_tim.o
                0x08005d9c                HAL_TIM_TriggerCallback
 .text.HAL_TIM_ErrorCallback
                0x08005db0       0x14 ./Drivers/STM32F4xx_HAL_Driver/Src/stm32f4xx_hal_tim.o
                0x08005db0                HAL_TIM_ErrorCallback
 .text.TIM_DMAError
                0x08005dc4       0x92 ./Drivers/STM32F4xx_HAL_Driver/Src/stm32f4xx_hal_tim.o
                0x08005dc4                TIM_DMAError
 .text.TIM_DMADelayPulseCplt
                0x08005e56       0xa8 ./Drivers/STM32F4xx_HAL_Driver/Src/stm32f4xx_hal_tim.o
 .text.TIM_DMADelayPulseHalfCplt
                0x08005efe       0x68 ./Drivers/STM32F4xx_HAL_Driver/Src/stm32f4xx_hal_tim.o
                0x08005efe                TIM_DMADelayPulseHalfCplt
 *fill*         0x08005f66        0x2 
 .text.TIM_Base_SetConfig
                0x08005f68      0x158 ./Drivers/STM32F4xx_HAL_Driver/Src/stm32f4xx_hal_tim.o
                0x08005f68                TIM_Base_SetConfig
 .text.TIM_OC1_SetConfig
                0x080060c0       0xe0 ./Drivers/STM32F4xx_HAL_Driver/Src/stm32f4xx_hal_tim.o
 .text.TIM_OC2_SetConfig
                0x080061a0       0xec ./Drivers/STM32F4xx_HAL_Driver/Src/stm32f4xx_hal_tim.o
                0x080061a0                TIM_OC2_SetConfig
 .text.TIM_OC3_SetConfig
                0x0800628c       0xe8 ./Drivers/STM32F4xx_HAL_Driver/Src/stm32f4xx_hal_tim.o
 .text.TIM_OC4_SetConfig
                0x08006374       0xac ./Drivers/STM32F4xx_HAL_Driver/Src/stm32f4xx_hal_tim.o
 .text.TIM_CCxChannelCmd
                0x08006420       0x4a ./Drivers/STM32F4xx_HAL_Driver/Src/stm32f4xx_hal_tim.o
                0x08006420                TIM_CCxChannelCmd
 *fill*         0x0800646a        0x2 
 .text.HAL_TIMEx_MasterConfigSynchronization
                0x0800646c       0xf8 ./Drivers/STM32F4xx_HAL_Driver/Src/stm32f4xx_hal_tim_ex.o
                0x0800646c                HAL_TIMEx_MasterConfigSynchronization
 .text.HAL_TIMEx_CommutCallback
                0x08006564       0x14 ./Drivers/STM32F4xx_HAL_Driver/Src/stm32f4xx_hal_tim_ex.o
                0x08006564                HAL_TIMEx_CommutCallback
 .text.HAL_TIMEx_BreakCallback
                0x08006578       0x14 ./Drivers/STM32F4xx_HAL_Driver/Src/stm32f4xx_hal_tim_ex.o
                0x08006578                HAL_TIMEx_BreakCallback
 .text.memset   0x0800658c       0x10 D:/Programas/Nucleo/STM32CubeIDE/plugins/com.st.stm32cube.ide.mcu.externaltools.gnu-tools-for-stm32.12.3.rel1.win32_1.0.200.202406191623/tools/bin/../lib/gcc/arm-none-eabi/12.3.1/../../../../arm-none-eabi/lib/thumb/v7e-m+fp/hard\libc_nano.a(libc_a-memset.o)
                0x0800658c                memset
 .text.__libc_init_array
                0x0800659c       0x48 D:/Programas/Nucleo/STM32CubeIDE/plugins/com.st.stm32cube.ide.mcu.externaltools.gnu-tools-for-stm32.12.3.rel1.win32_1.0.200.202406191623/tools/bin/../lib/gcc/arm-none-eabi/12.3.1/../../../../arm-none-eabi/lib/thumb/v7e-m+fp/hard\libc_nano.a(libc_a-init.o)
                0x0800659c                __libc_init_array
 *(.glue_7)
 .glue_7        0x080065e4        0x0 linker stubs
 *(.glue_7t)
 .glue_7t       0x080065e4        0x0 linker stubs
 *(.eh_frame)
 .eh_frame      0x080065e4        0x0 D:/Programas/Nucleo/STM32CubeIDE/plugins/com.st.stm32cube.ide.mcu.externaltools.gnu-tools-for-stm32.12.3.rel1.win32_1.0.200.202406191623/tools/bin/../lib/gcc/arm-none-eabi/12.3.1/thumb/v7e-m+fp/hard/crtbegin.o
 *(.init)
 .init          0x080065e4        0x4 D:/Programas/Nucleo/STM32CubeIDE/plugins/com.st.stm32cube.ide.mcu.externaltools.gnu-tools-for-stm32.12.3.rel1.win32_1.0.200.202406191623/tools/bin/../lib/gcc/arm-none-eabi/12.3.1/thumb/v7e-m+fp/hard/crti.o
                0x080065e4                _init
 .init          0x080065e8        0x8 D:/Programas/Nucleo/STM32CubeIDE/plugins/com.st.stm32cube.ide.mcu.externaltools.gnu-tools-for-stm32.12.3.rel1.win32_1.0.200.202406191623/tools/bin/../lib/gcc/arm-none-eabi/12.3.1/thumb/v7e-m+fp/hard/crtn.o
 *(.fini)
 .fini          0x080065f0        0x4 D:/Programas/Nucleo/STM32CubeIDE/plugins/com.st.stm32cube.ide.mcu.externaltools.gnu-tools-for-stm32.12.3.rel1.win32_1.0.200.202406191623/tools/bin/../lib/gcc/arm-none-eabi/12.3.1/thumb/v7e-m+fp/hard/crti.o
                0x080065f0                _fini
 .fini          0x080065f4        0x8 D:/Programas/Nucleo/STM32CubeIDE/plugins/com.st.stm32cube.ide.mcu.externaltools.gnu-tools-for-stm32.12.3.rel1.win32_1.0.200.202406191623/tools/bin/../lib/gcc/arm-none-eabi/12.3.1/thumb/v7e-m+fp/hard/crtn.o
                0x080065fc                        . = ALIGN (0x4)
                0x080065fc                        _etext = .

.vfp11_veneer   0x080065fc        0x0
 .vfp11_veneer  0x080065fc        0x0 linker stubs

.v4_bx          0x080065fc        0x0
 .v4_bx         0x080065fc        0x0 linker stubs

.iplt           0x080065fc        0x0
 .iplt          0x080065fc        0x0 D:/Programas/Nucleo/STM32CubeIDE/plugins/com.st.stm32cube.ide.mcu.externaltools.gnu-tools-for-stm32.12.3.rel1.win32_1.0.200.202406191623/tools/bin/../lib/gcc/arm-none-eabi/12.3.1/thumb/v7e-m+fp/hard/crtbegin.o

.rodata         0x080065fc       0x20
                0x080065fc                        . = ALIGN (0x4)
 *(.rodata)
 *(.rodata*)
 .rodata.AHBPrescTable
                0x080065fc       0x10 ./Core/Src/system_stm32f4xx.o
                0x080065fc                AHBPrescTable
 .rodata.APBPrescTable
                0x0800660c        0x8 ./Core/Src/system_stm32f4xx.o
                0x0800660c                APBPrescTable
 .rodata.flagBitshiftOffset.0
                0x08006614        0x8 ./Drivers/STM32F4xx_HAL_Driver/Src/stm32f4xx_hal_dma.o
                0x0800661c                        . = ALIGN (0x4)

.ARM.extab      0x0800661c        0x0
                0x0800661c                        . = ALIGN (0x4)
 *(.ARM.extab* .gnu.linkonce.armextab.*)
                0x0800661c                        . = ALIGN (0x4)

.ARM            0x0800661c        0x8
                0x0800661c                        . = ALIGN (0x4)
                0x0800661c                        __exidx_start = .
 *(.ARM.exidx*)
 .ARM.exidx     0x0800661c        0x8 D:/Programas/Nucleo/STM32CubeIDE/plugins/com.st.stm32cube.ide.mcu.externaltools.gnu-tools-for-stm32.12.3.rel1.win32_1.0.200.202406191623/tools/bin/../lib/gcc/arm-none-eabi/12.3.1/thumb/v7e-m+fp/hard\libgcc.a(_udivmoddi4.o)
                0x08006624                        __exidx_end = .
                0x08006624                        . = ALIGN (0x4)

.preinit_array  0x08006624        0x0
                0x08006624                        . = ALIGN (0x4)
                0x08006624                        PROVIDE (__preinit_array_start = .)
 *(.preinit_array*)
                0x08006624                        PROVIDE (__preinit_array_end = .)
                0x08006624                        . = ALIGN (0x4)

.init_array     0x08006624        0x4
                0x08006624                        . = ALIGN (0x4)
                0x08006624                        PROVIDE (__init_array_start = .)
 *(SORT_BY_NAME(.init_array.*))
 *(.init_array*)
 .init_array    0x08006624        0x4 D:/Programas/Nucleo/STM32CubeIDE/plugins/com.st.stm32cube.ide.mcu.externaltools.gnu-tools-for-stm32.12.3.rel1.win32_1.0.200.202406191623/tools/bin/../lib/gcc/arm-none-eabi/12.3.1/thumb/v7e-m+fp/hard/crtbegin.o
                0x08006628                        PROVIDE (__init_array_end = .)
                0x08006628                        . = ALIGN (0x4)

.fini_array     0x08006628        0x4
                0x08006628                        . = ALIGN (0x4)
                [!provide]                        PROVIDE (__fini_array_start = .)
 *(SORT_BY_NAME(.fini_array.*))
 *(.fini_array*)
 .fini_array    0x08006628        0x4 D:/Programas/Nucleo/STM32CubeIDE/plugins/com.st.stm32cube.ide.mcu.externaltools.gnu-tools-for-stm32.12.3.rel1.win32_1.0.200.202406191623/tools/bin/../lib/gcc/arm-none-eabi/12.3.1/thumb/v7e-m+fp/hard/crtbegin.o
                [!provide]                        PROVIDE (__fini_array_end = .)
                0x0800662c                        . = ALIGN (0x4)
                0x0800662c                        _sidata = LOADADDR (.data)

.rel.dyn        0x0800662c        0x0
 .rel.iplt      0x0800662c        0x0 D:/Programas/Nucleo/STM32CubeIDE/plugins/com.st.stm32cube.ide.mcu.externaltools.gnu-tools-for-stm32.12.3.rel1.win32_1.0.200.202406191623/tools/bin/../lib/gcc/arm-none-eabi/12.3.1/thumb/v7e-m+fp/hard/crtbegin.o

.data           0x20000000       0x20 load address 0x0800662c
                0x20000000                        . = ALIGN (0x4)
                0x20000000                        _sdata = .
 *(.data)
 *(.data*)
 .data.espacios_disponibles
                0x20000000        0x1 ./Core/Src/main.o
                0x20000000                espacios_disponibles
 *fill*         0x20000001        0x3 
 .data.ESP32_ADDRESS
                0x20000004        0x4 ./Core/Src/main.o
                0x20000004                ESP32_ADDRESS
 .data.debounce_delay
                0x20000008        0x4 ./Core/Src/main.o
                0x20000008                debounce_delay
 .data.red_color
                0x2000000c        0x3 ./Core/Src/main.o
                0x2000000c                red_color
 *fill*         0x2000000f        0x1 
 .data.green_color
                0x20000010        0x3 ./Core/Src/main.o
                0x20000010                green_color
 *fill*         0x20000013        0x1 
 .data.SystemCoreClock
                0x20000014        0x4 ./Core/Src/system_stm32f4xx.o
                0x20000014                SystemCoreClock
 .data.uwTickPrio
                0x20000018        0x4 ./Drivers/STM32F4xx_HAL_Driver/Src/stm32f4xx_hal.o
                0x20000018                uwTickPrio
 .data.uwTickFreq
                0x2000001c        0x1 ./Drivers/STM32F4xx_HAL_Driver/Src/stm32f4xx_hal.o
                0x2000001c                uwTickFreq
 *(.RamFunc)
 *(.RamFunc*)
                0x20000020                        . = ALIGN (0x4)
 *fill*         0x2000001d        0x3 
                0x20000020                        _edata = .

.igot.plt       0x20000020        0x0 load address 0x0800664c
 .igot.plt      0x20000020        0x0 D:/Programas/Nucleo/STM32CubeIDE/plugins/com.st.stm32cube.ide.mcu.externaltools.gnu-tools-for-stm32.12.3.rel1.win32_1.0.200.202406191623/tools/bin/../lib/gcc/arm-none-eabi/12.3.1/thumb/v7e-m+fp/hard/crtbegin.o
                0x20000020                        . = ALIGN (0x4)

.bss            0x20000020      0x628 load address 0x0800664c
                0x20000020                        _sbss = .
                0x20000020                        __bss_start__ = _sbss
 *(.bss)
 .bss           0x20000020       0x1c D:/Programas/Nucleo/STM32CubeIDE/plugins/com.st.stm32cube.ide.mcu.externaltools.gnu-tools-for-stm32.12.3.rel1.win32_1.0.200.202406191623/tools/bin/../lib/gcc/arm-none-eabi/12.3.1/thumb/v7e-m+fp/hard/crtbegin.o
 *(.bss*)
 .bss.activa1   0x2000003c        0x1 ./Core/Src/main.o
                0x2000003c                activa1
 .bss.activa2   0x2000003d        0x1 ./Core/Src/main.o
                0x2000003d                activa2
 .bss.activa3   0x2000003e        0x1 ./Core/Src/main.o
                0x2000003e                activa3
 .bss.activa4   0x2000003f        0x1 ./Core/Src/main.o
                0x2000003f                activa4
 .bss.activa5   0x20000040        0x1 ./Core/Src/main.o
                0x20000040                activa5
 .bss.activa6   0x20000041        0x1 ./Core/Src/main.o
                0x20000041                activa6
 .bss.activa7   0x20000042        0x1 ./Core/Src/main.o
                0x20000042                activa7
 .bss.activa8   0x20000043        0x1 ./Core/Src/main.o
                0x20000043                activa8
 .bss.activador
                0x20000044        0x1 ./Core/Src/main.o
                0x20000044                activador
 .bss.activador1
                0x20000045        0x1 ./Core/Src/main.o
                0x20000045                activador1
 *fill*         0x20000046        0x2 
 .bss.last_interrupt_time
                0x20000048        0x4 ./Core/Src/main.o
                0x20000048                last_interrupt_time
 .bss.hi2c1     0x2000004c       0x54 ./Core/Src/main.o
                0x2000004c                hi2c1
 .bss.htim3     0x200000a0       0x48 ./Core/Src/main.o
                0x200000a0                htim3
 .bss.hdma_tim3_ch1_trig
                0x200000e8       0x60 ./Core/Src/main.o
                0x200000e8                hdma_tim3_ch1_trig
 .bss.leds      0x20000148      0x1b0 ./Core/Src/main.o
                0x20000148                leds
 .bss.circular_pattern_led
                0x200002f8      0x330 ./Core/Src/main.o
                0x200002f8                circular_pattern_led
 .bss.led_pattern
                0x20000628       0x18 ./Core/Src/main.o
                0x20000628                led_pattern
 .bss.black_color
                0x20000640        0x3 ./Core/Src/main.o
                0x20000640                black_color
 .bss.data      0x20000643        0x1 ./Core/Src/main.o
                0x20000643                data
 .bss.uwTick    0x20000644        0x4 ./Drivers/STM32F4xx_HAL_Driver/Src/stm32f4xx_hal.o
                0x20000644                uwTick
 *(COMMON)
                0x20000648                        . = ALIGN (0x4)
                0x20000648                        _ebss = .
                0x20000648                        __bss_end__ = _ebss

._user_heap_stack
                0x20000648      0x600 load address 0x0800664c
                0x20000648                        . = ALIGN (0x8)
                [!provide]                        PROVIDE (end = .)
                0x20000648                        PROVIDE (_end = .)
                0x20000848                        . = (. + _Min_Heap_Size)
 *fill*         0x20000648      0x200 
                0x20000c48                        . = (. + _Min_Stack_Size)
 *fill*         0x20000848      0x400 
                0x20000c48                        . = ALIGN (0x8)

/DISCARD/
 libc.a(*)
 libm.a(*)
 libgcc.a(*)

.ARM.attributes
                0x00000000       0x30
 *(.ARM.attributes)
 .ARM.attributes
                0x00000000       0x22 D:/Programas/Nucleo/STM32CubeIDE/plugins/com.st.stm32cube.ide.mcu.externaltools.gnu-tools-for-stm32.12.3.rel1.win32_1.0.200.202406191623/tools/bin/../lib/gcc/arm-none-eabi/12.3.1/thumb/v7e-m+fp/hard/crti.o
 .ARM.attributes
                0x00000022       0x34 D:/Programas/Nucleo/STM32CubeIDE/plugins/com.st.stm32cube.ide.mcu.externaltools.gnu-tools-for-stm32.12.3.rel1.win32_1.0.200.202406191623/tools/bin/../lib/gcc/arm-none-eabi/12.3.1/thumb/v7e-m+fp/hard/crtbegin.o
 .ARM.attributes
                0x00000056       0x34 ./Core/Src/main.o
 .ARM.attributes
                0x0000008a       0x34 ./Core/Src/neo_pixel.o
 .ARM.attributes
                0x000000be       0x34 ./Core/Src/stm32f4xx_hal_msp.o
 .ARM.attributes
                0x000000f2       0x34 ./Core/Src/stm32f4xx_it.o
 .ARM.attributes
                0x00000126       0x34 ./Core/Src/system_stm32f4xx.o
 .ARM.attributes
                0x0000015a       0x21 ./Core/Startup/startup_stm32f446retx.o
 .ARM.attributes
                0x0000017b       0x34 ./Drivers/STM32F4xx_HAL_Driver/Src/stm32f4xx_hal.o
 .ARM.attributes
                0x000001af       0x34 ./Drivers/STM32F4xx_HAL_Driver/Src/stm32f4xx_hal_cortex.o
 .ARM.attributes
                0x000001e3       0x34 ./Drivers/STM32F4xx_HAL_Driver/Src/stm32f4xx_hal_dma.o
 .ARM.attributes
                0x00000217       0x34 ./Drivers/STM32F4xx_HAL_Driver/Src/stm32f4xx_hal_gpio.o
 .ARM.attributes
                0x0000024b       0x34 ./Drivers/STM32F4xx_HAL_Driver/Src/stm32f4xx_hal_i2c.o
 .ARM.attributes
                0x0000027f       0x34 ./Drivers/STM32F4xx_HAL_Driver/Src/stm32f4xx_hal_rcc.o
 .ARM.attributes
                0x000002b3       0x34 ./Drivers/STM32F4xx_HAL_Driver/Src/stm32f4xx_hal_rcc_ex.o
 .ARM.attributes
                0x000002e7       0x34 ./Drivers/STM32F4xx_HAL_Driver/Src/stm32f4xx_hal_tim.o
 .ARM.attributes
                0x0000031b       0x34 ./Drivers/STM32F4xx_HAL_Driver/Src/stm32f4xx_hal_tim_ex.o
 .ARM.attributes
                0x0000034f       0x34 D:/Programas/Nucleo/STM32CubeIDE/plugins/com.st.stm32cube.ide.mcu.externaltools.gnu-tools-for-stm32.12.3.rel1.win32_1.0.200.202406191623/tools/bin/../lib/gcc/arm-none-eabi/12.3.1/../../../../arm-none-eabi/lib/thumb/v7e-m+fp/hard\libc_nano.a(libc_a-memset.o)
 .ARM.attributes
                0x00000383       0x34 D:/Programas/Nucleo/STM32CubeIDE/plugins/com.st.stm32cube.ide.mcu.externaltools.gnu-tools-for-stm32.12.3.rel1.win32_1.0.200.202406191623/tools/bin/../lib/gcc/arm-none-eabi/12.3.1/../../../../arm-none-eabi/lib/thumb/v7e-m+fp/hard\libc_nano.a(libc_a-init.o)
 .ARM.attributes
                0x000003b7       0x22 D:/Programas/Nucleo/STM32CubeIDE/plugins/com.st.stm32cube.ide.mcu.externaltools.gnu-tools-for-stm32.12.3.rel1.win32_1.0.200.202406191623/tools/bin/../lib/gcc/arm-none-eabi/12.3.1/thumb/v7e-m+fp/hard\libgcc.a(_aeabi_uldivmod.o)
 .ARM.attributes
                0x000003d9       0x34 D:/Programas/Nucleo/STM32CubeIDE/plugins/com.st.stm32cube.ide.mcu.externaltools.gnu-tools-for-stm32.12.3.rel1.win32_1.0.200.202406191623/tools/bin/../lib/gcc/arm-none-eabi/12.3.1/thumb/v7e-m+fp/hard\libgcc.a(_udivmoddi4.o)
 .ARM.attributes
                0x0000040d       0x22 D:/Programas/Nucleo/STM32CubeIDE/plugins/com.st.stm32cube.ide.mcu.externaltools.gnu-tools-for-stm32.12.3.rel1.win32_1.0.200.202406191623/tools/bin/../lib/gcc/arm-none-eabi/12.3.1/thumb/v7e-m+fp/hard\libgcc.a(_dvmd_tls.o)
 .ARM.attributes
                0x0000042f       0x22 D:/Programas/Nucleo/STM32CubeIDE/plugins/com.st.stm32cube.ide.mcu.externaltools.gnu-tools-for-stm32.12.3.rel1.win32_1.0.200.202406191623/tools/bin/../lib/gcc/arm-none-eabi/12.3.1/thumb/v7e-m+fp/hard/crtn.o
OUTPUT(MAESTRO.elf elf32-littlearm)
LOAD linker stubs
LOAD D:/Programas/Nucleo/STM32CubeIDE/plugins/com.st.stm32cube.ide.mcu.externaltools.gnu-tools-for-stm32.12.3.rel1.win32_1.0.200.202406191623/tools/bin/../lib/gcc/arm-none-eabi/12.3.1/../../../../arm-none-eabi/lib/thumb/v7e-m+fp/hard\libc.a
LOAD D:/Programas/Nucleo/STM32CubeIDE/plugins/com.st.stm32cube.ide.mcu.externaltools.gnu-tools-for-stm32.12.3.rel1.win32_1.0.200.202406191623/tools/bin/../lib/gcc/arm-none-eabi/12.3.1/../../../../arm-none-eabi/lib/thumb/v7e-m+fp/hard\libm.a
LOAD D:/Programas/Nucleo/STM32CubeIDE/plugins/com.st.stm32cube.ide.mcu.externaltools.gnu-tools-for-stm32.12.3.rel1.win32_1.0.200.202406191623/tools/bin/../lib/gcc/arm-none-eabi/12.3.1/thumb/v7e-m+fp/hard\libgcc.a

.debug_info     0x00000000     0xd7aa
 .debug_info    0x00000000     0x184e ./Core/Src/main.o
 .debug_info    0x0000184e      0x291 ./Core/Src/neo_pixel.o
 .debug_info    0x00001adf     0x1091 ./Core/Src/stm32f4xx_hal_msp.o
 .debug_info    0x00002b70      0xab0 ./Core/Src/stm32f4xx_it.o
 .debug_info    0x00003620      0x54a ./Core/Src/system_stm32f4xx.o
 .debug_info    0x00003b6a       0x30 ./Core/Startup/startup_stm32f446retx.o
 .debug_info    0x00003b9a      0x99a ./Drivers/STM32F4xx_HAL_Driver/Src/stm32f4xx_hal.o
 .debug_info    0x00004534      0xdaa ./Drivers/STM32F4xx_HAL_Driver/Src/stm32f4xx_hal_cortex.o
 .debug_info    0x000052de      0x8e7 ./Drivers/STM32F4xx_HAL_Driver/Src/stm32f4xx_hal_dma.o
 .debug_info    0x00005bc5      0x70b ./Drivers/STM32F4xx_HAL_Driver/Src/stm32f4xx_hal_gpio.o
 .debug_info    0x000062d0     0x2421 ./Drivers/STM32F4xx_HAL_Driver/Src/stm32f4xx_hal_i2c.o
 .debug_info    0x000086f1      0x8eb ./Drivers/STM32F4xx_HAL_Driver/Src/stm32f4xx_hal_rcc.o
 .debug_info    0x00008fdc      0x956 ./Drivers/STM32F4xx_HAL_Driver/Src/stm32f4xx_hal_rcc_ex.o
 .debug_info    0x00009932     0x299d ./Drivers/STM32F4xx_HAL_Driver/Src/stm32f4xx_hal_tim.o
 .debug_info    0x0000c2cf     0x14db ./Drivers/STM32F4xx_HAL_Driver/Src/stm32f4xx_hal_tim_ex.o

.debug_abbrev   0x00000000     0x1eda
 .debug_abbrev  0x00000000      0x2f9 ./Core/Src/main.o
 .debug_abbrev  0x000002f9       0xf8 ./Core/Src/neo_pixel.o
 .debug_abbrev  0x000003f1      0x215 ./Core/Src/stm32f4xx_hal_msp.o
 .debug_abbrev  0x00000606      0x1c4 ./Core/Src/stm32f4xx_it.o
 .debug_abbrev  0x000007ca      0x11a ./Core/Src/system_stm32f4xx.o
 .debug_abbrev  0x000008e4       0x24 ./Core/Startup/startup_stm32f446retx.o
 .debug_abbrev  0x00000908      0x214 ./Drivers/STM32F4xx_HAL_Driver/Src/stm32f4xx_hal.o
 .debug_abbrev  0x00000b1c      0x31d ./Drivers/STM32F4xx_HAL_Driver/Src/stm32f4xx_hal_cortex.o
 .debug_abbrev  0x00000e39      0x264 ./Drivers/STM32F4xx_HAL_Driver/Src/stm32f4xx_hal_dma.o
 .debug_abbrev  0x0000109d      0x1d4 ./Drivers/STM32F4xx_HAL_Driver/Src/stm32f4xx_hal_gpio.o
 .debug_abbrev  0x00001271      0x2ad ./Drivers/STM32F4xx_HAL_Driver/Src/stm32f4xx_hal_i2c.o
 .debug_abbrev  0x0000151e      0x2b7 ./Drivers/STM32F4xx_HAL_Driver/Src/stm32f4xx_hal_rcc.o
 .debug_abbrev  0x000017d5      0x20a ./Drivers/STM32F4xx_HAL_Driver/Src/stm32f4xx_hal_rcc_ex.o
 .debug_abbrev  0x000019df      0x278 ./Drivers/STM32F4xx_HAL_Driver/Src/stm32f4xx_hal_tim.o
 .debug_abbrev  0x00001c57      0x283 ./Drivers/STM32F4xx_HAL_Driver/Src/stm32f4xx_hal_tim_ex.o

.debug_aranges  0x00000000      0xe18
 .debug_aranges
                0x00000000       0xb0 ./Core/Src/main.o
 .debug_aranges
                0x000000b0       0x38 ./Core/Src/neo_pixel.o
 .debug_aranges
                0x000000e8       0x48 ./Core/Src/stm32f4xx_hal_msp.o
 .debug_aranges
                0x00000130       0xb0 ./Core/Src/stm32f4xx_it.o
 .debug_aranges
                0x000001e0       0x28 ./Core/Src/system_stm32f4xx.o
 .debug_aranges
                0x00000208       0x28 ./Core/Startup/startup_stm32f446retx.o
 .debug_aranges
                0x00000230       0xf0 ./Drivers/STM32F4xx_HAL_Driver/Src/stm32f4xx_hal.o
 .debug_aranges
                0x00000320      0x130 ./Drivers/STM32F4xx_HAL_Driver/Src/stm32f4xx_hal_cortex.o
 .debug_aranges
                0x00000450       0x90 ./Drivers/STM32F4xx_HAL_Driver/Src/stm32f4xx_hal_dma.o
 .debug_aranges
                0x000004e0       0x58 ./Drivers/STM32F4xx_HAL_Driver/Src/stm32f4xx_hal_gpio.o
 .debug_aranges
                0x00000538      0x2a8 ./Drivers/STM32F4xx_HAL_Driver/Src/stm32f4xx_hal_i2c.o
 .debug_aranges
                0x000007e0       0x88 ./Drivers/STM32F4xx_HAL_Driver/Src/stm32f4xx_hal_rcc.o
 .debug_aranges
                0x00000868       0x78 ./Drivers/STM32F4xx_HAL_Driver/Src/stm32f4xx_hal_rcc_ex.o
 .debug_aranges
                0x000008e0      0x3d0 ./Drivers/STM32F4xx_HAL_Driver/Src/stm32f4xx_hal_tim.o
 .debug_aranges
                0x00000cb0      0x168 ./Drivers/STM32F4xx_HAL_Driver/Src/stm32f4xx_hal_tim_ex.o

.debug_rnglists
                0x00000000      0xb0f
 .debug_rnglists
                0x00000000       0x85 ./Core/Src/main.o
 .debug_rnglists
                0x00000085       0x28 ./Core/Src/neo_pixel.o
 .debug_rnglists
                0x000000ad       0x33 ./Core/Src/stm32f4xx_hal_msp.o
 .debug_rnglists
                0x000000e0       0x7f ./Core/Src/stm32f4xx_it.o
 .debug_rnglists
                0x0000015f       0x1a ./Core/Src/system_stm32f4xx.o
 .debug_rnglists
                0x00000179       0x19 ./Core/Startup/startup_stm32f446retx.o
 .debug_rnglists
                0x00000192       0xaf ./Drivers/STM32F4xx_HAL_Driver/Src/stm32f4xx_hal.o
 .debug_rnglists
                0x00000241       0xe0 ./Drivers/STM32F4xx_HAL_Driver/Src/stm32f4xx_hal_cortex.o
 .debug_rnglists
                0x00000321       0x70 ./Drivers/STM32F4xx_HAL_Driver/Src/stm32f4xx_hal_dma.o
 .debug_rnglists
                0x00000391       0x3f ./Drivers/STM32F4xx_HAL_Driver/Src/stm32f4xx_hal_gpio.o
 .debug_rnglists
                0x000003d0      0x23c ./Drivers/STM32F4xx_HAL_Driver/Src/stm32f4xx_hal_i2c.o
 .debug_rnglists
                0x0000060c       0x66 ./Drivers/STM32F4xx_HAL_Driver/Src/stm32f4xx_hal_rcc.o
 .debug_rnglists
                0x00000672       0x5e ./Drivers/STM32F4xx_HAL_Driver/Src/stm32f4xx_hal_rcc_ex.o
 .debug_rnglists
                0x000006d0      0x31a ./Drivers/STM32F4xx_HAL_Driver/Src/stm32f4xx_hal_tim.o
 .debug_rnglists
                0x000009ea      0x125 ./Drivers/STM32F4xx_HAL_Driver/Src/stm32f4xx_hal_tim_ex.o

.debug_macro    0x00000000    0x22022
 .debug_macro   0x00000000      0x2d9 ./Core/Src/main.o
 .debug_macro   0x000002d9      0xab4 ./Core/Src/main.o
 .debug_macro   0x00000d8d      0x29b ./Core/Src/main.o
 .debug_macro   0x00001028       0x2e ./Core/Src/main.o
 .debug_macro   0x00001056       0x28 ./Core/Src/main.o
 .debug_macro   0x0000107e       0x22 ./Core/Src/main.o
 .debug_macro   0x000010a0       0x8e ./Core/Src/main.o
 .debug_macro   0x0000112e       0x51 ./Core/Src/main.o
 .debug_macro   0x0000117f      0x103 ./Core/Src/main.o
 .debug_macro   0x00001282       0x6a ./Core/Src/main.o
 .debug_macro   0x000012ec      0x1df ./Core/Src/main.o
 .debug_macro   0x000014cb       0x1c ./Core/Src/main.o
 .debug_macro   0x000014e7       0x22 ./Core/Src/main.o
 .debug_macro   0x00001509       0xfb ./Core/Src/main.o
 .debug_macro   0x00001604     0x1011 ./Core/Src/main.o
 .debug_macro   0x00002615      0x11f ./Core/Src/main.o
 .debug_macro   0x00002734    0x16749 ./Core/Src/main.o
 .debug_macro   0x00018e7d       0x6d ./Core/Src/main.o
 .debug_macro   0x00018eea     0x369a ./Core/Src/main.o
 .debug_macro   0x0001c584      0x189 ./Core/Src/main.o
 .debug_macro   0x0001c70d       0x5c ./Core/Src/main.o
 .debug_macro   0x0001c769      0xca5 ./Core/Src/main.o
 .debug_macro   0x0001d40e      0x9e9 ./Core/Src/main.o
 .debug_macro   0x0001ddf7      0x115 ./Core/Src/main.o
 .debug_macro   0x0001df0c      0x1a0 ./Core/Src/main.o
 .debug_macro   0x0001e0ac       0xa5 ./Core/Src/main.o
 .debug_macro   0x0001e151      0x16d ./Core/Src/main.o
 .debug_macro   0x0001e2be      0x287 ./Core/Src/main.o
 .debug_macro   0x0001e545       0x5f ./Core/Src/main.o
 .debug_macro   0x0001e5a4      0x236 ./Core/Src/main.o
 .debug_macro   0x0001e7da      0x132 ./Core/Src/main.o
 .debug_macro   0x0001e90c      0x29c ./Core/Src/main.o
 .debug_macro   0x0001eba8       0x2e ./Core/Src/main.o
 .debug_macro   0x0001ebd6      0x1b5 ./Core/Src/main.o
 .debug_macro   0x0001ed8b       0x22 ./Core/Src/main.o
 .debug_macro   0x0001edad       0xd6 ./Core/Src/main.o
 .debug_macro   0x0001ee83      0x127 ./Core/Src/main.o
 .debug_macro   0x0001efaa       0xe8 ./Core/Src/main.o
 .debug_macro   0x0001f092       0x89 ./Core/Src/main.o
 .debug_macro   0x0001f11b      0x8ed ./Core/Src/main.o
 .debug_macro   0x0001fa08       0x53 ./Core/Src/main.o
 .debug_macro   0x0001fa5b      0x126 ./Core/Src/main.o
 .debug_macro   0x0001fb81       0xe8 ./Core/Src/main.o
 .debug_macro   0x0001fc69       0x61 ./Core/Src/main.o
 .debug_macro   0x0001fcca       0x2a ./Core/Src/main.o
 .debug_macro   0x0001fcf4       0x43 ./Core/Src/main.o
 .debug_macro   0x0001fd37       0x34 ./Core/Src/main.o
 .debug_macro   0x0001fd6b       0x16 ./Core/Src/main.o
 .debug_macro   0x0001fd81       0x35 ./Core/Src/main.o
 .debug_macro   0x0001fdb6      0x369 ./Core/Src/main.o
 .debug_macro   0x0002011f       0x10 ./Core/Src/main.o
 .debug_macro   0x0002012f       0x16 ./Core/Src/main.o
 .debug_macro   0x00020145       0x43 ./Core/Src/main.o
 .debug_macro   0x00020188       0x34 ./Core/Src/main.o
 .debug_macro   0x000201bc       0x10 ./Core/Src/main.o
 .debug_macro   0x000201cc       0x58 ./Core/Src/main.o
 .debug_macro   0x00020224       0x8e ./Core/Src/main.o
 .debug_macro   0x000202b2       0x1c ./Core/Src/main.o
 .debug_macro   0x000202ce      0x177 ./Core/Src/main.o
 .debug_macro   0x00020445       0x16 ./Core/Src/main.o
 .debug_macro   0x0002045b       0x16 ./Core/Src/main.o
 .debug_macro   0x00020471      0x146 ./Core/Src/main.o
 .debug_macro   0x000205b7       0x10 ./Core/Src/main.o
 .debug_macro   0x000205c7      0x14f ./Core/Src/neo_pixel.o
 .debug_macro   0x00020716       0x9e ./Core/Src/neo_pixel.o
 .debug_macro   0x000207b4      0x10b ./Core/Src/neo_pixel.o
 .debug_macro   0x000208bf      0x1ec ./Core/Src/stm32f4xx_hal_msp.o
 .debug_macro   0x00020aab      0x1f6 ./Core/Src/stm32f4xx_it.o
 .debug_macro   0x00020ca1      0x1dd ./Core/Src/system_stm32f4xx.o
 .debug_macro   0x00020e7e      0x23d ./Drivers/STM32F4xx_HAL_Driver/Src/stm32f4xx_hal.o
 .debug_macro   0x000210bb      0x1dd ./Drivers/STM32F4xx_HAL_Driver/Src/stm32f4xx_hal_cortex.o
 .debug_macro   0x00021298      0x1e3 ./Drivers/STM32F4xx_HAL_Driver/Src/stm32f4xx_hal_dma.o
 .debug_macro   0x0002147b      0x1e3 ./Drivers/STM32F4xx_HAL_Driver/Src/stm32f4xx_hal_gpio.o
 .debug_macro   0x0002165e      0x22b ./Drivers/STM32F4xx_HAL_Driver/Src/stm32f4xx_hal_i2c.o
 .debug_macro   0x00021889      0x201 ./Drivers/STM32F4xx_HAL_Driver/Src/stm32f4xx_hal_rcc.o
 .debug_macro   0x00021a8a      0x1dd ./Drivers/STM32F4xx_HAL_Driver/Src/stm32f4xx_hal_rcc_ex.o
 .debug_macro   0x00021c67      0x1de ./Drivers/STM32F4xx_HAL_Driver/Src/stm32f4xx_hal_tim.o
 .debug_macro   0x00021e45      0x1dd ./Drivers/STM32F4xx_HAL_Driver/Src/stm32f4xx_hal_tim_ex.o

.debug_line     0x00000000    0x1113c
 .debug_line    0x00000000      0xe58 ./Core/Src/main.o
 .debug_line    0x00000e58      0x6e3 ./Core/Src/neo_pixel.o
 .debug_line    0x0000153b      0x837 ./Core/Src/stm32f4xx_hal_msp.o
 .debug_line    0x00001d72      0x904 ./Core/Src/stm32f4xx_it.o
 .debug_line    0x00002676      0x7d4 ./Core/Src/system_stm32f4xx.o
 .debug_line    0x00002e4a       0x7a ./Core/Startup/startup_stm32f446retx.o
 .debug_line    0x00002ec4      0xa3d ./Drivers/STM32F4xx_HAL_Driver/Src/stm32f4xx_hal.o
 .debug_line    0x00003901      0xd2f ./Drivers/STM32F4xx_HAL_Driver/Src/stm32f4xx_hal_cortex.o
 .debug_line    0x00004630      0xfad ./Drivers/STM32F4xx_HAL_Driver/Src/stm32f4xx_hal_dma.o
 .debug_line    0x000055dd      0xbb5 ./Drivers/STM32F4xx_HAL_Driver/Src/stm32f4xx_hal_gpio.o
 .debug_line    0x00006192     0x3b83 ./Drivers/STM32F4xx_HAL_Driver/Src/stm32f4xx_hal_i2c.o
 .debug_line    0x00009d15      0xdd2 ./Drivers/STM32F4xx_HAL_Driver/Src/stm32f4xx_hal_rcc.o
 .debug_line    0x0000aae7     0x1441 ./Drivers/STM32F4xx_HAL_Driver/Src/stm32f4xx_hal_rcc_ex.o
 .debug_line    0x0000bf28     0x37e1 ./Drivers/STM32F4xx_HAL_Driver/Src/stm32f4xx_hal_tim.o
 .debug_line    0x0000f709     0x1a33 ./Drivers/STM32F4xx_HAL_Driver/Src/stm32f4xx_hal_tim_ex.o

.debug_str      0x00000000    0xd108a
 .debug_str     0x00000000    0xcdcd4 ./Core/Src/main.o
                              0xce0b5 (size before relaxing)
 .debug_str     0x000cdcd4       0x31 ./Core/Src/neo_pixel.o
                               0x784c (size before relaxing)
 .debug_str     0x000cdd05       0xcb ./Core/Src/stm32f4xx_hal_msp.o
                              0xca4e9 (size before relaxing)
 .debug_str     0x000cddd0      0x1ee ./Core/Src/stm32f4xx_it.o
                              0xc9ebf (size before relaxing)
 .debug_str     0x000cdfbe       0xdb ./Core/Src/system_stm32f4xx.o
                              0xc936a (size before relaxing)
 .debug_str     0x000ce099       0x44 ./Core/Startup/startup_stm32f446retx.o
                                 0x68 (size before relaxing)
 .debug_str     0x000ce0dd      0x601 ./Drivers/STM32F4xx_HAL_Driver/Src/stm32f4xx_hal.o
                              0xc9f2f (size before relaxing)
 .debug_str     0x000ce6de      0x36b ./Drivers/STM32F4xx_HAL_Driver/Src/stm32f4xx_hal_cortex.o
                              0xc9c86 (size before relaxing)
 .debug_str     0x000cea49      0x2f4 ./Drivers/STM32F4xx_HAL_Driver/Src/stm32f4xx_hal_dma.o
                              0xc975f (size before relaxing)
 .debug_str     0x000ced3d       0xe8 ./Drivers/STM32F4xx_HAL_Driver/Src/stm32f4xx_hal_gpio.o
                              0xc94e5 (size before relaxing)
 .debug_str     0x000cee25      0xad5 ./Drivers/STM32F4xx_HAL_Driver/Src/stm32f4xx_hal_i2c.o
                              0xca368 (size before relaxing)
 .debug_str     0x000cf8fa      0x213 ./Drivers/STM32F4xx_HAL_Driver/Src/stm32f4xx_hal_rcc.o
                              0xc97a3 (size before relaxing)
 .debug_str     0x000cfb0d      0x324 ./Drivers/STM32F4xx_HAL_Driver/Src/stm32f4xx_hal_rcc_ex.o
                              0xc97d6 (size before relaxing)
 .debug_str     0x000cfe31      0xdc6 ./Drivers/STM32F4xx_HAL_Driver/Src/stm32f4xx_hal_tim.o
                              0xca6cf (size before relaxing)
 .debug_str     0x000d0bf7      0x493 ./Drivers/STM32F4xx_HAL_Driver/Src/stm32f4xx_hal_tim_ex.o
                              0xc9edb (size before relaxing)

.comment        0x00000000       0x43
 .comment       0x00000000       0x43 ./Core/Src/main.o
                                 0x44 (size before relaxing)
 .comment       0x00000043       0x44 ./Core/Src/neo_pixel.o
 .comment       0x00000043       0x44 ./Core/Src/stm32f4xx_hal_msp.o
 .comment       0x00000043       0x44 ./Core/Src/stm32f4xx_it.o
 .comment       0x00000043       0x44 ./Core/Src/system_stm32f4xx.o
 .comment       0x00000043       0x44 ./Drivers/STM32F4xx_HAL_Driver/Src/stm32f4xx_hal.o
 .comment       0x00000043       0x44 ./Drivers/STM32F4xx_HAL_Driver/Src/stm32f4xx_hal_cortex.o
 .comment       0x00000043       0x44 ./Drivers/STM32F4xx_HAL_Driver/Src/stm32f4xx_hal_dma.o
 .comment       0x00000043       0x44 ./Drivers/STM32F4xx_HAL_Driver/Src/stm32f4xx_hal_gpio.o
 .comment       0x00000043       0x44 ./Drivers/STM32F4xx_HAL_Driver/Src/stm32f4xx_hal_i2c.o
 .comment       0x00000043       0x44 ./Drivers/STM32F4xx_HAL_Driver/Src/stm32f4xx_hal_rcc.o
 .comment       0x00000043       0x44 ./Drivers/STM32F4xx_HAL_Driver/Src/stm32f4xx_hal_rcc_ex.o
 .comment       0x00000043       0x44 ./Drivers/STM32F4xx_HAL_Driver/Src/stm32f4xx_hal_tim.o
 .comment       0x00000043       0x44 ./Drivers/STM32F4xx_HAL_Driver/Src/stm32f4xx_hal_tim_ex.o

.debug_frame    0x00000000     0x3bd4
 .debug_frame   0x00000000      0x2ac ./Core/Src/main.o
 .debug_frame   0x000002ac       0xac ./Core/Src/neo_pixel.o
 .debug_frame   0x00000358       0xec ./Core/Src/stm32f4xx_hal_msp.o
 .debug_frame   0x00000444      0x21c ./Core/Src/stm32f4xx_it.o
 .debug_frame   0x00000660       0x58 ./Core/Src/system_stm32f4xx.o
 .debug_frame   0x000006b8      0x374 ./Drivers/STM32F4xx_HAL_Driver/Src/stm32f4xx_hal.o
 .debug_frame   0x00000a2c      0x508 ./Drivers/STM32F4xx_HAL_Driver/Src/stm32f4xx_hal_cortex.o
 .debug_frame   0x00000f34      0x250 ./Drivers/STM32F4xx_HAL_Driver/Src/stm32f4xx_hal_dma.o
 .debug_frame   0x00001184      0x14c ./Drivers/STM32F4xx_HAL_Driver/Src/stm32f4xx_hal_gpio.o
 .debug_frame   0x000012d0      0xc84 ./Drivers/STM32F4xx_HAL_Driver/Src/stm32f4xx_hal_i2c.o
 .debug_frame   0x00001f54      0x1f4 ./Drivers/STM32F4xx_HAL_Driver/Src/stm32f4xx_hal_rcc.o
 .debug_frame   0x00002148      0x1e8 ./Drivers/STM32F4xx_HAL_Driver/Src/stm32f4xx_hal_rcc_ex.o
 .debug_frame   0x00002330     0x11c0 ./Drivers/STM32F4xx_HAL_Driver/Src/stm32f4xx_hal_tim.o
 .debug_frame   0x000034f0      0x638 ./Drivers/STM32F4xx_HAL_Driver/Src/stm32f4xx_hal_tim_ex.o
 .debug_frame   0x00003b28       0x20 D:/Programas/Nucleo/STM32CubeIDE/plugins/com.st.stm32cube.ide.mcu.externaltools.gnu-tools-for-stm32.12.3.rel1.win32_1.0.200.202406191623/tools/bin/../lib/gcc/arm-none-eabi/12.3.1/../../../../arm-none-eabi/lib/thumb/v7e-m+fp/hard\libc_nano.a(libc_a-memset.o)
 .debug_frame   0x00003b48       0x2c D:/Programas/Nucleo/STM32CubeIDE/plugins/com.st.stm32cube.ide.mcu.externaltools.gnu-tools-for-stm32.12.3.rel1.win32_1.0.200.202406191623/tools/bin/../lib/gcc/arm-none-eabi/12.3.1/../../../../arm-none-eabi/lib/thumb/v7e-m+fp/hard\libc_nano.a(libc_a-init.o)
 .debug_frame   0x00003b74       0x2c D:/Programas/Nucleo/STM32CubeIDE/plugins/com.st.stm32cube.ide.mcu.externaltools.gnu-tools-for-stm32.12.3.rel1.win32_1.0.200.202406191623/tools/bin/../lib/gcc/arm-none-eabi/12.3.1/thumb/v7e-m+fp/hard\libgcc.a(_aeabi_uldivmod.o)
 .debug_frame   0x00003ba0       0x34 D:/Programas/Nucleo/STM32CubeIDE/plugins/com.st.stm32cube.ide.mcu.externaltools.gnu-tools-for-stm32.12.3.rel1.win32_1.0.200.202406191623/tools/bin/../lib/gcc/arm-none-eabi/12.3.1/thumb/v7e-m+fp/hard\libgcc.a(_udivmoddi4.o)

.debug_line_str
                0x00000000       0x4c
 .debug_line_str
                0x00000000       0x4c ./Core/Startup/startup_stm32f446retx.o
