../Core/Src/main.c:103:6:HAL_GPIO_EXTI_Callback	64	static
../Core/Src/main.c:354:5:main	16	static
../Core/Src/main.c:527:6:SystemClock_Config	88	static
../Core/Src/main.c:575:13:MX_I2C1_Init	8	static
../Core/Src/main.c:609:13:MX_TIM3_Init	48	static
../Core/Src/main.c:658:13:MX_UART4_Init	8	static
../Core/Src/main.c:689:13:MX_DMA_Init	16	static
../Core/Src/main.c:707:13:MX_GPIO_Init	48	static
../Core/Src/main.c:787:6:setSegment	24	static
../Core/Src/main.c:798:6:display0	24	static
../Core/Src/main.c:802:6:display1	24	static
../Core/Src/main.c:806:6:display2	24	static
../Core/Src/main.c:810:6:display3	24	static
../Core/Src/main.c:814:6:display4	24	static
../Core/Src/main.c:818:6:display5	24	static
../Core/Src/main.c:822:6:display6	24	static
../Core/Src/main.c:826:6:display7	24	static
../Core/Src/main.c:830:6:display8	24	static
../Core/Src/main.c:834:6:display9	24	static
../Core/Src/main.c:844:6:Error_Handler	4	static,ignoring_inline_asm
