Archive member included to satisfy reference by file (symbol)

D:/Programas/Nucleo/STM32CubeIDE/plugins/com.st.stm32cube.ide.mcu.externaltools.gnu-tools-for-stm32.12.3.rel1.win32_1.0.200.202406191623/tools/bin/../lib/gcc/arm-none-eabi/12.3.1/../../../../arm-none-eabi/lib/thumb/v7e-m+fp/hard\libc_nano.a(libc_a-exit.o)
                              D:/Programas/Nucleo/STM32CubeIDE/plugins/com.st.stm32cube.ide.mcu.externaltools.gnu-tools-for-stm32.12.3.rel1.win32_1.0.200.202406191623/tools/bin/../lib/gcc/arm-none-eabi/12.3.1/../../../../arm-none-eabi/lib/thumb/v7e-m+fp/hard/crt0.o (exit)
D:/Programas/Nucleo/STM32CubeIDE/plugins/com.st.stm32cube.ide.mcu.externaltools.gnu-tools-for-stm32.12.3.rel1.win32_1.0.200.202406191623/tools/bin/../lib/gcc/arm-none-eabi/12.3.1/../../../../arm-none-eabi/lib/thumb/v7e-m+fp/hard\libc_nano.a(libc_a-findfp.o)
                              D:/Programas/Nucleo/STM32CubeIDE/plugins/com.st.stm32cube.ide.mcu.externaltools.gnu-tools-for-stm32.12.3.rel1.win32_1.0.200.202406191623/tools/bin/../lib/gcc/arm-none-eabi/12.3.1/../../../../arm-none-eabi/lib/thumb/v7e-m+fp/hard\libc_nano.a(libc_a-exit.o) (__stdio_exit_handler)
D:/Programas/Nucleo/STM32CubeIDE/plugins/com.st.stm32cube.ide.mcu.externaltools.gnu-tools-for-stm32.12.3.rel1.win32_1.0.200.202406191623/tools/bin/../lib/gcc/arm-none-eabi/12.3.1/../../../../arm-none-eabi/lib/thumb/v7e-m+fp/hard\libc_nano.a(libc_a-fwalk.o)
                              D:/Programas/Nucleo/STM32CubeIDE/plugins/com.st.stm32cube.ide.mcu.externaltools.gnu-tools-for-stm32.12.3.rel1.win32_1.0.200.202406191623/tools/bin/../lib/gcc/arm-none-eabi/12.3.1/../../../../arm-none-eabi/lib/thumb/v7e-m+fp/hard\libc_nano.a(libc_a-findfp.o) (_fwalk_sglue)
D:/Programas/Nucleo/STM32CubeIDE/plugins/com.st.stm32cube.ide.mcu.externaltools.gnu-tools-for-stm32.12.3.rel1.win32_1.0.200.202406191623/tools/bin/../lib/gcc/arm-none-eabi/12.3.1/../../../../arm-none-eabi/lib/thumb/v7e-m+fp/hard\libc_nano.a(libc_a-stdio.o)
                              D:/Programas/Nucleo/STM32CubeIDE/plugins/com.st.stm32cube.ide.mcu.externaltools.gnu-tools-for-stm32.12.3.rel1.win32_1.0.200.202406191623/tools/bin/../lib/gcc/arm-none-eabi/12.3.1/../../../../arm-none-eabi/lib/thumb/v7e-m+fp/hard\libc_nano.a(libc_a-findfp.o) (__sread)
D:/Programas/Nucleo/STM32CubeIDE/plugins/com.st.stm32cube.ide.mcu.externaltools.gnu-tools-for-stm32.12.3.rel1.win32_1.0.200.202406191623/tools/bin/../lib/gcc/arm-none-eabi/12.3.1/../../../../arm-none-eabi/lib/thumb/v7e-m+fp/hard\libc_nano.a(libc_a-memset.o)
                              D:/Programas/Nucleo/STM32CubeIDE/plugins/com.st.stm32cube.ide.mcu.externaltools.gnu-tools-for-stm32.12.3.rel1.win32_1.0.200.202406191623/tools/bin/../lib/gcc/arm-none-eabi/12.3.1/../../../../arm-none-eabi/lib/thumb/v7e-m+fp/hard/crt0.o (memset)
D:/Programas/Nucleo/STM32CubeIDE/plugins/com.st.stm32cube.ide.mcu.externaltools.gnu-tools-for-stm32.12.3.rel1.win32_1.0.200.202406191623/tools/bin/../lib/gcc/arm-none-eabi/12.3.1/../../../../arm-none-eabi/lib/thumb/v7e-m+fp/hard\libc_nano.a(libc_a-closer.o)
                              D:/Programas/Nucleo/STM32CubeIDE/plugins/com.st.stm32cube.ide.mcu.externaltools.gnu-tools-for-stm32.12.3.rel1.win32_1.0.200.202406191623/tools/bin/../lib/gcc/arm-none-eabi/12.3.1/../../../../arm-none-eabi/lib/thumb/v7e-m+fp/hard\libc_nano.a(libc_a-stdio.o) (_close_r)
D:/Programas/Nucleo/STM32CubeIDE/plugins/com.st.stm32cube.ide.mcu.externaltools.gnu-tools-for-stm32.12.3.rel1.win32_1.0.200.202406191623/tools/bin/../lib/gcc/arm-none-eabi/12.3.1/../../../../arm-none-eabi/lib/thumb/v7e-m+fp/hard\libc_nano.a(libc_a-reent.o)
                              D:/Programas/Nucleo/STM32CubeIDE/plugins/com.st.stm32cube.ide.mcu.externaltools.gnu-tools-for-stm32.12.3.rel1.win32_1.0.200.202406191623/tools/bin/../lib/gcc/arm-none-eabi/12.3.1/../../../../arm-none-eabi/lib/thumb/v7e-m+fp/hard\libc_nano.a(libc_a-closer.o) (errno)
D:/Programas/Nucleo/STM32CubeIDE/plugins/com.st.stm32cube.ide.mcu.externaltools.gnu-tools-for-stm32.12.3.rel1.win32_1.0.200.202406191623/tools/bin/../lib/gcc/arm-none-eabi/12.3.1/../../../../arm-none-eabi/lib/thumb/v7e-m+fp/hard\libc_nano.a(libc_a-impure.o)
                              D:/Programas/Nucleo/STM32CubeIDE/plugins/com.st.stm32cube.ide.mcu.externaltools.gnu-tools-for-stm32.12.3.rel1.win32_1.0.200.202406191623/tools/bin/../lib/gcc/arm-none-eabi/12.3.1/../../../../arm-none-eabi/lib/thumb/v7e-m+fp/hard\libc_nano.a(libc_a-reent.o) (_impure_ptr)
D:/Programas/Nucleo/STM32CubeIDE/plugins/com.st.stm32cube.ide.mcu.externaltools.gnu-tools-for-stm32.12.3.rel1.win32_1.0.200.202406191623/tools/bin/../lib/gcc/arm-none-eabi/12.3.1/../../../../arm-none-eabi/lib/thumb/v7e-m+fp/hard\libc_nano.a(libc_a-lseekr.o)
[...]
Memory Configuration

Name             Origin             Length             Attributes
RAM              0x20000000         0x00020000         xrw
FLASH            0x08000000         0x00080000         xr
*default*        0x00000000         0xffffffff

Linker script and memory map

LOAD D:/Programas/Nucleo/STM32CubeIDE/plugins/com.st.stm32cube.ide.mcu.externaltools.gnu-tools-for-stm32.12.3.rel1.win32_1.0.200.202406191623/tools/bin/../lib/gcc/arm-none-eabi/12.3.1/thumb/v7e-m+fp/hard/crti.o
LOAD D:/Programas/Nucleo/STM32CubeIDE/plugins/com.st.stm32cube.ide.mcu.externaltools.gnu-tools-for-stm32.12.3.rel1.win32_1.0.200.202406191623/tools/bin/../lib/gcc/arm-none-eabi/12.3.1/thumb/v7e-m+fp/hard/crtbegin.o
LOAD D:/Programas/Nucleo/STM32CubeIDE/plugins/com.st.stm32cube.ide.mcu.externaltools.gnu-tools-for-stm32.12.3.rel1.win32_1.0.200.202406191623/tools/bin/../lib/gcc/arm-none-eabi/12.3.1/../../../../arm-none-eabi/lib/thumb/v7e-m+fp/hard/crt0.o
LOAD ./Core/Src/main.o
LOAD ./Core/Src/neo_pixel.o
LOAD ./Core/Src/stm32f4xx_hal_msp.o
LOAD ./Core/Src/stm32f4xx_it.o
LOAD ./Core/Src/syscalls.o
LOAD ./Core/Src/sysmem.o
LOAD ./Core/Src/system_stm32f4xx.o
LOAD ./Core/Startup/startup_stm32f446retx.o
LOAD ./Drivers/STM32F4xx_HAL_Driver/Src/stm32f4xx_hal.o
LOAD ./Drivers/STM32F4xx_HAL_Driver/Src/stm32f4xx_hal_cortex.o
LOAD ./Drivers/STM32F4xx_HAL_Driver/Src/stm32f4xx_hal_dma.o
LOAD ./Drivers/STM32F4xx_HAL_Driver/Src/stm32f4xx_hal_dma_ex.o
LOAD ./Drivers/STM32F4xx_HAL_Driver/Src/stm32f4xx_hal_exti.o
LOAD ./Drivers/STM32F4xx_HAL_Driver/Src/stm32f4xx_hal_flash.o
LOAD ./Drivers/STM32F4xx_HAL_Driver/Src/stm32f4xx_hal_flash_ex.o
LOAD ./Drivers/STM32F4xx_HAL_Driver/Src/stm32f4xx_hal_flash_ramfunc.o
LOAD ./Drivers/STM32F4xx_HAL_Driver/Src/stm32f4xx_hal_gpio.o
LOAD ./Drivers/STM32F4xx_HAL_Driver/Src/stm32f4xx_hal_i2c.o
LOAD ./Drivers/STM32F4xx_HAL_Driver/Src/stm32f4xx_hal_i2c_ex.o
LOAD ./Drivers/STM32F4xx_HAL_Driver/Src/stm32f4xx_hal_pwr.o
LOAD ./Drivers/STM32F4xx_HAL_Driver/Src/stm32f4xx_hal_pwr_ex.o
LOAD ./Drivers/STM32F4xx_HAL_Driver/Src/stm32f4xx_hal_rcc.o
LOAD ./Drivers/STM32F4xx_HAL_Driver/Src/stm32f4xx_hal_rcc_ex.o
LOAD ./Drivers/STM32F4xx_HAL_Driver/Src/stm32f4xx_hal_tim.o
LOAD ./Drivers/STM32F4xx_HAL_Driver/Src/stm32f4xx_hal_tim_ex.o
LOAD ./Drivers/STM32F4xx_HAL_Driver/Src/stm32f4xx_hal_uart.o
START GROUP
LOAD D:/Programas/Nucleo/STM32CubeIDE/plugins/com.st.stm32cube.ide.mcu.externaltools.gnu-tools-for-stm32.12.3.rel1.win32_1.0.200.202406191623/tools/bin/../lib/gcc/arm-none-eabi/12.3.1/../../../../arm-none-eabi/lib/thumb/v7e-m+fp/hard\libc_nano.a
LOAD D:/Programas/Nucleo/STM32CubeIDE/plugins/com.st.stm32cube.ide.mcu.externaltools.gnu-tools-for-stm32.12.3.rel1.win32_1.0.200.202406191623/tools/bin/../lib/gcc/arm-none-eabi/12.3.1/../../../../arm-none-eabi/lib/thumb/v7e-m+fp/hard\libm.a
END GROUP
START GROUP
LOAD D:/Programas/Nucleo/STM32CubeIDE/plugins/com.st.stm32cube.ide.mcu.externaltools.gnu-tools-for-stm32.12.3.rel1.win32_1.0.200.202406191623/tools/bin/../lib/gcc/arm-none-eabi/12.3.1/thumb/v7e-m+fp/hard\libgcc.a
LOAD D:/Programas/Nucleo/STM32CubeIDE/plugins/com.st.stm32cube.ide.mcu.externaltools.gnu-tools-for-stm32.12.3.rel1.win32_1.0.200.202406191623/tools/bin/../lib/gcc/arm-none-eabi/12.3.1/../../../../arm-none-eabi/lib/thumb/v7e-m+fp/hard\libc_nano.a
END GROUP
START GROUP
LOAD D:/Programas/Nucleo/STM32CubeIDE/plugins/com.st.stm32cube.ide.mcu.externaltools.gnu-tools-for-stm32.12.3.rel1.win32_1.0.200.202406191623/tools/bin/../lib/gcc/arm-none-eabi/12.3.1/thumb/v7e-m+fp/hard\libgcc.a
LOAD D:/Programas/Nucleo/STM32CubeIDE/plugins/com.st.stm32cube.ide.mcu.externaltools.gnu-tools-for-stm32.12.3.rel1.win32_1.0.200.202406191623/tools/bin/../lib/gcc/arm-none-eabi/12.3.1/../../../../arm-none-eabi/lib/thumb/v7e-m+fp/hard\libc_nano.a
LOAD D:/Programas/Nucleo/STM32CubeIDE/plugins/com.st.stm32cube.ide.mcu.externaltools.gnu-tools-for-stm32.12.3.rel1.win32_1.0.200.202406191623/tools/bin/../lib/gcc/arm-none-eabi/12.3.1/../../../../arm-none-eabi/lib/thumb/v7e-m+fp/hard\libnosys.a
END GROUP
START GROUP
LOAD D:/Programas/Nucleo/STM32CubeIDE/plugins/com.st.stm32cube.ide.mcu.externaltools.gnu-tools-for-stm32.12.3.rel1.win32_1.0.200.202406191623/tools/bin/../lib/gcc/arm-none-eabi/12.3.1/thumb/v7e-m+fp/hard\libgcc.a
LOAD D:/Programas/Nucleo/STM32CubeIDE/plugins/com.st.stm32cube.ide.mcu.externaltools.gnu-tools-for-stm32.12.3.rel1.win32_1.0.200.202406191623/tools/bin/../lib/gcc/arm-none-eabi/12.3.1/../../../../arm-none-eabi/lib/thumb/v7e-m+fp/hard\libc_nano.a
LOAD D:/Programas/Nucleo/STM32CubeIDE/plugins/com.st.stm32cube.ide.mcu.externaltools.gnu-tools-for-stm32.12.3.rel1.win32_1.0.200.202406191623/tools/bin/../lib/gcc/arm-none-eabi/12.3.1/../../../../arm-none-eabi/lib/thumb/v7e-m+fp/hard\libnosys.a
END GROUP
LOAD D:/Programas/Nucleo/STM32CubeIDE/plugins/com.st.stm32cube.ide.mcu.externaltools.gnu-tools-for-stm32.12.3.rel1.win32_1.0.200.202406191623/tools/bin/../lib/gcc/arm-none-eabi/12.3.1/thumb/v7e-m+fp/hard/crtend.o
LOAD D:/Programas/Nucleo/STM32CubeIDE/plugins/com.st.stm32cube.ide.mcu.externaltools.gnu-tools-for-stm32.12.3.rel1.win32_1.0.200.202406191623/tools/bin/../lib/gcc/arm-none-eabi/12.3.1/thumb/v7e-m+fp/hard/crtn.o
                0x20020000                        _estack = (ORIGIN (RAM) + LENGTH (RAM))
                0x00000200                        _Min_Heap_Size = 0x200
                0x00000400                        _Min_Stack_Size = 0x400

.isr_vector     0x08000000      0x1c4
                0x08000000                        . = ALIGN (0x4)
 *(.isr_vector)
 .isr_vector    0x08000000      0x1c4 ./Core/Startup/startup_stm32f446retx.o
                0x08000000                g_pfnVectors
                0x080001c4                        . = ALIGN (0x4)

.text           0x080001c4     0x774c
                0x080001c4                        . = ALIGN (0x4)
 *(.text)
 .text          0x080001c4       0x40 D:/Programas/Nucleo/STM32CubeIDE/plugins/com.st.stm32cube.ide.mcu.externaltools.gnu-tools-for-stm32.12.3.rel1.win32_1.0.200.202406191623/tools/bin/../lib/gcc/arm-none-eabi/12.3.1/thumb/v7e-m+fp/hard/crtbegin.o
 .text          0x08000204       0x10 D:/Programas/Nucleo/STM32CubeIDE/plugins/com.st.stm32cube.ide.mcu.externaltools.gnu-tools-for-stm32.12.3.rel1.win32_1.0.200.202406191623/tools/bin/../lib/gcc/arm-none-eabi/12.3.1/../../../../arm-none-eabi/lib/thumb/v7e-m+fp/hard\libc_nano.a(libc_a-strlen.o)
                0x08000204                strlen
 .text          0x08000214       0x30 D:/Programas/Nucleo/STM32CubeIDE/plugins/com.st.stm32cube.ide.mcu.externaltools.gnu-tools-for-stm32.12.3.rel1.win32_1.0.200.202406191623/tools/bin/../lib/gcc/arm-none-eabi/12.3.1/thumb/v7e-m+fp/hard\libgcc.a(_aeabi_uldivmod.o)
                0x08000214                __aeabi_uldivmod
 .text          0x08000244      0x2bc D:/Programas/Nucleo/STM32CubeIDE/plugins/com.st.stm32cube.ide.mcu.externaltools.gnu-tools-for-stm32.12.3.rel1.win32_1.0.200.202406191623/tools/bin/../lib/gcc/arm-none-eabi/12.3.1/thumb/v7e-m+fp/hard\libgcc.a(_udivmoddi4.o)
                0x08000244                __udivmoddi4
 .text          0x08000500        0x4 D:/Programas/Nucleo/STM32CubeIDE/plugins/com.st.stm32cube.ide.mcu.externaltools.gnu-tools-for-stm32.12.3.rel1.win32_1.0.200.202406191623/tools/bin/../lib/gcc/arm-none-eabi/12.3.1/thumb/v7e-m+fp/hard\libgcc.a(_dvmd_tls.o)
                0x08000500                __aeabi_idiv0
                0x08000500                __aeabi_ldiv0
 *(.text*)
 .text.HAL_GPIO_EXTI_Callback
                0x08000504      0x7c0 ./Core/Src/main.o
                0x08000504                HAL_GPIO_EXTI_Callback
 .text.main     0x08000cc4      0x2c0 ./Core/Src/main.o
                0x08000cc4                main
 .text.SystemClock_Config
                0x08000f84       0xd8 ./Core/Src/main.o
                0x08000f84                SystemClock_Config
 .text.MX_I2C1_Init
                0x0800105c       0x5c ./Core/Src/main.o
 .text.MX_TIM3_Init
                0x080010b8       0xb0 ./Core/Src/main.o
 .text.MX_UART4_Init
                0x08001168       0x54 ./Core/Src/main.o
 .text.MX_DMA_Init
                0x080011bc       0x40 ./Core/Src/main.o
 .text.MX_GPIO_Init
                0x080011fc      0x1a4 ./Core/Src/main.o
 .text.setSegment
                0x080013a0       0x90 ./Core/Src/main.o
                0x080013a0                setSegment
 .text.display0
                0x08001430       0x24 ./Core/Src/main.o
                0x08001430                display0
 .text.display1
                0x08001454       0x24 ./Core/Src/main.o
                0x08001454                display1
 .text.display2
                0x08001478       0x24 ./Core/Src/main.o
                0x08001478                display2
 .text.display3
                0x0800149c       0x24 ./Core/Src/main.o
                0x0800149c                display3
 .text.display4
                0x080014c0       0x24 ./Core/Src/main.o
                0x080014c0                display4
 .text.display5
                0x080014e4       0x24 ./Core/Src/main.o
                0x080014e4                display5
 .text.display6
                0x08001508       0x24 ./Core/Src/main.o
                0x08001508                display6
 .text.display7
                0x0800152c       0x24 ./Core/Src/main.o
                0x0800152c                display7
 .text.display8
                0x08001550       0x24 ./Core/Src/main.o
                0x08001550                display8
 .text.Error_Handler
                0x08001574        0xc ./Core/Src/main.o
                0x08001574                Error_Handler
 .text.reset_all_leds
                0x08001580       0x8c ./Core/Src/neo_pixel.o
                0x08001580                reset_all_leds
 .text.set_specific_led
                0x0800160c      0x120 ./Core/Src/neo_pixel.o
                0x0800160c                set_specific_led
 .text.set_pattern_led
                0x0800172c       0x44 ./Core/Src/neo_pixel.o
                0x0800172c                set_pattern_led
 .text.HAL_MspInit
                0x08001770       0x50 ./Core/Src/stm32f4xx_hal_msp.o
                0x08001770                HAL_MspInit
 .text.HAL_I2C_MspInit
                0x080017c0       0xb0 ./Core/Src/stm32f4xx_hal_msp.o
                0x080017c0                HAL_I2C_MspInit
 .text.HAL_TIM_PWM_MspInit
                0x08001870       0xc4 ./Core/Src/stm32f4xx_hal_msp.o
                0x08001870                HAL_TIM_PWM_MspInit
 .text.HAL_TIM_MspPostInit
                0x08001934       0x74 ./Core/Src/stm32f4xx_hal_msp.o
                0x08001934                HAL_TIM_MspPostInit
 .text.HAL_UART_MspInit
                0x080019a8       0xa0 ./Core/Src/stm32f4xx_hal_msp.o
                0x080019a8                HAL_UART_MspInit
 .text.NMI_Handler
                0x08001a48        0x8 ./Core/Src/stm32f4xx_it.o
                0x08001a48                NMI_Handler
 .text.HardFault_Handler
                0x08001a50        0x8 ./Core/Src/stm32f4xx_it.o
                0x08001a50                HardFault_Handler
 .text.MemManage_Handler
                0x08001a58        0x8 ./Core/Src/stm32f4xx_it.o
                0x08001a58                MemManage_Handler
 .text.BusFault_Handler
                0x08001a60        0x8 ./Core/Src/stm32f4xx_it.o
                0x08001a60                BusFault_Handler
 .text.UsageFault_Handler
                0x08001a68        0x8 ./Core/Src/stm32f4xx_it.o
                0x08001a68                UsageFault_Handler
 .text.SVC_Handler
                0x08001a70        0xe ./Core/Src/stm32f4xx_it.o
                0x08001a70                SVC_Handler
 .text.DebugMon_Handler
                0x08001a7e        0xe ./Core/Src/stm32f4xx_it.o
                0x08001a7e                DebugMon_Handler
 .text.PendSV_Handler
                0x08001a8c        0xe ./Core/Src/stm32f4xx_it.o
                0x08001a8c                PendSV_Handler
 .text.SysTick_Handler
                0x08001a9a        0xc ./Core/Src/stm32f4xx_it.o
                0x08001a9a                SysTick_Handler
 .text.EXTI0_IRQHandler
                0x08001aa6        0xe ./Core/Src/stm32f4xx_it.o
                0x08001aa6                EXTI0_IRQHandler
 .text.EXTI1_IRQHandler
                0x08001ab4        0xe ./Core/Src/stm32f4xx_it.o
                0x08001ab4                EXTI1_IRQHandler
 .text.EXTI3_IRQHandler
                0x08001ac2        0xe ./Core/Src/stm32f4xx_it.o
                0x08001ac2                EXTI3_IRQHandler
 .text.EXTI4_IRQHandler
                0x08001ad0        0xe ./Core/Src/stm32f4xx_it.o
                0x08001ad0                EXTI4_IRQHandler
 *fill*         0x08001ade        0x2 
 .text.DMA1_Stream4_IRQHandler
                0x08001ae0       0x14 ./Core/Src/stm32f4xx_it.o
                0x08001ae0                DMA1_Stream4_IRQHandler
 .text.EXTI9_5_IRQHandler
                0x08001af4       0x1c ./Core/Src/stm32f4xx_it.o
                0x08001af4                EXTI9_5_IRQHandler
 .text.TIM3_IRQHandler
                0x08001b10       0x14 ./Core/Src/stm32f4xx_it.o
                0x08001b10                TIM3_IRQHandler
 .text.I2C1_EV_IRQHandler
                0x08001b24       0x14 ./Core/Src/stm32f4xx_it.o
                0x08001b24                I2C1_EV_IRQHandler
 .text.I2C1_ER_IRQHandler
                0x08001b38       0x14 ./Core/Src/stm32f4xx_it.o
                0x08001b38                I2C1_ER_IRQHandler
 .text.EXTI15_10_IRQHandler
                0x08001b4c       0x10 ./Core/Src/stm32f4xx_it.o
                0x08001b4c                EXTI15_10_IRQHandler
 .text.UART4_IRQHandler
                0x08001b5c       0x14 ./Core/Src/stm32f4xx_it.o
                0x08001b5c                UART4_IRQHandler
 .text.SystemInit
                0x08001b70       0x24 ./Core/Src/system_stm32f4xx.o
                0x08001b70                SystemInit
 .text.Reset_Handler
                0x08001b94       0x50 ./Core/Startup/startup_stm32f446retx.o
                0x08001b94                Reset_Handler
 .text.Default_Handler
                0x08001be4        0x2 ./Core/Startup/startup_stm32f446retx.o
                0x08001be4                RTC_Alarm_IRQHandler
                0x08001be4                EXTI2_IRQHandler
                0x08001be4                TIM8_CC_IRQHandler
                0x08001be4                FMPI2C1_EV_IRQHandler
                0x08001be4                SPI4_IRQHandler
                0x08001be4                TIM1_CC_IRQHandler
                0x08001be4                DMA2_Stream5_IRQHandler
                0x08001be4                DMA1_Stream5_IRQHandler
                0x08001be4                PVD_IRQHandler
                0x08001be4                SDIO_IRQHandler
                0x08001be4                TAMP_STAMP_IRQHandler
                0x08001be4                CAN2_RX1_IRQHandler
                0x08001be4                TIM8_TRG_COM_TIM14_IRQHandler
                0x08001be4                TIM1_UP_TIM10_IRQHandler
                0x08001be4                TIM8_UP_TIM13_IRQHandler
                0x08001be4                I2C3_ER_IRQHandler
                0x08001be4                I2C2_EV_IRQHandler
                0x08001be4                DMA1_Stream2_IRQHandler
                0x08001be4                CAN1_RX0_IRQHandler
                0x08001be4                FPU_IRQHandler
                0x08001be4                OTG_HS_WKUP_IRQHandler
                0x08001be4                CAN2_SCE_IRQHandler
                0x08001be4                DMA2_Stream2_IRQHandler
                0x08001be4                SPI1_IRQHandler
                0x08001be4                TIM6_DAC_IRQHandler
                0x08001be4                TIM1_BRK_TIM9_IRQHandler
                0x08001be4                DCMI_IRQHandler
                0x08001be4                CAN2_RX0_IRQHandler
                0x08001be4                DMA2_Stream3_IRQHandler
                0x08001be4                SAI2_IRQHandler
                0x08001be4                USART6_IRQHandler
                0x08001be4                USART3_IRQHandler
                0x08001be4                CAN1_RX1_IRQHandler
                0x08001be4                UART5_IRQHandler
                0x08001be4                DMA2_Stream0_IRQHandler
                0x08001be4                TIM4_IRQHandler
                0x08001be4                QUADSPI_IRQHandler
                0x08001be4                DMA1_Stream6_IRQHandler
                0x08001be4                DMA1_Stream1_IRQHandler
                0x08001be4                RCC_IRQHandler
                0x08001be4                TIM8_BRK_TIM12_IRQHandler
                0x08001be4                Default_Handler
                0x08001be4                CEC_IRQHandler
                0x08001be4                ADC_IRQHandler
                0x08001be4                DMA1_Stream7_IRQHandler
                0x08001be4                TIM7_IRQHandler
                0x08001be4                CAN2_TX_IRQHandler
                0x08001be4                TIM5_IRQHandler
                0x08001be4                DMA2_Stream7_IRQHandler
                0x08001be4                I2C3_EV_IRQHandler
                0x08001be4                RTC_WKUP_IRQHandler
                0x08001be4                SPDIF_RX_IRQHandler
                0x08001be4                SPI2_IRQHandler
                0x08001be4                OTG_HS_EP1_IN_IRQHandler
                0x08001be4                DMA1_Stream0_IRQHandler
                0x08001be4                CAN1_TX_IRQHandler
                0x08001be4                FMPI2C1_ER_IRQHandler
                0x08001be4                OTG_HS_EP1_OUT_IRQHandler
                0x08001be4                WWDG_IRQHandler
                0x08001be4                TIM2_IRQHandler
                0x08001be4                OTG_FS_WKUP_IRQHandler
                0x08001be4                TIM1_TRG_COM_TIM11_IRQHandler
                0x08001be4                OTG_HS_IRQHandler
                0x08001be4                USART2_IRQHandler
                0x08001be4                I2C2_ER_IRQHandler
                0x08001be4                DMA2_Stream1_IRQHandler
                0x08001be4                CAN1_SCE_IRQHandler
                0x08001be4                FLASH_IRQHandler
                0x08001be4                DMA2_Stream4_IRQHandler
                0x08001be4                USART1_IRQHandler
                0x08001be4                OTG_FS_IRQHandler
                0x08001be4                SPI3_IRQHandler
                0x08001be4                FMC_IRQHandler
                0x08001be4                DMA2_Stream6_IRQHandler
                0x08001be4                SAI1_IRQHandler
                0x08001be4                DMA1_Stream3_IRQHandler
 *fill*         0x08001be6        0x2 
 .text.HAL_Init
                0x08001be8       0x44 ./Drivers/STM32F4xx_HAL_Driver/Src/stm32f4xx_hal.o
                0x08001be8                HAL_Init
 .text.HAL_InitTick
                0x08001c2c       0x60 ./Drivers/STM32F4xx_HAL_Driver/Src/stm32f4xx_hal.o
                0x08001c2c                HAL_InitTick
 .text.HAL_IncTick
                0x08001c8c       0x28 ./Drivers/STM32F4xx_HAL_Driver/Src/stm32f4xx_hal.o
                0x08001c8c                HAL_IncTick
 .text.HAL_GetTick
                0x08001cb4       0x18 ./Drivers/STM32F4xx_HAL_Driver/Src/stm32f4xx_hal.o
                0x08001cb4                HAL_GetTick
 .text.HAL_Delay
                0x08001ccc       0x48 ./Drivers/STM32F4xx_HAL_Driver/Src/stm32f4xx_hal.o
                0x08001ccc                HAL_Delay
 .text.__NVIC_SetPriorityGrouping
                0x08001d14       0x48 ./Drivers/STM32F4xx_HAL_Driver/Src/stm32f4xx_hal_cortex.o
 .text.__NVIC_GetPriorityGrouping
                0x08001d5c       0x1c ./Drivers/STM32F4xx_HAL_Driver/Src/stm32f4xx_hal_cortex.o
 .text.__NVIC_EnableIRQ
                0x08001d78       0x3c ./Drivers/STM32F4xx_HAL_Driver/Src/stm32f4xx_hal_cortex.o
 .text.__NVIC_SetPriority
                0x08001db4       0x54 ./Drivers/STM32F4xx_HAL_Driver/Src/stm32f4xx_hal_cortex.o
 .text.NVIC_EncodePriority
                0x08001e08       0x66 ./Drivers/STM32F4xx_HAL_Driver/Src/stm32f4xx_hal_cortex.o
 *fill*         0x08001e6e        0x2 
 .text.SysTick_Config
                0x08001e70       0x44 ./Drivers/STM32F4xx_HAL_Driver/Src/stm32f4xx_hal_cortex.o
 .text.HAL_NVIC_SetPriorityGrouping
                0x08001eb4       0x16 ./Drivers/STM32F4xx_HAL_Driver/Src/stm32f4xx_hal_cortex.o
                0x08001eb4                HAL_NVIC_SetPriorityGrouping
 .text.HAL_NVIC_SetPriority
                0x08001eca       0x38 ./Drivers/STM32F4xx_HAL_Driver/Src/stm32f4xx_hal_cortex.o
                0x08001eca                HAL_NVIC_SetPriority
 .text.HAL_NVIC_EnableIRQ
                0x08001f02       0x1c ./Drivers/STM32F4xx_HAL_Driver/Src/stm32f4xx_hal_cortex.o
                0x08001f02                HAL_NVIC_EnableIRQ
 .text.HAL_SYSTICK_Config
                0x08001f1e       0x18 ./Drivers/STM32F4xx_HAL_Driver/Src/stm32f4xx_hal_cortex.o
                0x08001f1e                HAL_SYSTICK_Config
 *fill*         0x08001f36        0x2 
 .text.HAL_DMA_Init
                0x08001f38      0x15c ./Drivers/STM32F4xx_HAL_Driver/Src/stm32f4xx_hal_dma.o
                0x08001f38                HAL_DMA_Init
 .text.HAL_DMA_Start_IT
                0x08002094       0xb0 ./Drivers/STM32F4xx_HAL_Driver/Src/stm32f4xx_hal_dma.o
                0x08002094                HAL_DMA_Start_IT
 .text.HAL_DMA_Abort
                0x08002144       0xe0 ./Drivers/STM32F4xx_HAL_Driver/Src/stm32f4xx_hal_dma.o
                0x08002144                HAL_DMA_Abort
 .text.HAL_DMA_Abort_IT
                0x08002224       0x44 ./Drivers/STM32F4xx_HAL_Driver/Src/stm32f4xx_hal_dma.o
                0x08002224                HAL_DMA_Abort_IT
 .text.HAL_DMA_IRQHandler
                0x08002268      0x314 ./Drivers/STM32F4xx_HAL_Driver/Src/stm32f4xx_hal_dma.o
                0x08002268                HAL_DMA_IRQHandler
 .text.HAL_DMA_GetState
                0x0800257c       0x1c ./Drivers/STM32F4xx_HAL_Driver/Src/stm32f4xx_hal_dma.o
                0x0800257c                HAL_DMA_GetState
 .text.DMA_SetConfig
                0x08002598       0x5c ./Drivers/STM32F4xx_HAL_Driver/Src/stm32f4xx_hal_dma.o
 .text.DMA_CalcBaseAndBitshift
                0x080025f4       0x6c ./Drivers/STM32F4xx_HAL_Driver/Src/stm32f4xx_hal_dma.o
 .text.DMA_CheckFifoParam
                0x08002660       0xf8 ./Drivers/STM32F4xx_HAL_Driver/Src/stm32f4xx_hal_dma.o
 .text.HAL_GPIO_Init
                0x08002758      0x328 ./Drivers/STM32F4xx_HAL_Driver/Src/stm32f4xx_hal_gpio.o
                0x08002758                HAL_GPIO_Init
 .text.HAL_GPIO_WritePin
                0x08002a80       0x32 ./Drivers/STM32F4xx_HAL_Driver/Src/stm32f4xx_hal_gpio.o
                0x08002a80                HAL_GPIO_WritePin
 *fill*         0x08002ab2        0x2 
 .text.HAL_GPIO_EXTI_IRQHandler
                0x08002ab4       0x30 ./Drivers/STM32F4xx_HAL_Driver/Src/stm32f4xx_hal_gpio.o
                0x08002ab4                HAL_GPIO_EXTI_IRQHandler
 .text.HAL_I2C_Init
                0x08002ae4      0x288 ./Drivers/STM32F4xx_HAL_Driver/Src/stm32f4xx_hal_i2c.o
                0x08002ae4                HAL_I2C_Init
 .text.I2C_Flush_DR
                0x08002d6c       0x2a ./Drivers/STM32F4xx_HAL_Driver/Src/stm32f4xx_hal_i2c.o
 *fill*         0x08002d96        0x2 
 .text.HAL_I2C_Master_Transmit
                0x08002d98      0x1fc ./Drivers/STM32F4xx_HAL_Driver/Src/stm32f4xx_hal_i2c.o
                0x08002d98                HAL_I2C_Master_Transmit
 .text.HAL_I2C_EV_IRQHandler
                0x08002f94      0x2a6 ./Drivers/STM32F4xx_HAL_Driver/Src/stm32f4xx_hal_i2c.o
                0x08002f94                HAL_I2C_EV_IRQHandler
 .text.HAL_I2C_ER_IRQHandler
                0x0800323a      0x13e ./Drivers/STM32F4xx_HAL_Driver/Src/stm32f4xx_hal_i2c.o
                0x0800323a                HAL_I2C_ER_IRQHandler
 .text.HAL_I2C_MasterTxCpltCallback
                0x08003378       0x14 ./Drivers/STM32F4xx_HAL_Driver/Src/stm32f4xx_hal_i2c.o
                0x08003378                HAL_I2C_MasterTxCpltCallback
 .text.HAL_I2C_MasterRxCpltCallback
                0x0800338c       0x14 ./Drivers/STM32F4xx_HAL_Driver/Src/stm32f4xx_hal_i2c.o
                0x0800338c                HAL_I2C_MasterRxCpltCallback
 .text.HAL_I2C_SlaveTxCpltCallback
                0x080033a0       0x14 ./Drivers/STM32F4xx_HAL_Driver/Src/stm32f4xx_hal_i2c.o
                0x080033a0                HAL_I2C_SlaveTxCpltCallback
 .text.HAL_I2C_SlaveRxCpltCallback
                0x080033b4       0x14 ./Drivers/STM32F4xx_HAL_Driver/Src/stm32f4xx_hal_i2c.o
                0x080033b4                HAL_I2C_SlaveRxCpltCallback
 .text.HAL_I2C_AddrCallback
                0x080033c8       0x1c ./Drivers/STM32F4xx_HAL_Driver/Src/stm32f4xx_hal_i2c.o
                0x080033c8                HAL_I2C_AddrCallback
 .text.HAL_I2C_ListenCpltCallback
                0x080033e4       0x14 ./Drivers/STM32F4xx_HAL_Driver/Src/stm32f4xx_hal_i2c.o
                0x080033e4                HAL_I2C_ListenCpltCallback
 .text.HAL_I2C_MemTxCpltCallback
                0x080033f8       0x14 ./Drivers/STM32F4xx_HAL_Driver/Src/stm32f4xx_hal_i2c.o
                0x080033f8                HAL_I2C_MemTxCpltCallback
 .text.HAL_I2C_MemRxCpltCallback
                0x0800340c       0x14 ./Drivers/STM32F4xx_HAL_Driver/Src/stm32f4xx_hal_i2c.o
                0x0800340c                HAL_I2C_MemRxCpltCallback
 .text.HAL_I2C_ErrorCallback
                0x08003420       0x14 ./Drivers/STM32F4xx_HAL_Driver/Src/stm32f4xx_hal_i2c.o
                0x08003420                HAL_I2C_ErrorCallback
 .text.HAL_I2C_AbortCpltCallback
                0x08003434       0x14 ./Drivers/STM32F4xx_HAL_Driver/Src/stm32f4xx_hal_i2c.o
                0x08003434                HAL_I2C_AbortCpltCallback
 .text.I2C_MasterTransmit_TXE
                0x08003448      0x138 ./Drivers/STM32F4xx_HAL_Driver/Src/stm32f4xx_hal_i2c.o
 .text.I2C_MasterTransmit_BTF
                0x08003580       0xec ./Drivers/STM32F4xx_HAL_Driver/Src/stm32f4xx_hal_i2c.o
 .text.I2C_MemoryTransmit_TXE_BTF
                0x0800366c      0x130 ./Drivers/STM32F4xx_HAL_Driver/Src/stm32f4xx_hal_i2c.o
 .text.I2C_MasterReceive_RXNE
                0x0800379c      0x190 ./Drivers/STM32F4xx_HAL_Driver/Src/stm32f4xx_hal_i2c.o
 .text.I2C_MasterReceive_BTF
                0x0800392c      0x1ea ./Drivers/STM32F4xx_HAL_Driver/Src/stm32f4xx_hal_i2c.o
 .text.I2C_Master_SB
                0x08003b16      0x10c ./Drivers/STM32F4xx_HAL_Driver/Src/stm32f4xx_hal_i2c.o
 .text.I2C_Master_ADD10
                0x08003c22       0x54 ./Drivers/STM32F4xx_HAL_Driver/Src/stm32f4xx_hal_i2c.o
 .text.I2C_Master_ADDR
                0x08003c76      0x322 ./Drivers/STM32F4xx_HAL_Driver/Src/stm32f4xx_hal_i2c.o
 .text.I2C_SlaveTransmit_TXE
                0x08003f98       0x7a ./Drivers/STM32F4xx_HAL_Driver/Src/stm32f4xx_hal_i2c.o
 .text.I2C_SlaveTransmit_BTF
                0x08004012       0x42 ./Drivers/STM32F4xx_HAL_Driver/Src/stm32f4xx_hal_i2c.o
 .text.I2C_SlaveReceive_RXNE
                0x08004054       0x7c ./Drivers/STM32F4xx_HAL_Driver/Src/stm32f4xx_hal_i2c.o
 .text.I2C_SlaveReceive_BTF
                0x080040d0       0x44 ./Drivers/STM32F4xx_HAL_Driver/Src/stm32f4xx_hal_i2c.o
 .text.I2C_Slave_ADDR
                0x08004114       0x90 ./Drivers/STM32F4xx_HAL_Driver/Src/stm32f4xx_hal_i2c.o
 .text.I2C_Slave_STOPF
                0x080041a4      0x260 ./Drivers/STM32F4xx_HAL_Driver/Src/stm32f4xx_hal_i2c.o
 .text.I2C_Slave_AF
                0x08004404       0xe8 ./Drivers/STM32F4xx_HAL_Driver/Src/stm32f4xx_hal_i2c.o
 .text.I2C_ITError
                0x080044ec      0x264 ./Drivers/STM32F4xx_HAL_Driver/Src/stm32f4xx_hal_i2c.o
 .text.I2C_MasterRequestWrite
                0x08004750      0x104 ./Drivers/STM32F4xx_HAL_Driver/Src/stm32f4xx_hal_i2c.o
 .text.I2C_DMAAbort
                0x08004854      0x150 ./Drivers/STM32F4xx_HAL_Driver/Src/stm32f4xx_hal_i2c.o
 .text.I2C_WaitOnFlagUntilTimeout
                0x080049a4       0xf4 ./Drivers/STM32F4xx_HAL_Driver/Src/stm32f4xx_hal_i2c.o
 .text.I2C_WaitOnMasterAddressFlagUntilTimeout
                0x08004a98      0x140 ./Drivers/STM32F4xx_HAL_Driver/Src/stm32f4xx_hal_i2c.o
 .text.I2C_WaitOnTXEFlagUntilTimeout
                0x08004bd8       0x90 ./Drivers/STM32F4xx_HAL_Driver/Src/stm32f4xx_hal_i2c.o
 .text.I2C_WaitOnBTFFlagUntilTimeout
                0x08004c68       0x90 ./Drivers/STM32F4xx_HAL_Driver/Src/stm32f4xx_hal_i2c.o
 .text.I2C_WaitOnSTOPRequestThroughIT
                0x08004cf8       0x64 ./Drivers/STM32F4xx_HAL_Driver/Src/stm32f4xx_hal_i2c.o
 .text.I2C_IsAcknowledgeFailed
                0x08004d5c       0x5e ./Drivers/STM32F4xx_HAL_Driver/Src/stm32f4xx_hal_i2c.o
 .text.I2C_ConvertOtherXferOptions
                0x08004dba       0x36 ./Drivers/STM32F4xx_HAL_Driver/Src/stm32f4xx_hal_i2c.o
 .text.HAL_RCC_ClockConfig
                0x08004df0      0x1cc ./Drivers/STM32F4xx_HAL_Driver/Src/stm32f4xx_hal_rcc.o
                0x08004df0                HAL_RCC_ClockConfig
 .text.HAL_RCC_GetHCLKFreq
                0x08004fbc       0x18 ./Drivers/STM32F4xx_HAL_Driver/Src/stm32f4xx_hal_rcc.o
                0x08004fbc                HAL_RCC_GetHCLKFreq
 .text.HAL_RCC_GetPCLK1Freq
                0x08004fd4       0x28 ./Drivers/STM32F4xx_HAL_Driver/Src/stm32f4xx_hal_rcc.o
                0x08004fd4                HAL_RCC_GetPCLK1Freq
 .text.HAL_RCC_GetPCLK2Freq
                0x08004ffc       0x28 ./Drivers/STM32F4xx_HAL_Driver/Src/stm32f4xx_hal_rcc.o
                0x08004ffc                HAL_RCC_GetPCLK2Freq
 .text.HAL_RCC_GetSysClockFreq
                0x08005024      0x354 ./Drivers/STM32F4xx_HAL_Driver/Src/stm32f4xx_hal_rcc_ex.o
                0x08005024                HAL_RCC_GetSysClockFreq
 .text.HAL_RCC_OscConfig
                0x08005378      0x53c ./Drivers/STM32F4xx_HAL_Driver/Src/stm32f4xx_hal_rcc_ex.o
                0x08005378                HAL_RCC_OscConfig
 .text.HAL_TIM_PWM_Init
                0x080058b4       0x9e ./Drivers/STM32F4xx_HAL_Driver/Src/stm32f4xx_hal_tim.o
                0x080058b4                HAL_TIM_PWM_Init
 *fill*         0x08005952        0x2 
 .text.HAL_TIM_PWM_Start_DMA
                0x08005954      0x390 ./Drivers/STM32F4xx_HAL_Driver/Src/stm32f4xx_hal_tim.o
                0x08005954                HAL_TIM_PWM_Start_DMA
 .text.HAL_TIM_IRQHandler
                0x08005ce4      0x1e0 ./Drivers/STM32F4xx_HAL_Driver/Src/stm32f4xx_hal_tim.o
                0x08005ce4                HAL_TIM_IRQHandler
 .text.HAL_TIM_PWM_ConfigChannel
                0x08005ec4      0x184 ./Drivers/STM32F4xx_HAL_Driver/Src/stm32f4xx_hal_tim.o
                0x08005ec4                HAL_TIM_PWM_ConfigChannel
 .text.HAL_TIM_PeriodElapsedCallback
                0x08006048       0x14 ./Drivers/STM32F4xx_HAL_Driver/Src/stm32f4xx_hal_tim.o
                0x08006048                HAL_TIM_PeriodElapsedCallback
 .text.HAL_TIM_OC_DelayElapsedCallback
                0x0800605c       0x14 ./Drivers/STM32F4xx_HAL_Driver/Src/stm32f4xx_hal_tim.o
                0x0800605c                HAL_TIM_OC_DelayElapsedCallback
 .text.HAL_TIM_IC_CaptureCallback
                0x08006070       0x14 ./Drivers/STM32F4xx_HAL_Driver/Src/stm32f4xx_hal_tim.o
                0x08006070                HAL_TIM_IC_CaptureCallback
 .text.HAL_TIM_PWM_PulseFinishedCallback
                0x08006084       0x14 ./Drivers/STM32F4xx_HAL_Driver/Src/stm32f4xx_hal_tim.o
                0x08006084                HAL_TIM_PWM_PulseFinishedCallback
 .text.HAL_TIM_PWM_PulseFinishedHalfCpltCallback
                0x08006098       0x14 ./Drivers/STM32F4xx_HAL_Driver/Src/stm32f4xx_hal_tim.o
                0x08006098                HAL_TIM_PWM_PulseFinishedHalfCpltCallback
 .text.HAL_TIM_TriggerCallback
                0x080060ac       0x14 ./Drivers/STM32F4xx_HAL_Driver/Src/stm32f4xx_hal_tim.o
                0x080060ac                HAL_TIM_TriggerCallback
 .text.HAL_TIM_ErrorCallback
                0x080060c0       0x14 ./Drivers/STM32F4xx_HAL_Driver/Src/stm32f4xx_hal_tim.o
                0x080060c0                HAL_TIM_ErrorCallback
 .text.TIM_DMAError
                0x080060d4       0x92 ./Drivers/STM32F4xx_HAL_Driver/Src/stm32f4xx_hal_tim.o
                0x080060d4                TIM_DMAError
 .text.TIM_DMADelayPulseCplt
                0x08006166       0xa8 ./Drivers/STM32F4xx_HAL_Driver/Src/stm32f4xx_hal_tim.o
 .text.TIM_DMADelayPulseHalfCplt
                0x0800620e       0x68 ./Drivers/STM32F4xx_HAL_Driver/Src/stm32f4xx_hal_tim.o
                0x0800620e                TIM_DMADelayPulseHalfCplt
 *fill*         0x08006276        0x2 
 .text.TIM_Base_SetConfig
                0x08006278      0x158 ./Drivers/STM32F4xx_HAL_Driver/Src/stm32f4xx_hal_tim.o
                0x08006278                TIM_Base_SetConfig
 .text.TIM_OC1_SetConfig
                0x080063d0       0xe0 ./Drivers/STM32F4xx_HAL_Driver/Src/stm32f4xx_hal_tim.o
 .text.TIM_OC2_SetConfig
                0x080064b0       0xec ./Drivers/STM32F4xx_HAL_Driver/Src/stm32f4xx_hal_tim.o
                0x080064b0                TIM_OC2_SetConfig
 .text.TIM_OC3_SetConfig
                0x0800659c       0xe8 ./Drivers/STM32F4xx_HAL_Driver/Src/stm32f4xx_hal_tim.o
 .text.TIM_OC4_SetConfig
                0x08006684       0xac ./Drivers/STM32F4xx_HAL_Driver/Src/stm32f4xx_hal_tim.o
 .text.TIM_CCxChannelCmd
                0x08006730       0x4a ./Drivers/STM32F4xx_HAL_Driver/Src/stm32f4xx_hal_tim.o
                0x08006730                TIM_CCxChannelCmd
 *fill*         0x0800677a        0x2 
 .text.HAL_TIMEx_MasterConfigSynchronization
                0x0800677c       0xf8 ./Drivers/STM32F4xx_HAL_Driver/Src/stm32f4xx_hal_tim_ex.o
                0x0800677c                HAL_TIMEx_MasterConfigSynchronization
 .text.HAL_TIMEx_CommutCallback
                0x08006874       0x14 ./Drivers/STM32F4xx_HAL_Driver/Src/stm32f4xx_hal_tim_ex.o
                0x08006874                HAL_TIMEx_CommutCallback
 .text.HAL_TIMEx_BreakCallback
                0x08006888       0x14 ./Drivers/STM32F4xx_HAL_Driver/Src/stm32f4xx_hal_tim_ex.o
                0x08006888                HAL_TIMEx_BreakCallback
 .text.HAL_UART_Init
                0x0800689c       0xa0 ./Drivers/STM32F4xx_HAL_Driver/Src/stm32f4xx_hal_uart.o
                0x0800689c                HAL_UART_Init
 .text.HAL_UART_Transmit
                0x0800693c      0x116 ./Drivers/STM32F4xx_HAL_Driver/Src/stm32f4xx_hal_uart.o
                0x0800693c                HAL_UART_Transmit
 *fill*         0x08006a52        0x2 
 .text.HAL_UART_IRQHandler
                0x08006a54      0x524 ./Drivers/STM32F4xx_HAL_Driver/Src/stm32f4xx_hal_uart.o
                0x08006a54                HAL_UART_IRQHandler
 .text.HAL_UART_TxCpltCallback
                0x08006f78       0x14 ./Drivers/STM32F4xx_HAL_Driver/Src/stm32f4xx_hal_uart.o
                0x08006f78                HAL_UART_TxCpltCallback
 .text.HAL_UART_RxCpltCallback
                0x08006f8c       0x14 ./Drivers/STM32F4xx_HAL_Driver/Src/stm32f4xx_hal_uart.o
                0x08006f8c                HAL_UART_RxCpltCallback
 .text.HAL_UART_ErrorCallback
                0x08006fa0       0x14 ./Drivers/STM32F4xx_HAL_Driver/Src/stm32f4xx_hal_uart.o
                0x08006fa0                HAL_UART_ErrorCallback
 .text.HAL_UARTEx_RxEventCallback
                0x08006fb4       0x18 ./Drivers/STM32F4xx_HAL_Driver/Src/stm32f4xx_hal_uart.o
                0x08006fb4                HAL_UARTEx_RxEventCallback
 .text.UART_WaitOnFlagUntilTimeout
                0x08006fcc       0xb2 ./Drivers/STM32F4xx_HAL_Driver/Src/stm32f4xx_hal_uart.o
 .text.UART_EndRxTransfer
                0x0800707e       0xc6 ./Drivers/STM32F4xx_HAL_Driver/Src/stm32f4xx_hal_uart.o
 .text.UART_DMAAbortOnError
                0x08007144       0x28 ./Drivers/STM32F4xx_HAL_Driver/Src/stm32f4xx_hal_uart.o
 .text.UART_Transmit_IT
                0x0800716c       0xa0 ./Drivers/STM32F4xx_HAL_Driver/Src/stm32f4xx_hal_uart.o
 .text.UART_EndTransmit_IT
                0x0800720c       0x30 ./Drivers/STM32F4xx_HAL_Driver/Src/stm32f4xx_hal_uart.o
 .text.UART_Receive_IT
                0x0800723c      0x17c ./Drivers/STM32F4xx_HAL_Driver/Src/stm32f4xx_hal_uart.o
 .text.UART_SetConfig
                0x080073b8      0x4e8 ./Drivers/STM32F4xx_HAL_Driver/Src/stm32f4xx_hal_uart.o
 .text.memset   0x080078a0       0x10 D:/Programas/Nucleo/STM32CubeIDE/plugins/com.st.stm32cube.ide.mcu.externaltools.gnu-tools-for-stm32.12.3.rel1.win32_1.0.200.202406191623/tools/bin/../lib/gcc/arm-none-eabi/12.3.1/../../../../arm-none-eabi/lib/thumb/v7e-m+fp/hard\libc_nano.a(libc_a-memset.o)
                0x080078a0                memset
 .text.__libc_init_array
                0x080078b0       0x48 D:/Programas/Nucleo/STM32CubeIDE/plugins/com.st.stm32cube.ide.mcu.externaltools.gnu-tools-for-stm32.12.3.rel1.win32_1.0.200.202406191623/tools/bin/../lib/gcc/arm-none-eabi/12.3.1/../../../../arm-none-eabi/lib/thumb/v7e-m+fp/hard\libc_nano.a(libc_a-init.o)
                0x080078b0                __libc_init_array
 *(.glue_7)
 .glue_7        0x080078f8        0x0 linker stubs
 *(.glue_7t)
 .glue_7t       0x080078f8        0x0 linker stubs
 *(.eh_frame)
 .eh_frame      0x080078f8        0x0 D:/Programas/Nucleo/STM32CubeIDE/plugins/com.st.stm32cube.ide.mcu.externaltools.gnu-tools-for-stm32.12.3.rel1.win32_1.0.200.202406191623/tools/bin/../lib/gcc/arm-none-eabi/12.3.1/thumb/v7e-m+fp/hard/crtbegin.o
 *(.init)
 .init          0x080078f8        0x4 D:/Programas/Nucleo/STM32CubeIDE/plugins/com.st.stm32cube.ide.mcu.externaltools.gnu-tools-for-stm32.12.3.rel1.win32_1.0.200.202406191623/tools/bin/../lib/gcc/arm-none-eabi/12.3.1/thumb/v7e-m+fp/hard/crti.o
                0x080078f8                _init
 .init          0x080078fc        0x8 D:/Programas/Nucleo/STM32CubeIDE/plugins/com.st.stm32cube.ide.mcu.externaltools.gnu-tools-for-stm32.12.3.rel1.win32_1.0.200.202406191623/tools/bin/../lib/gcc/arm-none-eabi/12.3.1/thumb/v7e-m+fp/hard/crtn.o
 *(.fini)
 .fini          0x08007904        0x4 D:/Programas/Nucleo/STM32CubeIDE/plugins/com.st.stm32cube.ide.mcu.externaltools.gnu-tools-for-stm32.12.3.rel1.win32_1.0.200.202406191623/tools/bin/../lib/gcc/arm-none-eabi/12.3.1/thumb/v7e-m+fp/hard/crti.o
                0x08007904                _fini
 .fini          0x08007908        0x8 D:/Programas/Nucleo/STM32CubeIDE/plugins/com.st.stm32cube.ide.mcu.externaltools.gnu-tools-for-stm32.12.3.rel1.win32_1.0.200.202406191623/tools/bin/../lib/gcc/arm-none-eabi/12.3.1/thumb/v7e-m+fp/hard/crtn.o
                0x08007910                        . = ALIGN (0x4)
                0x08007910                        _etext = .

.vfp11_veneer   0x08007910        0x0
 .vfp11_veneer  0x08007910        0x0 linker stubs

.v4_bx          0x08007910        0x0
 .v4_bx         0x08007910        0x0 linker stubs

.iplt           0x08007910        0x0
 .iplt          0x08007910        0x0 D:/Programas/Nucleo/STM32CubeIDE/plugins/com.st.stm32cube.ide.mcu.externaltools.gnu-tools-for-stm32.12.3.rel1.win32_1.0.200.202406191623/tools/bin/../lib/gcc/arm-none-eabi/12.3.1/thumb/v7e-m+fp/hard/crtbegin.o

.rodata         0x08007910       0x40
                0x08007910                        . = ALIGN (0x4)
 *(.rodata)
 .rodata        0x08007910       0x1e ./Core/Src/main.o
 *(.rodata*)
 *fill*         0x0800792e        0x2 
 .rodata.AHBPrescTable
                0x08007930       0x10 ./Core/Src/system_stm32f4xx.o
                0x08007930                AHBPrescTable
 .rodata.APBPrescTable
                0x08007940        0x8 ./Core/Src/system_stm32f4xx.o
                0x08007940                APBPrescTable
 .rodata.flagBitshiftOffset.0
                0x08007948        0x8 ./Drivers/STM32F4xx_HAL_Driver/Src/stm32f4xx_hal_dma.o
                0x08007950                        . = ALIGN (0x4)

.ARM.extab      0x08007950        0x0
                0x08007950                        . = ALIGN (0x4)
 *(.ARM.extab* .gnu.linkonce.armextab.*)
                0x08007950                        . = ALIGN (0x4)

.ARM            0x08007950        0x8
                0x08007950                        . = ALIGN (0x4)
                0x08007950                        __exidx_start = .
 *(.ARM.exidx*)
 .ARM.exidx     0x08007950        0x8 D:/Programas/Nucleo/STM32CubeIDE/plugins/com.st.stm32cube.ide.mcu.externaltools.gnu-tools-for-stm32.12.3.rel1.win32_1.0.200.202406191623/tools/bin/../lib/gcc/arm-none-eabi/12.3.1/../../../../arm-none-eabi/lib/thumb/v7e-m+fp/hard\libc_nano.a(libc_a-strlen.o)
 .ARM.exidx     0x08007958        0x0 D:/Programas/Nucleo/STM32CubeIDE/plugins/com.st.stm32cube.ide.mcu.externaltools.gnu-tools-for-stm32.12.3.rel1.win32_1.0.200.202406191623/tools/bin/../lib/gcc/arm-none-eabi/12.3.1/thumb/v7e-m+fp/hard\libgcc.a(_udivmoddi4.o)
                                  0x8 (size before relaxing)
                0x08007958                        __exidx_end = .
                0x08007958                        . = ALIGN (0x4)

.preinit_array  0x08007958        0x0
                0x08007958                        . = ALIGN (0x4)
                0x08007958                        PROVIDE (__preinit_array_start = .)
 *(.preinit_array*)
                0x08007958                        PROVIDE (__preinit_array_end = .)
                0x08007958                        . = ALIGN (0x4)

.init_array     0x08007958        0x4
                0x08007958                        . = ALIGN (0x4)
                0x08007958                        PROVIDE (__init_array_start = .)
 *(SORT_BY_NAME(.init_array.*))
 *(.init_array*)
 .init_array    0x08007958        0x4 D:/Programas/Nucleo/STM32CubeIDE/plugins/com.st.stm32cube.ide.mcu.externaltools.gnu-tools-for-stm32.12.3.rel1.win32_1.0.200.202406191623/tools/bin/../lib/gcc/arm-none-eabi/12.3.1/thumb/v7e-m+fp/hard/crtbegin.o
                0x0800795c                        PROVIDE (__init_array_end = .)
                0x0800795c                        . = ALIGN (0x4)

.fini_array     0x0800795c        0x4
                0x0800795c                        . = ALIGN (0x4)
                [!provide]                        PROVIDE (__fini_array_start = .)
 *(SORT_BY_NAME(.fini_array.*))
 *(.fini_array*)
 .fini_array    0x0800795c        0x4 D:/Programas/Nucleo/STM32CubeIDE/plugins/com.st.stm32cube.ide.mcu.externaltools.gnu-tools-for-stm32.12.3.rel1.win32_1.0.200.202406191623/tools/bin/../lib/gcc/arm-none-eabi/12.3.1/thumb/v7e-m+fp/hard/crtbegin.o
                [!provide]                        PROVIDE (__fini_array_end = .)
                0x08007960                        . = ALIGN (0x4)
                0x08007960                        _sidata = LOADADDR (.data)

.rel.dyn        0x08007960        0x0
 .rel.iplt      0x08007960        0x0 D:/Programas/Nucleo/STM32CubeIDE/plugins/com.st.stm32cube.ide.mcu.externaltools.gnu-tools-for-stm32.12.3.rel1.win32_1.0.200.202406191623/tools/bin/../lib/gcc/arm-none-eabi/12.3.1/thumb/v7e-m+fp/hard/crtbegin.o

.data           0x20000000       0x20 load address 0x08007960
                0x20000000                        . = ALIGN (0x4)
                0x20000000                        _sdata = .
 *(.data)
 *(.data*)
 .data.espacios_disponibles
                0x20000000        0x1 ./Core/Src/main.o
                0x20000000                espacios_disponibles
 *fill*         0x20000001        0x3 
 .data.ESP32_ADDRESS
                0x20000004        0x4 ./Core/Src/main.o
                0x20000004                ESP32_ADDRESS
 .data.debounce_delay
                0x20000008        0x4 ./Core/Src/main.o
                0x20000008                debounce_delay
 .data.red_color
                0x2000000c        0x3 ./Core/Src/main.o
                0x2000000c                red_color
 *fill*         0x2000000f        0x1 
 .data.green_color
                0x20000010        0x3 ./Core/Src/main.o
                0x20000010                green_color
 *fill*         0x20000013        0x1 
 .data.SystemCoreClock
                0x20000014        0x4 ./Core/Src/system_stm32f4xx.o
                0x20000014                SystemCoreClock
 .data.uwTickPrio
                0x20000018        0x4 ./Drivers/STM32F4xx_HAL_Driver/Src/stm32f4xx_hal.o
                0x20000018                uwTickPrio
 .data.uwTickFreq
                0x2000001c        0x1 ./Drivers/STM32F4xx_HAL_Driver/Src/stm32f4xx_hal.o
                0x2000001c                uwTickFreq
 *(.RamFunc)
 *(.RamFunc*)
                0x20000020                        . = ALIGN (0x4)
 *fill*         0x2000001d        0x3 
                0x20000020                        _edata = .

.igot.plt       0x20000020        0x0 load address 0x08007980
 .igot.plt      0x20000020        0x0 D:/Programas/Nucleo/STM32CubeIDE/plugins/com.st.stm32cube.ide.mcu.externaltools.gnu-tools-for-stm32.12.3.rel1.win32_1.0.200.202406191623/tools/bin/../lib/gcc/arm-none-eabi/12.3.1/thumb/v7e-m+fp/hard/crtbegin.o
                0x20000020                        . = ALIGN (0x4)

.bss            0x20000020      0x670 load address 0x08007980
                0x20000020                        _sbss = .
                0x20000020                        __bss_start__ = _sbss
 *(.bss)
 .bss           0x20000020       0x1c D:/Programas/Nucleo/STM32CubeIDE/plugins/com.st.stm32cube.ide.mcu.externaltools.gnu-tools-for-stm32.12.3.rel1.win32_1.0.200.202406191623/tools/bin/../lib/gcc/arm-none-eabi/12.3.1/thumb/v7e-m+fp/hard/crtbegin.o
 *(.bss*)
 .bss.activa1   0x2000003c        0x1 ./Core/Src/main.o
                0x2000003c                activa1
 .bss.activa2   0x2000003d        0x1 ./Core/Src/main.o
                0x2000003d                activa2
 .bss.activa3   0x2000003e        0x1 ./Core/Src/main.o
                0x2000003e                activa3
 .bss.activa4   0x2000003f        0x1 ./Core/Src/main.o
                0x2000003f                activa4
 .bss.activa5   0x20000040        0x1 ./Core/Src/main.o
                0x20000040                activa5
 .bss.activa6   0x20000041        0x1 ./Core/Src/main.o
                0x20000041                activa6
 .bss.activa7   0x20000042        0x1 ./Core/Src/main.o
                0x20000042                activa7
 .bss.activa8   0x20000043        0x1 ./Core/Src/main.o
                0x20000043                activa8
 .bss.activador
                0x20000044        0x1 ./Core/Src/main.o
                0x20000044                activador
 .bss.activador1
                0x20000045        0x1 ./Core/Src/main.o
                0x20000045                activador1
 *fill*         0x20000046        0x2 
 .bss.last_interrupt_time
                0x20000048        0x4 ./Core/Src/main.o
                0x20000048                last_interrupt_time
 .bss.hi2c1     0x2000004c       0x54 ./Core/Src/main.o
                0x2000004c                hi2c1
 .bss.htim3     0x200000a0       0x48 ./Core/Src/main.o
                0x200000a0                htim3
 .bss.hdma_tim3_ch1_trig
                0x200000e8       0x60 ./Core/Src/main.o
                0x200000e8                hdma_tim3_ch1_trig
 .bss.huart4    0x20000148       0x48 ./Core/Src/main.o
                0x20000148                huart4
 .bss.leds      0x20000190      0x1b0 ./Core/Src/main.o
                0x20000190                leds
 .bss.circular_pattern_led
                0x20000340      0x330 ./Core/Src/main.o
                0x20000340                circular_pattern_led
 .bss.led_pattern
                0x20000670       0x18 ./Core/Src/main.o
                0x20000670                led_pattern
 .bss.black_color
                0x20000688        0x3 ./Core/Src/main.o
                0x20000688                black_color
 .bss.data      0x2000068b        0x1 ./Core/Src/main.o
                0x2000068b                data
 .bss.uwTick    0x2000068c        0x4 ./Drivers/STM32F4xx_HAL_Driver/Src/stm32f4xx_hal.o
                0x2000068c                uwTick
 *(COMMON)
                0x20000690                        . = ALIGN (0x4)
                0x20000690                        _ebss = .
                0x20000690                        __bss_end__ = _ebss

._user_heap_stack
                0x20000690      0x600 load address 0x08007980
                0x20000690                        . = ALIGN (0x8)
                [!provide]                        PROVIDE (end = .)
                0x20000690                        PROVIDE (_end = .)
                0x20000890                        . = (. + _Min_Heap_Size)
 *fill*         0x20000690      0x200 
                0x20000c90                        . = (. + _Min_Stack_Size)
 *fill*         0x20000890      0x400 
                0x20000c90                        . = ALIGN (0x8)

/DISCARD/
 libc.a(*)
 libm.a(*)
 libgcc.a(*)

.ARM.attributes
                0x00000000       0x30
 *(.ARM.attributes)
 .ARM.attributes
                0x00000000       0x22 D:/Programas/Nucleo/STM32CubeIDE/plugins/com.st.stm32cube.ide.mcu.externaltools.gnu-tools-for-stm32.12.3.rel1.win32_1.0.200.202406191623/tools/bin/../lib/gcc/arm-none-eabi/12.3.1/thumb/v7e-m+fp/hard/crti.o
 .ARM.attributes
                0x00000022       0x34 D:/Programas/Nucleo/STM32CubeIDE/plugins/com.st.stm32cube.ide.mcu.externaltools.gnu-tools-for-stm32.12.3.rel1.win32_1.0.200.202406191623/tools/bin/../lib/gcc/arm-none-eabi/12.3.1/thumb/v7e-m+fp/hard/crtbegin.o
 .ARM.attributes
                0x00000056       0x34 ./Core/Src/main.o
 .ARM.attributes
                0x0000008a       0x34 ./Core/Src/neo_pixel.o
 .ARM.attributes
                0x000000be       0x34 ./Core/Src/stm32f4xx_hal_msp.o
 .ARM.attributes
                0x000000f2       0x34 ./Core/Src/stm32f4xx_it.o
 .ARM.attributes
                0x00000126       0x34 ./Core/Src/system_stm32f4xx.o
 .ARM.attributes
                0x0000015a       0x21 ./Core/Startup/startup_stm32f446retx.o
 .ARM.attributes
                0x0000017b       0x34 ./Drivers/STM32F4xx_HAL_Driver/Src/stm32f4xx_hal.o
 .ARM.attributes
                0x000001af       0x34 ./Drivers/STM32F4xx_HAL_Driver/Src/stm32f4xx_hal_cortex.o
 .ARM.attributes
                0x000001e3       0x34 ./Drivers/STM32F4xx_HAL_Driver/Src/stm32f4xx_hal_dma.o
 .ARM.attributes
                0x00000217       0x34 ./Drivers/STM32F4xx_HAL_Driver/Src/stm32f4xx_hal_gpio.o
 .ARM.attributes
                0x0000024b       0x34 ./Drivers/STM32F4xx_HAL_Driver/Src/stm32f4xx_hal_i2c.o
 .ARM.attributes
                0x0000027f       0x34 ./Drivers/STM32F4xx_HAL_Driver/Src/stm32f4xx_hal_rcc.o
 .ARM.attributes
                0x000002b3       0x34 ./Drivers/STM32F4xx_HAL_Driver/Src/stm32f4xx_hal_rcc_ex.o
 .ARM.attributes
                0x000002e7       0x34 ./Drivers/STM32F4xx_HAL_Driver/Src/stm32f4xx_hal_tim.o
 .ARM.attributes
                0x0000031b       0x34 ./Drivers/STM32F4xx_HAL_Driver/Src/stm32f4xx_hal_tim_ex.o
 .ARM.attributes
                0x0000034f       0x34 ./Drivers/STM32F4xx_HAL_Driver/Src/stm32f4xx_hal_uart.o
 .ARM.attributes
                0x00000383       0x34 D:/Programas/Nucleo/STM32CubeIDE/plugins/com.st.stm32cube.ide.mcu.externaltools.gnu-tools-for-stm32.12.3.rel1.win32_1.0.200.202406191623/tools/bin/../lib/gcc/arm-none-eabi/12.3.1/../../../../arm-none-eabi/lib/thumb/v7e-m+fp/hard\libc_nano.a(libc_a-memset.o)
 .ARM.attributes
                0x000003b7       0x34 D:/Programas/Nucleo/STM32CubeIDE/plugins/com.st.stm32cube.ide.mcu.externaltools.gnu-tools-for-stm32.12.3.rel1.win32_1.0.200.202406191623/tools/bin/../lib/gcc/arm-none-eabi/12.3.1/../../../../arm-none-eabi/lib/thumb/v7e-m+fp/hard\libc_nano.a(libc_a-init.o)
 .ARM.attributes
                0x000003eb       0x17 D:/Programas/Nucleo/STM32CubeIDE/plugins/com.st.stm32cube.ide.mcu.externaltools.gnu-tools-for-stm32.12.3.rel1.win32_1.0.200.202406191623/tools/bin/../lib/gcc/arm-none-eabi/12.3.1/../../../../arm-none-eabi/lib/thumb/v7e-m+fp/hard\libc_nano.a(libc_a-strlen.o)
 .ARM.attributes
                0x00000402       0x22 D:/Programas/Nucleo/STM32CubeIDE/plugins/com.st.stm32cube.ide.mcu.externaltools.gnu-tools-for-stm32.12.3.rel1.win32_1.0.200.202406191623/tools/bin/../lib/gcc/arm-none-eabi/12.3.1/thumb/v7e-m+fp/hard\libgcc.a(_aeabi_uldivmod.o)
 .ARM.attributes
                0x00000424       0x34 D:/Programas/Nucleo/STM32CubeIDE/plugins/com.st.stm32cube.ide.mcu.externaltools.gnu-tools-for-stm32.12.3.rel1.win32_1.0.200.202406191623/tools/bin/../lib/gcc/arm-none-eabi/12.3.1/thumb/v7e-m+fp/hard\libgcc.a(_udivmoddi4.o)
 .ARM.attributes
                0x00000458       0x22 D:/Programas/Nucleo/STM32CubeIDE/plugins/com.st.stm32cube.ide.mcu.externaltools.gnu-tools-for-stm32.12.3.rel1.win32_1.0.200.202406191623/tools/bin/../lib/gcc/arm-none-eabi/12.3.1/thumb/v7e-m+fp/hard\libgcc.a(_dvmd_tls.o)
 .ARM.attributes
                0x0000047a       0x22 D:/Programas/Nucleo/STM32CubeIDE/plugins/com.st.stm32cube.ide.mcu.externaltools.gnu-tools-for-stm32.12.3.rel1.win32_1.0.200.202406191623/tools/bin/../lib/gcc/arm-none-eabi/12.3.1/thumb/v7e-m+fp/hard/crtn.o
OUTPUT(MAESTRO.elf elf32-littlearm)
LOAD linker stubs
LOAD D:/Programas/Nucleo/STM32CubeIDE/plugins/com.st.stm32cube.ide.mcu.externaltools.gnu-tools-for-stm32.12.3.rel1.win32_1.0.200.202406191623/tools/bin/../lib/gcc/arm-none-eabi/12.3.1/../../../../arm-none-eabi/lib/thumb/v7e-m+fp/hard\libc.a
LOAD D:/Programas/Nucleo/STM32CubeIDE/plugins/com.st.stm32cube.ide.mcu.externaltools.gnu-tools-for-stm32.12.3.rel1.win32_1.0.200.202406191623/tools/bin/../lib/gcc/arm-none-eabi/12.3.1/../../../../arm-none-eabi/lib/thumb/v7e-m+fp/hard\libm.a
LOAD D:/Programas/Nucleo/STM32CubeIDE/plugins/com.st.stm32cube.ide.mcu.externaltools.gnu-tools-for-stm32.12.3.rel1.win32_1.0.200.202406191623/tools/bin/../lib/gcc/arm-none-eabi/12.3.1/thumb/v7e-m+fp/hard\libgcc.a

.debug_info     0x00000000    0x10ff5
 .debug_info    0x00000000     0x1bfe ./Core/Src/main.o
 .debug_info    0x00001bfe      0x291 ./Core/Src/neo_pixel.o
 .debug_info    0x00001e8f     0x1366 ./Core/Src/stm32f4xx_hal_msp.o
 .debug_info    0x000031f5      0xd27 ./Core/Src/stm32f4xx_it.o
 .debug_info    0x00003f1c      0x54a ./Core/Src/system_stm32f4xx.o
 .debug_info    0x00004466       0x30 ./Core/Startup/startup_stm32f446retx.o
 .debug_info    0x00004496      0x99a ./Drivers/STM32F4xx_HAL_Driver/Src/stm32f4xx_hal.o
 .debug_info    0x00004e30      0xdaa ./Drivers/STM32F4xx_HAL_Driver/Src/stm32f4xx_hal_cortex.o
 .debug_info    0x00005bda      0x8e7 ./Drivers/STM32F4xx_HAL_Driver/Src/stm32f4xx_hal_dma.o
 .debug_info    0x000064c1      0x70b ./Drivers/STM32F4xx_HAL_Driver/Src/stm32f4xx_hal_gpio.o
 .debug_info    0x00006bcc     0x2421 ./Drivers/STM32F4xx_HAL_Driver/Src/stm32f4xx_hal_i2c.o
 .debug_info    0x00008fed      0x8eb ./Drivers/STM32F4xx_HAL_Driver/Src/stm32f4xx_hal_rcc.o
 .debug_info    0x000098d8      0x956 ./Drivers/STM32F4xx_HAL_Driver/Src/stm32f4xx_hal_rcc_ex.o
 .debug_info    0x0000a22e     0x299d ./Drivers/STM32F4xx_HAL_Driver/Src/stm32f4xx_hal_tim.o
 .debug_info    0x0000cbcb     0x14db ./Drivers/STM32F4xx_HAL_Driver/Src/stm32f4xx_hal_tim_ex.o
 .debug_info    0x0000e0a6     0x2f4f ./Drivers/STM32F4xx_HAL_Driver/Src/stm32f4xx_hal_uart.o

.debug_abbrev   0x00000000     0x2253
 .debug_abbrev  0x00000000      0x314 ./Core/Src/main.o
 .debug_abbrev  0x00000314       0xf8 ./Core/Src/neo_pixel.o
 .debug_abbrev  0x0000040c      0x25e ./Core/Src/stm32f4xx_hal_msp.o
 .debug_abbrev  0x0000066a      0x1cb ./Core/Src/stm32f4xx_it.o
 .debug_abbrev  0x00000835      0x11a ./Core/Src/system_stm32f4xx.o
 .debug_abbrev  0x0000094f       0x24 ./Core/Startup/startup_stm32f446retx.o
 .debug_abbrev  0x00000973      0x214 ./Drivers/STM32F4xx_HAL_Driver/Src/stm32f4xx_hal.o
 .debug_abbrev  0x00000b87      0x31d ./Drivers/STM32F4xx_HAL_Driver/Src/stm32f4xx_hal_cortex.o
 .debug_abbrev  0x00000ea4      0x264 ./Drivers/STM32F4xx_HAL_Driver/Src/stm32f4xx_hal_dma.o
 .debug_abbrev  0x00001108      0x1d4 ./Drivers/STM32F4xx_HAL_Driver/Src/stm32f4xx_hal_gpio.o
 .debug_abbrev  0x000012dc      0x2ad ./Drivers/STM32F4xx_HAL_Driver/Src/stm32f4xx_hal_i2c.o
 .debug_abbrev  0x00001589      0x2b7 ./Drivers/STM32F4xx_HAL_Driver/Src/stm32f4xx_hal_rcc.o
 .debug_abbrev  0x00001840      0x20a ./Drivers/STM32F4xx_HAL_Driver/Src/stm32f4xx_hal_rcc_ex.o
 .debug_abbrev  0x00001a4a      0x278 ./Drivers/STM32F4xx_HAL_Driver/Src/stm32f4xx_hal_tim.o
 .debug_abbrev  0x00001cc2      0x283 ./Drivers/STM32F4xx_HAL_Driver/Src/stm32f4xx_hal_tim_ex.o
 .debug_abbrev  0x00001f45      0x30e ./Drivers/STM32F4xx_HAL_Driver/Src/stm32f4xx_hal_uart.o

.debug_aranges  0x00000000     0x1040
 .debug_aranges
                0x00000000       0xb8 ./Core/Src/main.o
 .debug_aranges
                0x000000b8       0x38 ./Core/Src/neo_pixel.o
 .debug_aranges
                0x000000f0       0x58 ./Core/Src/stm32f4xx_hal_msp.o
 .debug_aranges
                0x00000148       0xb8 ./Core/Src/stm32f4xx_it.o
 .debug_aranges
                0x00000200       0x28 ./Core/Src/system_stm32f4xx.o
 .debug_aranges
                0x00000228       0x28 ./Core/Startup/startup_stm32f446retx.o
 .debug_aranges
                0x00000250       0xf0 ./Drivers/STM32F4xx_HAL_Driver/Src/stm32f4xx_hal.o
 .debug_aranges
                0x00000340      0x130 ./Drivers/STM32F4xx_HAL_Driver/Src/stm32f4xx_hal_cortex.o
 .debug_aranges
                0x00000470       0x90 ./Drivers/STM32F4xx_HAL_Driver/Src/stm32f4xx_hal_dma.o
 .debug_aranges
                0x00000500       0x58 ./Drivers/STM32F4xx_HAL_Driver/Src/stm32f4xx_hal_gpio.o
 .debug_aranges
                0x00000558      0x2a8 ./Drivers/STM32F4xx_HAL_Driver/Src/stm32f4xx_hal_i2c.o
 .debug_aranges
                0x00000800       0x88 ./Drivers/STM32F4xx_HAL_Driver/Src/stm32f4xx_hal_rcc.o
 .debug_aranges
                0x00000888       0x78 ./Drivers/STM32F4xx_HAL_Driver/Src/stm32f4xx_hal_rcc_ex.o
 .debug_aranges
                0x00000900      0x3d0 ./Drivers/STM32F4xx_HAL_Driver/Src/stm32f4xx_hal_tim.o
 .debug_aranges
                0x00000cd0      0x168 ./Drivers/STM32F4xx_HAL_Driver/Src/stm32f4xx_hal_tim_ex.o
 .debug_aranges
                0x00000e38      0x208 ./Drivers/STM32F4xx_HAL_Driver/Src/stm32f4xx_hal_uart.o

.debug_rnglists
                0x00000000      0xce4
 .debug_rnglists
                0x00000000       0x8b ./Core/Src/main.o
 .debug_rnglists
                0x0000008b       0x28 ./Core/Src/neo_pixel.o
 .debug_rnglists
                0x000000b3       0x40 ./Core/Src/stm32f4xx_hal_msp.o
 .debug_rnglists
                0x000000f3       0x85 ./Core/Src/stm32f4xx_it.o
 .debug_rnglists
                0x00000178       0x1a ./Core/Src/system_stm32f4xx.o
 .debug_rnglists
                0x00000192       0x19 ./Core/Startup/startup_stm32f446retx.o
 .debug_rnglists
                0x000001ab       0xaf ./Drivers/STM32F4xx_HAL_Driver/Src/stm32f4xx_hal.o
 .debug_rnglists
                0x0000025a       0xe0 ./Drivers/STM32F4xx_HAL_Driver/Src/stm32f4xx_hal_cortex.o
 .debug_rnglists
                0x0000033a       0x70 ./Drivers/STM32F4xx_HAL_Driver/Src/stm32f4xx_hal_dma.o
 .debug_rnglists
                0x000003aa       0x3f ./Drivers/STM32F4xx_HAL_Driver/Src/stm32f4xx_hal_gpio.o
 .debug_rnglists
                0x000003e9      0x23c ./Drivers/STM32F4xx_HAL_Driver/Src/stm32f4xx_hal_i2c.o
 .debug_rnglists
                0x00000625       0x66 ./Drivers/STM32F4xx_HAL_Driver/Src/stm32f4xx_hal_rcc.o
 .debug_rnglists
                0x0000068b       0x5e ./Drivers/STM32F4xx_HAL_Driver/Src/stm32f4xx_hal_rcc_ex.o
 .debug_rnglists
                0x000006e9      0x31a ./Drivers/STM32F4xx_HAL_Driver/Src/stm32f4xx_hal_tim.o
 .debug_rnglists
                0x00000a03      0x125 ./Drivers/STM32F4xx_HAL_Driver/Src/stm32f4xx_hal_tim_ex.o
 .debug_rnglists
                0x00000b28      0x1bc ./Drivers/STM32F4xx_HAL_Driver/Src/stm32f4xx_hal_uart.o

.debug_macro    0x00000000    0x225ba
 .debug_macro   0x00000000      0x313 ./Core/Src/main.o
 .debug_macro   0x00000313      0xab4 ./Core/Src/main.o
 .debug_macro   0x00000dc7      0x2a1 ./Core/Src/main.o
 .debug_macro   0x00001068       0x2e ./Core/Src/main.o
 .debug_macro   0x00001096       0x28 ./Core/Src/main.o
 .debug_macro   0x000010be       0x22 ./Core/Src/main.o
 .debug_macro   0x000010e0       0x8e ./Core/Src/main.o
 .debug_macro   0x0000116e       0x51 ./Core/Src/main.o
 .debug_macro   0x000011bf      0x103 ./Core/Src/main.o
 .debug_macro   0x000012c2       0x6a ./Core/Src/main.o
 .debug_macro   0x0000132c      0x1df ./Core/Src/main.o
 .debug_macro   0x0000150b       0x1c ./Core/Src/main.o
 .debug_macro   0x00001527       0x22 ./Core/Src/main.o
 .debug_macro   0x00001549       0xfb ./Core/Src/main.o
 .debug_macro   0x00001644     0x1011 ./Core/Src/main.o
 .debug_macro   0x00002655      0x11f ./Core/Src/main.o
 .debug_macro   0x00002774    0x16749 ./Core/Src/main.o
 .debug_macro   0x00018ebd       0x6d ./Core/Src/main.o
 .debug_macro   0x00018f2a     0x369a ./Core/Src/main.o
 .debug_macro   0x0001c5c4      0x189 ./Core/Src/main.o
 .debug_macro   0x0001c74d       0x5c ./Core/Src/main.o
 .debug_macro   0x0001c7a9      0xca5 ./Core/Src/main.o
 .debug_macro   0x0001d44e      0x9e9 ./Core/Src/main.o
 .debug_macro   0x0001de37      0x115 ./Core/Src/main.o
 .debug_macro   0x0001df4c      0x1a0 ./Core/Src/main.o
 .debug_macro   0x0001e0ec       0xa5 ./Core/Src/main.o
 .debug_macro   0x0001e191      0x16d ./Core/Src/main.o
 .debug_macro   0x0001e2fe      0x287 ./Core/Src/main.o
 .debug_macro   0x0001e585       0x5f ./Core/Src/main.o
 .debug_macro   0x0001e5e4      0x236 ./Core/Src/main.o
 .debug_macro   0x0001e81a      0x132 ./Core/Src/main.o
 .debug_macro   0x0001e94c      0x29c ./Core/Src/main.o
 .debug_macro   0x0001ebe8       0x2e ./Core/Src/main.o
 .debug_macro   0x0001ec16      0x1b5 ./Core/Src/main.o
 .debug_macro   0x0001edcb       0x22 ./Core/Src/main.o
 .debug_macro   0x0001eded       0xd6 ./Core/Src/main.o
 .debug_macro   0x0001eec3      0x127 ./Core/Src/main.o
 .debug_macro   0x0001efea       0xe8 ./Core/Src/main.o
 .debug_macro   0x0001f0d2       0x89 ./Core/Src/main.o
 .debug_macro   0x0001f15b      0x8ed ./Core/Src/main.o
 .debug_macro   0x0001fa48       0x53 ./Core/Src/main.o
 .debug_macro   0x0001fa9b      0x2aa ./Core/Src/main.o
 .debug_macro   0x0001fd45      0x126 ./Core/Src/main.o
 .debug_macro   0x0001fe6b      0x100 ./Core/Src/main.o
 .debug_macro   0x0001ff6b       0x61 ./Core/Src/main.o
 .debug_macro   0x0001ffcc       0x2a ./Core/Src/main.o
 .debug_macro   0x0001fff6       0x43 ./Core/Src/main.o
 .debug_macro   0x00020039       0x34 ./Core/Src/main.o
 .debug_macro   0x0002006d       0x16 ./Core/Src/main.o
 .debug_macro   0x00020083       0x35 ./Core/Src/main.o
 .debug_macro   0x000200b8      0x369 ./Core/Src/main.o
 .debug_macro   0x00020421       0x10 ./Core/Src/main.o
 .debug_macro   0x00020431       0x16 ./Core/Src/main.o
 .debug_macro   0x00020447       0x43 ./Core/Src/main.o
 .debug_macro   0x0002048a       0x34 ./Core/Src/main.o
 .debug_macro   0x000204be       0x10 ./Core/Src/main.o
 .debug_macro   0x000204ce       0x58 ./Core/Src/main.o
 .debug_macro   0x00020526       0x8e ./Core/Src/main.o
 .debug_macro   0x000205b4       0x1c ./Core/Src/main.o
 .debug_macro   0x000205d0      0x177 ./Core/Src/main.o
 .debug_macro   0x00020747       0x16 ./Core/Src/main.o
 .debug_macro   0x0002075d       0x16 ./Core/Src/main.o
 .debug_macro   0x00020773      0x146 ./Core/Src/main.o
 .debug_macro   0x000208b9       0x10 ./Core/Src/main.o
 .debug_macro   0x000208c9       0x16 ./Core/Src/main.o
 .debug_macro   0x000208df       0x20 ./Core/Src/main.o
 .debug_macro   0x000208ff      0x14f ./Core/Src/neo_pixel.o
 .debug_macro   0x00020a4e       0x9e ./Core/Src/neo_pixel.o
 .debug_macro   0x00020aec      0x10b ./Core/Src/neo_pixel.o
 .debug_macro   0x00020bf7      0x1f6 ./Core/Src/stm32f4xx_hal_msp.o
 .debug_macro   0x00020ded      0x200 ./Core/Src/stm32f4xx_it.o
 .debug_macro   0x00020fed      0x1e7 ./Core/Src/system_stm32f4xx.o
 .debug_macro   0x000211d4      0x247 ./Drivers/STM32F4xx_HAL_Driver/Src/stm32f4xx_hal.o
 .debug_macro   0x0002141b      0x1e7 ./Drivers/STM32F4xx_HAL_Driver/Src/stm32f4xx_hal_cortex.o
 .debug_macro   0x00021602      0x1ed ./Drivers/STM32F4xx_HAL_Driver/Src/stm32f4xx_hal_dma.o
 .debug_macro   0x000217ef      0x1ed ./Drivers/STM32F4xx_HAL_Driver/Src/stm32f4xx_hal_gpio.o
 .debug_macro   0x000219dc      0x235 ./Drivers/STM32F4xx_HAL_Driver/Src/stm32f4xx_hal_i2c.o
 .debug_macro   0x00021c11      0x20b ./Drivers/STM32F4xx_HAL_Driver/Src/stm32f4xx_hal_rcc.o
 .debug_macro   0x00021e1c      0x1e7 ./Drivers/STM32F4xx_HAL_Driver/Src/stm32f4xx_hal_rcc_ex.o
 .debug_macro   0x00022003      0x1e8 ./Drivers/STM32F4xx_HAL_Driver/Src/stm32f4xx_hal_tim.o
 .debug_macro   0x000221eb      0x1e7 ./Drivers/STM32F4xx_HAL_Driver/Src/stm32f4xx_hal_tim_ex.o
 .debug_macro   0x000223d2      0x1e8 ./Drivers/STM32F4xx_HAL_Driver/Src/stm32f4xx_hal_uart.o

.debug_line     0x00000000    0x13cb4
 .debug_line    0x00000000      0xf21 ./Core/Src/main.o
 .debug_line    0x00000f21      0x6e3 ./Core/Src/neo_pixel.o
 .debug_line    0x00001604      0x89f ./Core/Src/stm32f4xx_hal_msp.o
 .debug_line    0x00001ea3      0x934 ./Core/Src/stm32f4xx_it.o
 .debug_line    0x000027d7      0x7ec ./Core/Src/system_stm32f4xx.o
 .debug_line    0x00002fc3       0x7a ./Core/Startup/startup_stm32f446retx.o
 .debug_line    0x0000303d      0xa55 ./Drivers/STM32F4xx_HAL_Driver/Src/stm32f4xx_hal.o
 .debug_line    0x00003a92      0xd47 ./Drivers/STM32F4xx_HAL_Driver/Src/stm32f4xx_hal_cortex.o
 .debug_line    0x000047d9      0xfc5 ./Drivers/STM32F4xx_HAL_Driver/Src/stm32f4xx_hal_dma.o
 .debug_line    0x0000579e      0xbcd ./Drivers/STM32F4xx_HAL_Driver/Src/stm32f4xx_hal_gpio.o
 .debug_line    0x0000636b     0x3b9b ./Drivers/STM32F4xx_HAL_Driver/Src/stm32f4xx_hal_i2c.o
 .debug_line    0x00009f06      0xdea ./Drivers/STM32F4xx_HAL_Driver/Src/stm32f4xx_hal_rcc.o
 .debug_line    0x0000acf0     0x1459 ./Drivers/STM32F4xx_HAL_Driver/Src/stm32f4xx_hal_rcc_ex.o
 .debug_line    0x0000c149     0x37f9 ./Drivers/STM32F4xx_HAL_Driver/Src/stm32f4xx_hal_tim.o
 .debug_line    0x0000f942     0x1a4b ./Drivers/STM32F4xx_HAL_Driver/Src/stm32f4xx_hal_tim_ex.o
 .debug_line    0x0001138d     0x2927 ./Drivers/STM32F4xx_HAL_Driver/Src/stm32f4xx_hal_uart.o

.debug_str      0x00000000    0xd3779
 .debug_str     0x00000000    0xcfd92 ./Core/Src/main.o
                              0xd01b1 (size before relaxing)
 .debug_str     0x000cfd92       0x31 ./Core/Src/neo_pixel.o
                               0x784c (size before relaxing)
 .debug_str     0x000cfdc3       0xf5 ./Core/Src/stm32f4xx_hal_msp.o
                              0xcc54b (size before relaxing)
 .debug_str     0x000cfeb8      0x213 ./Core/Src/stm32f4xx_it.o
                              0xcbf23 (size before relaxing)
 .debug_str     0x000d00cb       0xdb ./Core/Src/system_stm32f4xx.o
                              0xcb169 (size before relaxing)
 .debug_str     0x000d01a6       0x44 ./Core/Startup/startup_stm32f446retx.o
                                 0x68 (size before relaxing)
 .debug_str     0x000d01ea      0x601 ./Drivers/STM32F4xx_HAL_Driver/Src/stm32f4xx_hal.o
                              0xcbd2e (size before relaxing)
 .debug_str     0x000d07eb      0x36b ./Drivers/STM32F4xx_HAL_Driver/Src/stm32f4xx_hal_cortex.o
                              0xcba85 (size before relaxing)
 .debug_str     0x000d0b56      0x2f4 ./Drivers/STM32F4xx_HAL_Driver/Src/stm32f4xx_hal_dma.o
                              0xcb55e (size before relaxing)
 .debug_str     0x000d0e4a       0xe8 ./Drivers/STM32F4xx_HAL_Driver/Src/stm32f4xx_hal_gpio.o
                              0xcb2e4 (size before relaxing)
 .debug_str     0x000d0f32      0xad5 ./Drivers/STM32F4xx_HAL_Driver/Src/stm32f4xx_hal_i2c.o
                              0xcc167 (size before relaxing)
 .debug_str     0x000d1a07      0x213 ./Drivers/STM32F4xx_HAL_Driver/Src/stm32f4xx_hal_rcc.o
                              0xcb5a2 (size before relaxing)
 .debug_str     0x000d1c1a      0x324 ./Drivers/STM32F4xx_HAL_Driver/Src/stm32f4xx_hal_rcc_ex.o
                              0xcb5d5 (size before relaxing)
 .debug_str     0x000d1f3e      0xdc6 ./Drivers/STM32F4xx_HAL_Driver/Src/stm32f4xx_hal_tim.o
                              0xcc4ce (size before relaxing)
 .debug_str     0x000d2d04      0x493 ./Drivers/STM32F4xx_HAL_Driver/Src/stm32f4xx_hal_tim_ex.o
                              0xcbcda (size before relaxing)
 .debug_str     0x000d3197      0x5e2 ./Drivers/STM32F4xx_HAL_Driver/Src/stm32f4xx_hal_uart.o
                              0xcbb59 (size before relaxing)

.comment        0x00000000       0x43
 .comment       0x00000000       0x43 ./Core/Src/main.o
                                 0x44 (size before relaxing)
 .comment       0x00000043       0x44 ./Core/Src/neo_pixel.o
 .comment       0x00000043       0x44 ./Core/Src/stm32f4xx_hal_msp.o
 .comment       0x00000043       0x44 ./Core/Src/stm32f4xx_it.o
 .comment       0x00000043       0x44 ./Core/Src/system_stm32f4xx.o
 .comment       0x00000043       0x44 ./Drivers/STM32F4xx_HAL_Driver/Src/stm32f4xx_hal.o
 .comment       0x00000043       0x44 ./Drivers/STM32F4xx_HAL_Driver/Src/stm32f4xx_hal_cortex.o
 .comment       0x00000043       0x44 ./Drivers/STM32F4xx_HAL_Driver/Src/stm32f4xx_hal_dma.o
 .comment       0x00000043       0x44 ./Drivers/STM32F4xx_HAL_Driver/Src/stm32f4xx_hal_gpio.o
 .comment       0x00000043       0x44 ./Drivers/STM32F4xx_HAL_Driver/Src/stm32f4xx_hal_i2c.o
 .comment       0x00000043       0x44 ./Drivers/STM32F4xx_HAL_Driver/Src/stm32f4xx_hal_rcc.o
 .comment       0x00000043       0x44 ./Drivers/STM32F4xx_HAL_Driver/Src/stm32f4xx_hal_rcc_ex.o
 .comment       0x00000043       0x44 ./Drivers/STM32F4xx_HAL_Driver/Src/stm32f4xx_hal_tim.o
 .comment       0x00000043       0x44 ./Drivers/STM32F4xx_HAL_Driver/Src/stm32f4xx_hal_tim_ex.o
 .comment       0x00000043       0x44 ./Drivers/STM32F4xx_HAL_Driver/Src/stm32f4xx_hal_uart.o

.debug_frame    0x00000000     0x45a8
 .debug_frame   0x00000000      0x2c8 ./Core/Src/main.o
 .debug_frame   0x000002c8       0xac ./Core/Src/neo_pixel.o
 .debug_frame   0x00000374      0x134 ./Core/Src/stm32f4xx_hal_msp.o
 .debug_frame   0x000004a8      0x238 ./Core/Src/stm32f4xx_it.o
 .debug_frame   0x000006e0       0x58 ./Core/Src/system_stm32f4xx.o
 .debug_frame   0x00000738      0x374 ./Drivers/STM32F4xx_HAL_Driver/Src/stm32f4xx_hal.o
 .debug_frame   0x00000aac      0x508 ./Drivers/STM32F4xx_HAL_Driver/Src/stm32f4xx_hal_cortex.o
 .debug_frame   0x00000fb4      0x250 ./Drivers/STM32F4xx_HAL_Driver/Src/stm32f4xx_hal_dma.o
 .debug_frame   0x00001204      0x14c ./Drivers/STM32F4xx_HAL_Driver/Src/stm32f4xx_hal_gpio.o
 .debug_frame   0x00001350      0xc84 ./Drivers/STM32F4xx_HAL_Driver/Src/stm32f4xx_hal_i2c.o
 .debug_frame   0x00001fd4      0x1f4 ./Drivers/STM32F4xx_HAL_Driver/Src/stm32f4xx_hal_rcc.o
 .debug_frame   0x000021c8      0x1e8 ./Drivers/STM32F4xx_HAL_Driver/Src/stm32f4xx_hal_rcc_ex.o
 .debug_frame   0x000023b0     0x11c0 ./Drivers/STM32F4xx_HAL_Driver/Src/stm32f4xx_hal_tim.o
 .debug_frame   0x00003570      0x638 ./Drivers/STM32F4xx_HAL_Driver/Src/stm32f4xx_hal_tim_ex.o
 .debug_frame   0x00003ba8      0x954 ./Drivers/STM32F4xx_HAL_Driver/Src/stm32f4xx_hal_uart.o
 .debug_frame   0x000044fc       0x20 D:/Programas/Nucleo/STM32CubeIDE/plugins/com.st.stm32cube.ide.mcu.externaltools.gnu-tools-for-stm32.12.3.rel1.win32_1.0.200.202406191623/tools/bin/../lib/gcc/arm-none-eabi/12.3.1/../../../../arm-none-eabi/lib/thumb/v7e-m+fp/hard\libc_nano.a(libc_a-memset.o)
 .debug_frame   0x0000451c       0x2c D:/Programas/Nucleo/STM32CubeIDE/plugins/com.st.stm32cube.ide.mcu.externaltools.gnu-tools-for-stm32.12.3.rel1.win32_1.0.200.202406191623/tools/bin/../lib/gcc/arm-none-eabi/12.3.1/../../../../arm-none-eabi/lib/thumb/v7e-m+fp/hard\libc_nano.a(libc_a-init.o)
 .debug_frame   0x00004548       0x2c D:/Programas/Nucleo/STM32CubeIDE/plugins/com.st.stm32cube.ide.mcu.externaltools.gnu-tools-for-stm32.12.3.rel1.win32_1.0.200.202406191623/tools/bin/../lib/gcc/arm-none-eabi/12.3.1/thumb/v7e-m+fp/hard\libgcc.a(_aeabi_uldivmod.o)
 .debug_frame   0x00004574       0x34 D:/Programas/Nucleo/STM32CubeIDE/plugins/com.st.stm32cube.ide.mcu.externaltools.gnu-tools-for-stm32.12.3.rel1.win32_1.0.200.202406191623/tools/bin/../lib/gcc/arm-none-eabi/12.3.1/thumb/v7e-m+fp/hard\libgcc.a(_udivmoddi4.o)

.debug_line_str
                0x00000000       0x4c
 .debug_line_str
                0x00000000       0x4c ./Core/Startup/startup_stm32f446retx.o
