../Core/Src/main.c:82:6:delay	16	static
../Core/Src/main.c:102:5:main	16	static
../Core/Src/main.c:162:6:SystemClock_Config	88	static
../Core/Src/main.c:210:13:MX_TIM1_Init	32	static
../Core/Src/main.c:256:13:MX_UART5_Init	8	static
../Core/Src/main.c:289:13:MX_USART2_UART_Init	8	static
../Core/Src/main.c:322:13:MX_GPIO_Init	48	static
../Core/Src/main.c:376:5:State_Dis	24	static
../Core/Src/main.c:384:5:State_Cars	24	static
../Core/Src/main.c:558:6:HAL_UART_RxCpltCallback	16	static
../Core/Src/main.c:580:6:Error_Handler	4	static,ignoring_inline_asm
